###############################################################################
#
# IAR ELF Linker V9.50.1.380/W64 for ARM                  12/Aug/2024  11:37:54
# Copyright 2007-2023 IAR Systems AB.
#
#    Output file  =
#        C:\Work\Manchester_Master\Firmware\EWARM_9\LOOCH_601_03\Exe\Manch.out
#    Map file     =
#        C:\Work\Manchester_Master\Firmware\EWARM_9\LOOCH_601_03\List\Manch.map
#    Command line =
#        -f
#        C:\Work\Manchester_Master\Firmware\EWARM_9\LOOCH_601_03\Exe\Manch.out.rsp
#        (C:\Work\Manchester_Master\Firmware\EWARM_9\LOOCH_601_03\Obj\BuildInfo.o
#        C:\Work\Manchester_Master\Firmware\EWARM_9\LOOCH_601_03\Obj\Utils_12244397825598072145.dir\ByteQueue.o
#        C:\Work\Manchester_Master\Firmware\EWARM_9\LOOCH_601_03\Obj\PlatformCommon_15490815145210017466.dir\Common_dac.o
#        C:\Work\Manchester_Master\Firmware\EWARM_9\LOOCH_601_03\Obj\PlatformCommon_15490815145210017466.dir\common_gpio.o
#        C:\Work\Manchester_Master\Firmware\EWARM_9\LOOCH_601_03\Obj\PlatformCommon_15490815145210017466.dir\common_rcc.o
#        C:\Work\Manchester_Master\Firmware\EWARM_9\LOOCH_601_03\Obj\PlatformCommon_15490815145210017466.dir\Common_tim.o
#        C:\Work\Manchester_Master\Firmware\EWARM_9\LOOCH_601_03\Obj\PlatformCommon_15490815145210017466.dir\common_uart.o
#        C:\Work\Manchester_Master\Firmware\EWARM_9\LOOCH_601_03\Obj\FreeRTOS_4809373609813369194.dir\event_groups.o
#        C:\Work\Manchester_Master\Firmware\EWARM_9\LOOCH_601_03\Obj\Heap_10681622352241717.dir\heap_4.o
#        C:\Work\Manchester_Master\Firmware\EWARM_9\LOOCH_601_03\Obj\FreeRTOS_4809373609813369194.dir\list.o
#        C:\Work\Manchester_Master\Firmware\EWARM_9\LOOCH_601_03\Obj\Application_4454359601498626787.dir\main.o
#        C:\Work\Manchester_Master\Firmware\EWARM_9\LOOCH_601_03\Obj\Application_4454359601498626787.dir\Manchester.o
#        C:\Work\Manchester_Master\Firmware\EWARM_9\LOOCH_601_03\Obj\Utils_12244397825598072145.dir\MathUtils.o
#        C:\Work\Manchester_Master\Firmware\EWARM_9\LOOCH_601_03\Obj\CortexM4-F_9125968611666436719.dir\port.o
#        C:\Work\Manchester_Master\Firmware\EWARM_9\LOOCH_601_03\Obj\CortexM4-F_9125968611666436719.dir\portasm.o
#        C:\Work\Manchester_Master\Firmware\EWARM_9\LOOCH_601_03\Obj\FreeRTOS_4809373609813369194.dir\queue.o
#        C:\Work\Manchester_Master\Firmware\EWARM_9\LOOCH_601_03\Obj\Utils_12244397825598072145.dir\RebootUtils.o
#        C:\Work\Manchester_Master\Firmware\EWARM_9\LOOCH_601_03\Obj\SKLP_14977183932441849263.dir\SKLP_MS_Transport.o
#        C:\Work\Manchester_Master\Firmware\EWARM_9\LOOCH_601_03\Obj\Application_4454359601498626787.dir\SKLP_MS_TransportLocal_354_10.o
#        C:\Work\Manchester_Master\Firmware\EWARM_9\LOOCH_601_03\Obj\SKLP_14977183932441849263.dir\SKLP_Service.o
#        C:\Work\Manchester_Master\Firmware\EWARM_9\LOOCH_601_03\Obj\SKLP_14977183932441849263.dir\SKLP_ServiceDefault.o
#        C:\Work\Manchester_Master\Firmware\EWARM_9\LOOCH_601_03\Obj\SKLP_14977183932441849263.dir\SKLP_Time.o
#        C:\Work\Manchester_Master\Firmware\EWARM_9\LOOCH_601_03\Obj\CMSIS_6603591812247902717.dir\startup_stm32l433xx.o
#        C:\Work\Manchester_Master\Firmware\EWARM_9\LOOCH_601_03\Obj\STM32L4xx_HAL_Used_3303305655103772160.dir\stm32l4xx_hal.o
#        C:\Work\Manchester_Master\Firmware\EWARM_9\LOOCH_601_03\Obj\STM32L4xx_HAL_Used_3303305655103772160.dir\stm32l4xx_hal_adc.o
#        C:\Work\Manchester_Master\Firmware\EWARM_9\LOOCH_601_03\Obj\STM32L4xx_HAL_Used_3303305655103772160.dir\stm32l4xx_hal_adc_ex.o
#        C:\Work\Manchester_Master\Firmware\EWARM_9\LOOCH_601_03\Obj\STM32L4xx_HAL_Used_3303305655103772160.dir\stm32l4xx_hal_comp.o
#        C:\Work\Manchester_Master\Firmware\EWARM_9\LOOCH_601_03\Obj\STM32L4xx_HAL_Used_3303305655103772160.dir\stm32l4xx_hal_cortex.o
#        C:\Work\Manchester_Master\Firmware\EWARM_9\LOOCH_601_03\Obj\STM32L4xx_HAL_Used_3303305655103772160.dir\stm32l4xx_hal_dac.o
#        C:\Work\Manchester_Master\Firmware\EWARM_9\LOOCH_601_03\Obj\STM32L4xx_HAL_Used_3303305655103772160.dir\stm32l4xx_hal_dac_ex.o
#        C:\Work\Manchester_Master\Firmware\EWARM_9\LOOCH_601_03\Obj\STM32L4xx_HAL_Used_3303305655103772160.dir\stm32l4xx_hal_dma.o
#        C:\Work\Manchester_Master\Firmware\EWARM_9\LOOCH_601_03\Obj\STM32L4xx_HAL_Used_3303305655103772160.dir\stm32l4xx_hal_dma_ex.o
#        C:\Work\Manchester_Master\Firmware\EWARM_9\LOOCH_601_03\Obj\STM32L4xx_HAL_Used_3303305655103772160.dir\stm32l4xx_hal_exti.o
#        C:\Work\Manchester_Master\Firmware\EWARM_9\LOOCH_601_03\Obj\STM32L4xx_HAL_Used_3303305655103772160.dir\stm32l4xx_hal_flash.o
#        C:\Work\Manchester_Master\Firmware\EWARM_9\LOOCH_601_03\Obj\STM32L4xx_HAL_Used_3303305655103772160.dir\stm32l4xx_hal_flash_ex.o
#        C:\Work\Manchester_Master\Firmware\EWARM_9\LOOCH_601_03\Obj\STM32L4xx_HAL_Used_3303305655103772160.dir\stm32l4xx_hal_gpio.o
#        C:\Work\Manchester_Master\Firmware\EWARM_9\LOOCH_601_03\Obj\STM32L4xx_HAL_Used_3303305655103772160.dir\stm32l4xx_hal_iwdg.o
#        C:\Work\Manchester_Master\Firmware\EWARM_9\LOOCH_601_03\Obj\STM32L4xx_HAL_Used_3303305655103772160.dir\stm32l4xx_hal_opamp.o
#        C:\Work\Manchester_Master\Firmware\EWARM_9\LOOCH_601_03\Obj\STM32L4xx_HAL_Used_3303305655103772160.dir\stm32l4xx_hal_opamp_ex.o
#        C:\Work\Manchester_Master\Firmware\EWARM_9\LOOCH_601_03\Obj\STM32L4xx_HAL_Used_3303305655103772160.dir\stm32l4xx_hal_pwr.o
#        C:\Work\Manchester_Master\Firmware\EWARM_9\LOOCH_601_03\Obj\STM32L4xx_HAL_Used_3303305655103772160.dir\stm32l4xx_hal_pwr_ex.o
#        C:\Work\Manchester_Master\Firmware\EWARM_9\LOOCH_601_03\Obj\STM32L4xx_HAL_Used_3303305655103772160.dir\stm32l4xx_hal_rcc.o
#        C:\Work\Manchester_Master\Firmware\EWARM_9\LOOCH_601_03\Obj\STM32L4xx_HAL_Used_3303305655103772160.dir\stm32l4xx_hal_rcc_ex.o
#        C:\Work\Manchester_Master\Firmware\EWARM_9\LOOCH_601_03\Obj\STM32L4xx_HAL_Used_3303305655103772160.dir\stm32l4xx_hal_spi.o
#        C:\Work\Manchester_Master\Firmware\EWARM_9\LOOCH_601_03\Obj\STM32L4xx_HAL_Used_3303305655103772160.dir\stm32l4xx_hal_spi_ex.o
#        C:\Work\Manchester_Master\Firmware\EWARM_9\LOOCH_601_03\Obj\STM32L4xx_HAL_Used_3303305655103772160.dir\stm32l4xx_hal_tim.o
#        C:\Work\Manchester_Master\Firmware\EWARM_9\LOOCH_601_03\Obj\STM32L4xx_HAL_Used_3303305655103772160.dir\stm32l4xx_hal_tim_ex.o
#        C:\Work\Manchester_Master\Firmware\EWARM_9\LOOCH_601_03\Obj\STM32L4xx_HAL_Used_3303305655103772160.dir\stm32l4xx_hal_uart.o
#        C:\Work\Manchester_Master\Firmware\EWARM_9\LOOCH_601_03\Obj\STM32L4xx_HAL_Used_3303305655103772160.dir\stm32l4xx_hal_uart_ex.o
#        C:\Work\Manchester_Master\Firmware\EWARM_9\LOOCH_601_03\Obj\STM32L4xx_HAL_Used_3303305655103772160.dir\stm32l4xx_ll_adc.o
#        C:\Work\Manchester_Master\Firmware\EWARM_9\LOOCH_601_03\Obj\PlatformCommon_15490815145210017466.dir\Stm32xxxx_hal_uart_ext.o
#        C:\Work\Manchester_Master\Firmware\EWARM_9\LOOCH_601_03\Obj\STM32L4xx_5654020855996028257.dir\system_stm32l4xx.o
#        C:\Work\Manchester_Master\Firmware\EWARM_9\LOOCH_601_03\Obj\FreeRTOS_4809373609813369194.dir\tasks.o
#        C:\Work\Manchester_Master\Firmware\EWARM_9\LOOCH_601_03\Obj\FreeRTOS_4809373609813369194.dir\timers.o
#        C:\Work\Manchester_Master\Firmware\EWARM_9\LOOCH_601_03\Obj\Utils_12244397825598072145.dir\Utils.o
#        --no_out_extension -o
#        C:\Work\Manchester_Master\Firmware\EWARM_9\LOOCH_601_03\Exe\Manch.out
#        --map
#        C:\Work\Manchester_Master\Firmware\EWARM_9\LOOCH_601_03\List\Manch.map
#        --config "C:\Program Files\IAR Systems\Embedded Workbench
#        9.2\arm/config/linker/ST/stm32l433xC.icf" --semihosting --entry
#        __iar_program_start --vfe --text_out locale --cpu=Cortex-M4
#        --fpu=VFPv4_sp) --dependencies=n
#        C:\Work\Manchester_Master\Firmware\EWARM_9\LOOCH_601_03\Exe\Manch.out.iar_deps
#
###############################################################################

*******************************************************************************
*** RUNTIME MODEL ATTRIBUTES
***

CppFlavor       = *
__CPP_Runtime   = 1
__SystemLibrary = DLib
__dlib_version  = 6


*******************************************************************************
*** HEAP SELECTION
***

The basic heap was selected because --advanced_heap
was not specified and the application did not appear to
be primarily optimized for speed.


*******************************************************************************
*** PLACEMENT SUMMARY
***

"A0":  place at address 0x800'0000 { ro section .intvec };
"P1":  place in [from 0x0 to 0x0] |
                [from 0x800'0000 to 0x803'ffff] { ro };
define block CSTACK with size = 8K, alignment = 8 { };
define block PROC_STACK with size = 0, alignment = 8 { };
define block HEAP with size = 8K, alignment = 8 { };
"P3":  place in [from 0x2000'0000 to 0x2000'bfff] {
          rw, block CSTACK, block PROC_STACK, block HEAP };
initialize by copy { rw };

No sections matched the following patterns:

  ro section application_specific_ro  in "P2|P5"
  rw section application_specific_rw  in "P2|P5"
  section .textrw                     in "P4"


  Section            Kind         Address  Aligment    Size  Object
  -------            ----         -------  --------    ----  ------
"A0":                                                 0x18c
  .intvec            ro code   0x800'0000         4   0x18c  startup_stm32l433xx.o [3]
                             - 0x800'018c             0x18c

"P1":                                                0xda08
  .text              ro code   0x800'018c         4  0x1078  stm32l4xx_hal_tim.o [10]
  .text              ro code   0x800'1204         4   0x168  main.o [2]
  .text              ro code   0x800'136c         4   0x194  Common_tim.o [7]
  .text              ro code   0x800'1500         4   0x8be  SKLP_MS_TransportLocal_354_10.o [2]
  .text              ro code   0x800'1dbe         2     0x2  stm32l4xx_hal_tim.o [10]
  .text              ro code   0x800'1dc0         2     0x2  stm32l4xx_hal_tim_ex.o [10]
  .text              ro code   0x800'1dc2         2     0x2  stm32l4xx_hal_tim_ex.o [10]
  .text              ro code   0x800'1dc4         2     0x2  stm32l4xx_hal_tim.o [10]
  .text              ro code   0x800'1dc6         2     0x2  stm32l4xx_hal_tim_ex.o [10]
  .text              ro code   0x800'1dc8         4   0x538  RebootUtils.o [11]
  .text              ro code   0x800'2300         4   0x1b4  common_rcc.o [7]
  .text              ro code   0x800'24b4         4   0x1a0  common_gpio.o [7]
  .text              ro code   0x800'2654         4   0x29c  event_groups.o [5]
  .text              ro code   0x800'28f0         4   0xb60  tasks.o [5]
  .text              ro code   0x800'3450         4    0x18  stm32l4xx_hal.o [10]
  .text              ro code   0x800'3468         4   0x228  stm32l4xx_hal_cortex.o [10]
  .text              ro code   0x800'3690         4   0x228  port.o [4]
  .text              ro code   0x800'38b8         4   0x4d8  timers.o [5]
  .text              ro code   0x800'3d90         4    0x88  stm32l4xx_hal_pwr.o [10]
  .text              ro code   0x800'3e18         4   0xde8  stm32l4xx_hal_rcc.o [10]
  .text              ro code   0x800'4c00         4   0xa9c  SKLP_MS_Transport.o [8]
  .text              ro code   0x800'569c         4    0x54  SKLP_MS_TransportLocal_354_10.o [2]
  .text              ro code   0x800'56f0         4   0xb66  Stm32xxxx_hal_uart_ext.o [7]
  .text              ro code   0x800'6256         2    0x2a  copy_init3.o [14]
  .text              ro code   0x800'6280         4    0xa6  ABImemcpy.o [14]
  .text              ro code   0x800'6326         2    0x1e  xsscin.o [12]
  .text              ro code   0x800'6344         4   0x1f8  SKLP_Service.o [8]
  .text              ro code   0x800'653c         4   0x6c0  queue.o [5]
  .text              ro code   0x800'6bfc         4    0x66  ABImemset.o [14]
  .text              ro code   0x800'6c62         2    0x1a  xsnprout.o [12]
  .text              ro code   0x800'6c7c         4   0x444  stm32l4xx_hal_gpio.o [10]
  .text              ro code   0x800'70c0         4   0x45e  stm32l4xx_hal_tim_ex.o [10]
  .rodata            const     0x800'751e         2     0x2  xlocale_c.o [12]
  .text              ro code   0x800'7520         4   0x324  Manchester.o [2]
  .text              ro code   0x800'7844         4    0x3c  Utils.o [11]
  .text              ro code   0x800'7880         4    0xe6  stm32l4xx_hal_iwdg.o [10]
  .rodata            const     0x800'7966         2     0x2  xlocale_c.o [12]
  .text              ro code   0x800'7968         4   0x160  system_stm32l4xx.o [9]
  .text              ro code   0x800'7ac8         4    0x24  stm32l4xx_hal.o [10]
  .text              ro code   0x800'7aec         4    0x44  snprintf.o [12]
  .text              ro code   0x800'7b30         4   0x110  SKLP_Time.o [8]
  .text              ro code   0x800'7c40         4    0x70  strncpy.o [14]
  .text              ro code   0x800'7cb0         4    0x54  common_gpio.o [7]
  .text              ro code   0x800'7d04         4    0x5c  common_gpio.o [7]
  .text              ro code   0x800'7d60         4   0x28c  heap_4.o [6]
  .text              ro code   0x800'7fec         2    0x9a  list.o [5]
  .text              ro code   0x800'8086         2     0x2  stm32l4xx_hal_cortex.o [10]
  .text              ro code   0x800'8088         4    0x34  port.o [4]
  CODE               ro code   0x800'80bc         4    0xb0  portasm.o [4]
  .text              ro code   0x800'816c         4    0x60  stm32l4xx_hal_pwr_ex.o [10]
  .text              ro code   0x800'81cc         4    0x60  stm32l4xx_hal.o [10]
  .text              ro code   0x800'822c         4     0xc  stm32l4xx_hal.o [10]
  .text              ro code   0x800'8238         2    0x1a  ByteQueue.o [11]
  .text              ro code   0x800'8252         2    0x22  ByteQueue.o [11]
  .text              ro code   0x800'8274         2   0x126  ByteQueue.o [11]
  .text              ro code   0x800'839a         2    0x16  SKLP_MS_Transport.o [8]
  .text              ro code   0x800'83b0         4   0x910  stm32l4xx_hal_uart.o [10]
  .text              ro code   0x800'8cc0         4   0x4d4  stm32l4xx_hal_dma.o [10]
  .text              ro code   0x800'9194         2     0xa  Stm32xxxx_hal_uart_ext.o [7]
  .text              ro code   0x800'919e         2     0x2  stm32l4xx_hal_uart.o [10]
  .text              ro code   0x800'91a0         2     0x2  stm32l4xx_hal_uart.o [10]
  .text              ro code   0x800'91a2         2    0x14  Stm32xxxx_hal_uart_ext.o [7]
  .rodata            const     0x800'91b6               0x1  xlocale_c.o [12]
  .rodata            const     0x800'91b7               0x1  xlocale_c.o [12]
  .text              ro code   0x800'91b8         4    0x28  sscanf.o [12]
  .text              ro code   0x800'91e0         2     0x6  SKLP_Service.o [8]
  .text              ro code   0x800'91e6         2     0x2  stm32l4xx_hal.o [10]
  .text              ro code   0x800'91e8         4   0xd12  xprintflarge_nomb.o [12]
  .rodata            const     0x800'9efa               0x1  xlocale_c.o [12]
  .text              ro code   0x800'9efc         4    0xe0  mktime64.o [12]
  .text              ro code   0x800'9fdc         2     0xe  ctime64.o [12]
  .text              ro code   0x800'9fec         4    0x36  strlen.o [14]
  .text              ro code   0x800'a022         2    0x16  ByteQueue.o [11]
  .text              ro code   0x800'a038         4   0x3d4  common_uart.o [7]
  .text              ro code   0x800'a40c         4   0x274  I64DivMod.o [14]
  .text              ro code   0x800'a680         2    0x24  Stm32xxxx_hal_uart_ext.o [7]
  .text              ro code   0x800'a6a4         4   0x644  xscanfsmall_nomb.o [12]
  .text              ro code   0x800'ace8         4    0x16  strchr.o [14]
  .text              ro code   0x800'ad00         4    0x40  xfail_s.o [12]
  .text              ro code   0x800'ad40         4    0x58  memchr.o [14]
  .text              ro code   0x800'ad98         4    0x70  frexp.o [13]
  .text              ro code   0x800'ae08         4   0x246  DblDiv.o [13]
  .text              ro code   0x800'b050         4    0x22  DblToU32.o [13]
  .text              ro code   0x800'b074         4    0x1c  U32ToDbl.o [13]
  .text              ro code   0x800'b090         4   0x24e  DblAddSub.o [13]
  .text              ro code   0x800'b2e0         4   0x1aa  DblMul.o [13]
  .text              ro code   0x800'b48c         4    0xc8  xlocale_c.o [12]
  .text              ro code   0x800'b554         4    0xcc  xDaysTo64.o [12]
  .text              ro code   0x800'b620         4   0x15c  xttotm64.o [12]
  .text              ro code   0x800'b77c         2     0x4  xTzoff_nop.o [12]
  .text              ro code   0x800'b780         2    0x20  localtim64.o [12]
  .text              ro code   0x800'b7a0         4    0x28  asctime.o [12]
  .text              ro code   0x800'b7c8         2    0x18  ByteQueue.o [11]
  .text              ro code   0x800'b7e0         4     0x2  I64DivZer.o [14]
  .text              ro code   0x800'b7e2         2    0x14  isspace.o [12]
  .text              ro code   0x800'b7f8         4   0x14e  iar_Stoulx.o [12]
  .text              ro code   0x800'b946         2    0x90  iar_Stolx.o [12]
  .text              ro code   0x800'b9d6         2     0x6  abort.o [12]
  .text              ro code   0x800'b9dc         2     0x6  xisdst_nop64.o [12]
  .text              ro code   0x800'b9e2         2   0x112  xstrftim.o [12]
  .text              ro code   0x800'baf4         2    0x14  tolower.o [12]
  .text              ro code   0x800'bb08         4    0x14  exit.o [15]
  .text              ro code   0x800'bb1c         4   0x836  xgentime.o [12]
  .text              ro code   0x800'c352         2    0x40  xgettime.o [12]
  .text              ro code   0x800'c392         2     0x4  getzone_nop.o [12]
  .rodata            const     0x800'c398         4   0x100  Utils.o [11]
  .text              ro code   0x800'c498         4    0xa0  SKLP_ServiceDefault.o [8]
  .text              ro code   0x800'c538         2     0x8  SKLP_ServiceDefault.o [8]
  .rodata            const     0x800'c540         4    0x88  xlocale_c.o [12]
  .text              ro code   0x800'c5c8         4    0x80  SKLP_ServiceDefault.o [8]
  .text              ro code   0x800'c648         4    0x28  SKLP_ServiceDefault.o [8]
  .rodata            const     0x800'c670         4    0x68  RebootUtils.o [11]
  .text              ro code   0x800'c6d8         4    0x60  SKLP_ServiceDefault.o [8]
  .text              ro code   0x800'c738         4    0x60  SKLP_ServiceDefault.o [8]
  .rodata            const     0x800'c798         4    0x5c  SKLP_Service.o [8]
  .rodata            const     0x800'c7f4         4    0x58  xlocale_c.o [12]
  .rodata            const     0x800'c84c         4    0x50  iar_Stoulx.o [12]
  .text              ro code   0x800'c89c         4    0x50  SKLP_ServiceDefault.o [8]
  .rodata            const     0x800'c8ec         4    0x4c  xlocale_c.o [12]
  .text              ro code   0x800'c938         4    0x44  SKLP_ServiceDefault.o [8]
  .rodata            const     0x800'c97c         4    0x3c  common_gpio.o [7]
  .text              ro code   0x800'c9b8         4    0x38  SKLP_ServiceDefault.o [8]
  .text              ro code   0x800'c9f0         2    0x38  zero_init3.o [14]
  .rodata            const     0x800'ca28         4    0x34  SKLP_MS_Transport.o [8]
  .rodata            const     0x800'ca5c         4    0x30  system_stm32l4xx.o [9]
  .rodata            const     0x800'ca8c         4    0x30  xlocale_c.o [12]
  .text              ro code   0x800'cabc         4    0x2a  data_init.o [14]
  .rodata            const     0x800'cae8         4    0x28  SKLP_ServiceDefault.o [8]
  .rodata            const     0x800'cb10         4    0x28  stm32l4xx_hal_tim_ex.o [10]
  .rodata            const     0x800'cb38         4    0x24  RebootUtils.o [11]
  .rodata            const     0x800'cb5c         4    0x24  tasks.o [5]
  .rodata            const     0x800'cb80         4    0x24  xscanfsmall_nomb.o [12]
  .text              ro code   0x800'cba4         4    0x22  fpinit_M.o [13]
  .iar.init_table    const     0x800'cbc8         4    0x24  - Linker created -
  .rodata            const     0x800'cbec         4    0x20  main.o [2]
  .rodata            const     0x800'cc0c         4    0x20  main.o [2]
  .rodata            const     0x800'cc2c         4    0x20  main.o [2]
  .rodata            const     0x800'cc4c         4    0x20  main.o [2]
  .rodata            const     0x800'cc6c         4    0x20  port.o [4]
  .rodata            const     0x800'cc8c         4    0x20  RebootUtils.o [11]
  .rodata            const     0x800'ccac         4    0x20  SKLP_MS_TransportLocal_354_10.o [2]
  .rodata            const     0x800'cccc         4    0x20  SKLP_ServiceDefault.o [8]
  .rodata            const     0x800'ccec         4    0x20  stm32l4xx_hal_cortex.o [10]
  .rodata            const     0x800'cd0c         4    0x20  stm32l4xx_hal_tim_ex.o [10]
  .rodata            const     0x800'cd2c         4    0x20  Stm32xxxx_hal_uart_ext.o [7]
  .rodata            const     0x800'cd4c         4    0x20  Stm32xxxx_hal_uart_ext.o [7]
  .rodata            const     0x800'cd6c         4    0x20  Stm32xxxx_hal_uart_ext.o [7]
  .rodata            const     0x800'cd8c         4    0x20  Stm32xxxx_hal_uart_ext.o [7]
  .rodata            const     0x800'cdac         4    0x20  tasks.o [5]
  .rodata            const     0x800'cdcc         4    0x20  tasks.o [5]
  .rodata            const     0x800'cdec         4    0x20  timers.o [5]
  .text              ro code   0x800'ce0c         4    0x1e  cmain.o [14]
  .text              ro code   0x800'ce2a         2     0x4  low_level_init.o [12]
  .text              ro code   0x800'ce2e         2     0x4  exit.o [12]
  .text              ro code   0x800'ce34         4     0xa  cexit.o [14]
  .rodata            const     0x800'ce40         4    0x1c  common_gpio.o [7]
  .rodata            const     0x800'ce5c         4    0x1c  queue.o [5]
  .rodata            const     0x800'ce78         4    0x1c  SKLP_MS_Transport.o [8]
  .rodata            const     0x800'ce94         4    0x1c  SKLP_MS_TransportLocal_354_10.o [2]
  .rodata            const     0x800'ceb0         4    0x1c  SKLP_MS_TransportLocal_354_10.o [2]
  .rodata            const     0x800'cecc         4    0x1c  SKLP_Service.o [8]
  .rodata            const     0x800'cee8         4    0x1c  stm32l4xx_hal_cortex.o [10]
  .rodata            const     0x800'cf04         4    0x1c  stm32l4xx_hal_tim.o [10]
  .rodata            const     0x800'cf20         4    0x1c  stm32l4xx_hal_tim.o [10]
  .rodata            const     0x800'cf3c         4    0x1c  Stm32xxxx_hal_uart_ext.o [7]
  .rodata            const     0x800'cf58         4    0x1c  Stm32xxxx_hal_uart_ext.o [7]
  .rodata            const     0x800'cf74         4    0x1c  Stm32xxxx_hal_uart_ext.o [7]
  .rodata            const     0x800'cf90         4    0x1c  Stm32xxxx_hal_uart_ext.o [7]
  .rodata            const     0x800'cfac         4    0x1c  Stm32xxxx_hal_uart_ext.o [7]
  .rodata            const     0x800'cfc8         4    0x1c  tasks.o [5]
  .rodata            const     0x800'cfe4         4    0x1c  timers.o [5]
  .text              ro code   0x800'd000         4    0x1c  cstartup_M.o [14]
  .rodata            const     0x800'd01c         4    0x18  BuildInfo.o [1]
  .rodata            const     0x800'd034         4    0x18  event_groups.o [5]
  .rodata            const     0x800'd04c         4    0x18  RebootUtils.o [11]
  .rodata            const     0x800'd064         4    0x18  SKLP_MS_Transport.o [8]
  .rodata            const     0x800'd07c         4    0x18  SKLP_MS_TransportLocal_354_10.o [2]
  .rodata            const     0x800'd094         4    0x18  SKLP_ServiceDefault.o [8]
  .rodata            const     0x800'd0ac         4    0x18  stm32l4xx_hal_cortex.o [10]
  .rodata            const     0x800'd0c4         4    0x18  stm32l4xx_hal_cortex.o [10]
  .rodata            const     0x800'd0dc         4    0x18  stm32l4xx_hal_gpio.o [10]
  .rodata            const     0x800'd0f4         4    0x18  stm32l4xx_hal_iwdg.o [10]
  .rodata            const     0x800'd10c         4    0x18  stm32l4xx_hal_pwr.o [10]
  .rodata            const     0x800'd124         4    0x18  stm32l4xx_hal_rcc.o [10]
  .rodata            const     0x800'd13c         4    0x18  stm32l4xx_hal_tim.o [10]
  .rodata            const     0x800'd154         4    0x18  stm32l4xx_hal_tim_ex.o [10]
  .rodata            const     0x800'd16c         4    0x18  stm32l4xx_hal_tim_ex.o [10]
  .rodata            const     0x800'd184         4    0x18  stm32l4xx_hal_uart.o [10]
  .rodata            const     0x800'd19c         4    0x18  stm32l4xx_hal_uart.o [10]
  .rodata            const     0x800'd1b4         4    0x18  Stm32xxxx_hal_uart_ext.o [7]
  .rodata            const     0x800'd1cc         4    0x18  Stm32xxxx_hal_uart_ext.o [7]
  .rodata            const     0x800'd1e4         4    0x18  tasks.o [5]
  .rodata            const     0x800'd1fc         4    0x18  tasks.o [5]
  .rodata            const     0x800'd214         4    0x18  tasks.o [5]
  .rodata            const     0x800'd22c         4    0x18  tasks.o [5]
  .rodata            const     0x800'd244         4    0x18  tasks.o [5]
  .rodata            const     0x800'd25c         4    0x18  timers.o [5]
  .rodata            const     0x800'd274         4    0x18  timers.o [5]
  .rodata            const     0x800'd28c         4    0x18  timers.o [5]
  .rodata            const     0x800'd2a4         4    0x14  common_gpio.o [7]
  .rodata            const     0x800'd2b8         4    0x14  common_rcc.o [7]
  .rodata            const     0x800'd2cc         4    0x14  common_uart.o [7]
  .rodata            const     0x800'd2e0         4    0x14  event_groups.o [5]
  .rodata            const     0x800'd2f4         4    0x14  event_groups.o [5]
  .rodata            const     0x800'd308         4    0x14  port.o [4]
  .rodata            const     0x800'd31c         4    0x14  port.o [4]
  .rodata            const     0x800'd330         4    0x14  port.o [4]
  .rodata            const     0x800'd344         4    0x14  port.o [4]
  .rodata            const     0x800'd358         4    0x14  queue.o [5]
  .rodata            const     0x800'd36c         4    0x14  queue.o [5]
  .rodata            const     0x800'd380         4    0x14  queue.o [5]
  .rodata            const     0x800'd394         4    0x14  RebootUtils.o [11]
  .rodata            const     0x800'd3a8         4    0x14  RebootUtils.o [11]
  .rodata            const     0x800'd3bc         4    0x14  RebootUtils.o [11]
  .rodata            const     0x800'd3d0         4    0x14  RebootUtils.o [11]
  .rodata            const     0x800'd3e4         4    0x14  SKLP_MS_Transport.o [8]
  .rodata            const     0x800'd3f8         4    0x14  SKLP_MS_Transport.o [8]
  .rodata            const     0x800'd40c         4    0x14  SKLP_MS_Transport.o [8]
  .rodata            const     0x800'd420         4    0x14  SKLP_Service.o [8]
  .rodata            const     0x800'd434         4    0x14  SKLP_Time.o [8]
  .rodata            const     0x800'd448         4    0x14  stm32l4xx_hal_cortex.o [10]
  .rodata            const     0x800'd45c         4    0x14  stm32l4xx_hal_dma.o [10]
  .rodata            const     0x800'd470         4    0x14  stm32l4xx_hal_dma.o [10]
  .rodata            const     0x800'd484         4    0x14  stm32l4xx_hal_gpio.o [10]
  .rodata            const     0x800'd498         4    0x14  stm32l4xx_hal_gpio.o [10]
  .rodata            const     0x800'd4ac         4    0x14  stm32l4xx_hal_pwr.o [10]
  .rodata            const     0x800'd4c0         4    0x14  stm32l4xx_hal_rcc.o [10]
  .rodata            const     0x800'd4d4         4    0x14  stm32l4xx_hal_rcc.o [10]
  .rodata            const     0x800'd4e8         4    0x14  stm32l4xx_hal_rcc.o [10]
  .rodata            const     0x800'd4fc         4    0x14  stm32l4xx_hal_tim.o [10]
  .rodata            const     0x800'd510         4    0x14  stm32l4xx_hal_tim.o [10]
  .rodata            const     0x800'd524         4    0x14  stm32l4xx_hal_tim.o [10]
  .rodata            const     0x800'd538         4    0x14  stm32l4xx_hal_tim.o [10]
  .rodata            const     0x800'd54c         4    0x14  stm32l4xx_hal_tim.o [10]
  .rodata            const     0x800'd560         4    0x14  stm32l4xx_hal_tim.o [10]
  .rodata            const     0x800'd574         4    0x14  stm32l4xx_hal_tim.o [10]
  .rodata            const     0x800'd588         4    0x14  Stm32xxxx_hal_uart_ext.o [7]
  .rodata            const     0x800'd59c         4    0x14  Stm32xxxx_hal_uart_ext.o [7]
  .rodata            const     0x800'd5b0         4    0x14  tasks.o [5]
  .rodata            const     0x800'd5c4         4    0x14  tasks.o [5]
  .rodata            const     0x800'd5d8         4    0x14  tasks.o [5]
  .rodata            const     0x800'd5ec         4    0x14  timers.o [5]
  .rodata            const     0x800'd600         4    0x14  timers.o [5]
  .text              ro code   0x800'd614         2    0x14  xencoding_8859_1.o [12]
  .rodata            const     0x800'd628         4    0x10  common_gpio.o [7]
  .rodata            const     0x800'd638         4    0x10  common_gpio.o [7]
  .rodata            const     0x800'd648         4    0x10  common_rcc.o [7]
  .rodata            const     0x800'd658         4    0x10  common_uart.o [7]
  .rodata            const     0x800'd668         4    0x10  event_groups.o [5]
  .rodata            const     0x800'd678         4    0x10  heap_4.o [6]
  .rodata            const     0x800'd688         4    0x10  queue.o [5]
  .rodata            const     0x800'd698         4    0x10  RebootUtils.o [11]
  .rodata            const     0x800'd6a8         4    0x10  RebootUtils.o [11]
  .rodata            const     0x800'd6b8         4    0x10  RebootUtils.o [11]
  .rodata            const     0x800'd6c8         4    0x10  RebootUtils.o [11]
  .rodata            const     0x800'd6d8         4    0x10  RebootUtils.o [11]
  .rodata            const     0x800'd6e8         4    0x10  SKLP_MS_Transport.o [8]
  .rodata            const     0x800'd6f8         4    0x10  SKLP_MS_TransportLocal_354_10.o [2]
  .rodata            const     0x800'd708         4    0x10  SKLP_MS_TransportLocal_354_10.o [2]
  .rodata            const     0x800'd718         4    0x10  SKLP_Service.o [8]
  .rodata            const     0x800'd728         4    0x10  SKLP_Service.o [8]
  .rodata            const     0x800'd738         4    0x10  SKLP_Time.o [8]
  .rodata            const     0x800'd748         4    0x10  stm32l4xx_hal_dma.o [10]
  .rodata            const     0x800'd758         4    0x10  stm32l4xx_hal_gpio.o [10]
  .rodata            const     0x800'd768         4    0x10  stm32l4xx_hal_iwdg.o [10]
  .rodata            const     0x800'd778         4    0x10  stm32l4xx_hal_uart.o [10]
  .rodata            const     0x800'd788         4    0x10  stm32l4xx_hal_uart.o [10]
  .rodata            const     0x800'd798         4    0x10  system_stm32l4xx.o [9]
  .rodata            const     0x800'd7a8         4    0x10  tasks.o [5]
  .text              ro code   0x800'd7b8         4    0x10  startup_stm32l433xx.o [3]
  .rodata            const     0x800'd7c8         4     0xc  BuildInfo.o [1]
  .rodata            const     0x800'd7d4         4     0xc  BuildInfo.o [1]
  .rodata            const     0x800'd7e0         4     0xc  BuildInfo.o [1]
  .rodata            const     0x800'd7ec         4     0xc  heap_4.o [6]
  .rodata            const     0x800'd7f8         4     0xc  heap_4.o [6]
  .rodata            const     0x800'd804         4     0xc  RebootUtils.o [11]
  .rodata            const     0x800'd810         4     0xc  RebootUtils.o [11]
  .rodata            const     0x800'd81c         4     0xc  RebootUtils.o [11]
  .rodata            const     0x800'd828         4     0xc  RebootUtils.o [11]
  .rodata            const     0x800'd834         4     0xc  RebootUtils.o [11]
  .rodata            const     0x800'd840         4     0xc  SKLP_MS_TransportLocal_354_10.o [2]
  .rodata            const     0x800'd84c         4     0xc  SKLP_MS_TransportLocal_354_10.o [2]
  .rodata            const     0x800'd858         4     0xc  SKLP_Service.o [8]
  .rodata            const     0x800'd864         4     0xc  SKLP_Service.o [8]
  .rodata            const     0x800'd870         4     0xc  SKLP_Service.o [8]
  .rodata            const     0x800'd87c         4     0xc  SKLP_Time.o [8]
  .rodata            const     0x800'd888         4     0xc  tasks.o [5]
  .rodata            const     0x800'd894         4     0xc  timers.o [5]
  .rodata            const     0x800'd8a0         4     0x8  BuildInfo.o [1]
  .rodata            const     0x800'd8a8         4     0x8  main.o [2]
  .rodata            const     0x800'd8b0         4     0x8  main.o [2]
  .rodata            const     0x800'd8b8         4     0x8  port.o [4]
  .rodata            const     0x800'd8c0         4     0x8  queue.o [5]
  .rodata            const     0x800'd8c8         4     0x8  RebootUtils.o [11]
  .rodata            const     0x800'd8d0         4     0x8  RebootUtils.o [11]
  .rodata            const     0x800'd8d8         4     0x8  RebootUtils.o [11]
  .rodata            const     0x800'd8e0         4     0x8  RebootUtils.o [11]
  .rodata            const     0x800'd8e8         4     0x8  SKLP_MS_TransportLocal_354_10.o [2]
  .rodata            const     0x800'd8f0         4     0x8  SKLP_MS_TransportLocal_354_10.o [2]
  .rodata            const     0x800'd8f8         4     0x8  system_stm32l4xx.o [9]
  .rodata            const     0x800'd900         4     0x8  tasks.o [5]
  .rodata            const     0x800'd908         4     0x8  tasks.o [5]
  .rodata            const     0x800'd910         4     0x8  timers.o [5]
  .rodata            const     0x800'd918         4     0x8  timers.o [5]
  .rodata            const     0x800'd920         4     0x8  xlocale_c.o [12]
  .text              ro code   0x800'd928         2     0x8  SKLP_ServiceDefault.o [8]
  .rodata            const     0x800'd930         4     0x4  BuildInfo.o [1]
  .rodata            const     0x800'd934         4     0x4  heap_4.o [6]
  .rodata            const     0x800'd938         4     0x4  port.o [4]
  .rodata            const     0x800'd93c         4     0x4  RebootUtils.o [11]
  .text              ro code   0x800'd940         2     0x4  startup_stm32l433xx.o [3]
  .text              ro code   0x800'd944         2     0x4  startup_stm32l433xx.o [3]
  .text              ro code   0x800'd948         2     0x4  startup_stm32l433xx.o [3]
  .text              ro code   0x800'd94c         2     0x4  startup_stm32l433xx.o [3]
  .text              ro code   0x800'd950         2     0x4  startup_stm32l433xx.o [3]
  .text              ro code   0x800'd954         2     0x4  startup_stm32l433xx.o [3]
  .text              ro code   0x800'd958         2     0x4  startup_stm32l433xx.o [3]
  .text              ro code   0x800'd95c         2     0x4  startup_stm32l433xx.o [3]
  .text              ro code   0x800'd960         2     0x4  startup_stm32l433xx.o [3]
  .text              ro code   0x800'd964         2     0x4  startup_stm32l433xx.o [3]
  .text              ro code   0x800'd968         2     0x4  startup_stm32l433xx.o [3]
  .text              ro code   0x800'd96c         2     0x4  startup_stm32l433xx.o [3]
  .text              ro code   0x800'd970         2     0x4  startup_stm32l433xx.o [3]
  .text              ro code   0x800'd974         2     0x4  startup_stm32l433xx.o [3]
  .text              ro code   0x800'd978         2     0x4  startup_stm32l433xx.o [3]
  .text              ro code   0x800'd97c         2     0x4  startup_stm32l433xx.o [3]
  .text              ro code   0x800'd980         2     0x4  startup_stm32l433xx.o [3]
  .text              ro code   0x800'd984         2     0x4  startup_stm32l433xx.o [3]
  .text              ro code   0x800'd988         2     0x4  startup_stm32l433xx.o [3]
  .text              ro code   0x800'd98c         2     0x4  startup_stm32l433xx.o [3]
  .text              ro code   0x800'd990         2     0x4  startup_stm32l433xx.o [3]
  .text              ro code   0x800'd994         2     0x4  startup_stm32l433xx.o [3]
  .text              ro code   0x800'd998         2     0x4  startup_stm32l433xx.o [3]
  .text              ro code   0x800'd99c         2     0x4  startup_stm32l433xx.o [3]
  .text              ro code   0x800'd9a0         2     0x4  startup_stm32l433xx.o [3]
  .text              ro code   0x800'd9a4         2     0x4  startup_stm32l433xx.o [3]
  .text              ro code   0x800'd9a8         2     0x4  startup_stm32l433xx.o [3]
  .text              ro code   0x800'd9ac         2     0x4  startup_stm32l433xx.o [3]
  .text              ro code   0x800'd9b0         2     0x4  startup_stm32l433xx.o [3]
  .text              ro code   0x800'd9b4         2     0x4  startup_stm32l433xx.o [3]
  .text              ro code   0x800'd9b8         2     0x4  startup_stm32l433xx.o [3]
  .text              ro code   0x800'd9bc         2     0x4  startup_stm32l433xx.o [3]
  .text              ro code   0x800'd9c0         2     0x4  startup_stm32l433xx.o [3]
  .text              ro code   0x800'd9c4         2     0x4  startup_stm32l433xx.o [3]
  .text              ro code   0x800'd9c8         2     0x4  startup_stm32l433xx.o [3]
  .text              ro code   0x800'd9cc         2     0x4  startup_stm32l433xx.o [3]
  .text              ro code   0x800'd9d0         2     0x4  startup_stm32l433xx.o [3]
  .text              ro code   0x800'd9d4         2     0x4  startup_stm32l433xx.o [3]
  .text              ro code   0x800'd9d8         2     0x4  startup_stm32l433xx.o [3]
  .text              ro code   0x800'd9dc         2     0x4  startup_stm32l433xx.o [3]
  .text              ro code   0x800'd9e0         2     0x4  startup_stm32l433xx.o [3]
  .text              ro code   0x800'd9e4         2     0x4  startup_stm32l433xx.o [3]
  .text              ro code   0x800'd9e8         2     0x4  startup_stm32l433xx.o [3]
  .text              ro code   0x800'd9ec         2     0x4  startup_stm32l433xx.o [3]
  .text              ro code   0x800'd9f0         2     0x4  startup_stm32l433xx.o [3]
  .text              ro code   0x800'd9f4         2     0x4  startup_stm32l433xx.o [3]
  .text              ro code   0x800'd9f8         2     0x4  startup_stm32l433xx.o [3]
  .text              ro code   0x800'd9fc         2     0x4  startup_stm32l433xx.o [3]
  .text              ro code   0x800'da00         2     0x4  startup_stm32l433xx.o [3]
  .text              ro code   0x800'da04         2     0x4  startup_stm32l433xx.o [3]
  .text              ro code   0x800'da08         2     0x4  startup_stm32l433xx.o [3]
  .text              ro code   0x800'da0c         2     0x4  startup_stm32l433xx.o [3]
  .text              ro code   0x800'da10         2     0x4  startup_stm32l433xx.o [3]
  .text              ro code   0x800'da14         2     0x4  startup_stm32l433xx.o [3]
  .text              ro code   0x800'da18         2     0x4  startup_stm32l433xx.o [3]
  .text              ro code   0x800'da1c         2     0x4  startup_stm32l433xx.o [3]
  .text              ro code   0x800'da20         2     0x4  startup_stm32l433xx.o [3]
  .text              ro code   0x800'da24         2     0x4  startup_stm32l433xx.o [3]
  .rodata            const     0x800'da28               0x0  zero_init3.o [14]
  .rodata            const     0x800'da28               0x0  copy_init3.o [14]
  Initializer bytes  const     0x800'da28         4   0x16c  <for P3 s0>
                             - 0x800'db94            0xda08

"P3", part 1 of 3:                                    0x16c
  P3 s0                       0x2000'0000             0x16c  <Init block>
    .data            inited   0x2000'0000         4    0xb8  SKLP_Service.o [8]
    .data            inited   0x2000'00b8         4    0x48  xlocale_c.o [12]
    .data            inited   0x2000'0100         4    0x38  xlocale_c.o [12]
    .data            inited   0x2000'0138         4     0xc  SKLP_MS_TransportLocal_354_10.o [2]
    .data            inited   0x2000'0144         4     0xc  SKLP_MS_TransportLocal_354_10.o [2]
    .data            inited   0x2000'0150         4     0x8  SKLP_Service.o [8]
    .data            inited   0x2000'0158         4     0x4  port.o [4]
    .data            inited   0x2000'015c         4     0x4  stm32l4xx_hal.o [10]
    .data            inited   0x2000'0160         4     0x4  stm32l4xx_hal.o [10]
    .data            inited   0x2000'0164         4     0x4  system_stm32l4xx.o [9]
    .data            inited   0x2000'0168               0x1  SKLP_MS_Transport.o [8]
    .data            inited   0x2000'0169               0x1  SKLP_Service.o [8]
                            - 0x2000'016c             0x16c

"P3", part 2 of 3:                                    0xbb4
  .bss               zero     0x2000'016c         4   0x404  SKLP_MS_TransportLocal_354_10.o [2]
  .bss               zero     0x2000'0570         4   0x400  SKLP_MS_TransportLocal_354_10.o [2]
  .bss               zero     0x2000'0970         4    0x80  common_rcc.o [7]
  .bss               zero     0x2000'09f0         4    0x64  tasks.o [5]
  .bss               zero     0x2000'0a54         4    0x40  Common_tim.o [7]
  .bss               zero     0x2000'0a94         4    0x40  Common_tim.o [7]
  .bss               zero     0x2000'0ad4         4    0x40  Common_tim.o [7]
  .bss               zero     0x2000'0b14         4    0x40  queue.o [5]
  .bss               zero     0x2000'0b54         4    0x40  SKLP_MS_TransportLocal_354_10.o [2]
  .bss               zero     0x2000'0b94         4    0x2c  xttotm64.o [12]
  .bss               zero     0x2000'0bc0         4    0x1c  asctime.o [12]
  .bss               zero     0x2000'0bdc         4    0x14  tasks.o [5]
  .bss               zero     0x2000'0bf0         4    0x14  tasks.o [5]
  .bss               zero     0x2000'0c04         4    0x14  tasks.o [5]
  .bss               zero     0x2000'0c18         4    0x14  tasks.o [5]
  .bss               zero     0x2000'0c2c         4    0x14  tasks.o [5]
  .bss               zero     0x2000'0c40         4    0x14  timers.o [5]
  .bss               zero     0x2000'0c54         4    0x14  timers.o [5]
  .bss               zero     0x2000'0c68         4    0x10  Stm32xxxx_hal_uart_ext.o [7]
  .bss               zero     0x2000'0c78         4     0x8  heap_4.o [6]
  .bss               zero     0x2000'0c80         4     0x8  SKLP_Service.o [8]
  .bss               zero     0x2000'0c88         4     0x4  common_rcc.o [7]
  .bss               zero     0x2000'0c8c         4     0x4  heap_4.o [6]
  .bss               zero     0x2000'0c90         4     0x4  heap_4.o [6]
  .bss               zero     0x2000'0c94         4     0x4  heap_4.o [6]
  .bss               zero     0x2000'0c98         4     0x4  heap_4.o [6]
  .bss               zero     0x2000'0c9c         4     0x4  main.o [2]
  .bss               zero     0x2000'0ca0         4     0x4  main.o [2]
  .bss               zero     0x2000'0ca4         4     0x4  main.o [2]
  .bss               zero     0x2000'0ca8         4     0x4  port.o [4]
  .bss               zero     0x2000'0cac         4     0x4  RebootUtils.o [11]
  .bss               zero     0x2000'0cb0         4     0x4  SKLP_MS_TransportLocal_354_10.o [2]
  .bss               zero     0x2000'0cb4         4     0x4  SKLP_MS_TransportLocal_354_10.o [2]
  .bss               zero     0x2000'0cb8         4     0x4  SKLP_Service.o [8]
  .bss               zero     0x2000'0cbc         4     0x4  stm32l4xx_hal.o [10]
  .bss               zero     0x2000'0cc0         4     0x4  tasks.o [5]
  .bss               zero     0x2000'0cc4         4     0x4  tasks.o [5]
  .bss               zero     0x2000'0cc8         4     0x4  tasks.o [5]
  .bss               zero     0x2000'0ccc         4     0x4  tasks.o [5]
  .bss               zero     0x2000'0cd0         4     0x4  tasks.o [5]
  .bss               zero     0x2000'0cd4         4     0x4  tasks.o [5]
  .bss               zero     0x2000'0cd8         4     0x4  tasks.o [5]
  .bss               zero     0x2000'0cdc         4     0x4  tasks.o [5]
  .bss               zero     0x2000'0ce0         4     0x4  tasks.o [5]
  .bss               zero     0x2000'0ce4         4     0x4  tasks.o [5]
  .bss               zero     0x2000'0ce8         4     0x4  tasks.o [5]
  .bss               zero     0x2000'0cec         4     0x4  tasks.o [5]
  .bss               zero     0x2000'0cf0         4     0x4  tasks.o [5]
  .bss               zero     0x2000'0cf4         4     0x4  tasks.o [5]
  .bss               zero     0x2000'0cf8         4     0x4  tasks.o [5]
  .bss               zero     0x2000'0cfc         4     0x4  timers.o [5]
  .bss               zero     0x2000'0d00         4     0x4  timers.o [5]
  .bss               zero     0x2000'0d04         4     0x4  timers.o [5]
  .bss               zero     0x2000'0d08         4     0x4  timers.o [5]
  .bss               zero     0x2000'0d0c         4     0x4  timers.o [5]
  .bss               zero     0x2000'0d10         4     0x4  xfail_s.o [12]
  .bss               zero     0x2000'0d14         2     0x2  SKLP_Service.o [8]
  .bss               zero     0x2000'0d16               0x1  main.o [2]
  .bss               zero     0x2000'0d17               0x1  Manchester.o [2]
  .bss               zero     0x2000'0d18               0x1  port.o [4]
  .bss               zero     0x2000'0d19               0x1  SKLP_MS_Transport.o [8]
  .bss               zero     0x2000'0d1a               0x1  SKLP_MS_TransportLocal_354_10.o [2]
  .bss               zero     0x2000'0d1b               0x1  SKLP_Service.o [8]
  .bss               zero     0x2000'0d1c               0x1  SKLP_ServiceDefault.o [8]
                            - 0x2000'0d1d             0xbb1

"P3", part 3 of 3:                                   0x68d8
  .noinit            uninit   0x2000'0d20         4  0x4000  main.o [2]
  .noinit            uninit   0x2000'4d20         4   0x200  SKLP_MS_TransportLocal_354_10.o [2]
  .noinit            uninit   0x2000'4f20         4   0x200  SKLP_MS_TransportLocal_354_10.o [2]
  .noinit            uninit   0x2000'5120         4   0x104  SKLP_MS_Transport.o [8]
  .noinit            uninit   0x2000'5224         4    0xac  common_uart.o [7]
  .noinit            uninit   0x2000'52d0         4    0xac  common_uart.o [7]
  .noinit            uninit   0x2000'537c         4    0xa0  SKLP_MS_TransportLocal_354_10.o [2]
  .noinit            uninit   0x2000'541c         4    0xa0  SKLP_Service.o [8]
  .noinit            uninit   0x2000'54bc         4    0x48  common_uart.o [7]
  .noinit            uninit   0x2000'5504         4    0x48  common_uart.o [7]
  .noinit            uninit   0x2000'554c         4    0x48  common_uart.o [7]
  .noinit            uninit   0x2000'5594         4    0x48  common_uart.o [7]
  .noinit            uninit   0x2000'55dc         4    0x10  RebootUtils.o [11]
  .noinit            uninit   0x2000'55ec         4     0x4  SKLP_Service.o [8]
  .noinit            uninit   0x2000'55f0         4     0x4  SKLP_Service.o [8]
  CSTACK                      0x2000'55f8         8  0x2000  <Block>
    CSTACK           uninit   0x2000'55f8            0x2000  <Block tail>
                            - 0x2000'75f8            0x68d8

Absolute sections:                                    0x298
  .noinit            uninit   0x2000'fd68             0x298  RebootUtils.o [11]
                            - 0x2001'0000             0x298

Unused ranges:

         From           To      Size
         ----           --      ----
          0x0          0x0       0x1
   0x800'db94   0x803'ffff  0x3'246c
  0x2000'75f8  0x2000'bfff    0x4a08


*******************************************************************************
*** INIT TABLE
***

          Address      Size
          -------      ----
Zero (__iar_zero_init3)
    1 destination range, total size 0xbb1:
          0x2000'016c  0xbb1

Copy (__iar_copy_init3)
    1 source range, total size 0x16c (100% of destination):
           0x800'da28  0x16c
    1 destination range, total size 0x16a:
          0x2000'0000  0x16a



*******************************************************************************
*** MODULE SUMMARY
***

    Module                           ro code  ro data  rw data  rw data
                                                                 (abs)
    ------                           -------  -------  -------  -------
command line/config:
    -------------------------------------------------------------------
    Total:

C:\Work\Manchester_Master\Firmware\EWARM_9\LOOCH_601_03\Obj: [1]
    BuildInfo.o                                    72
    -------------------------------------------------------------------
    Total:                                         72

C:\Work\Manchester_Master\Firmware\EWARM_9\LOOCH_601_03\Obj\Application_4454359601498626787.dir: [2]
    Manchester.o                         804                 1
    SKLP_MS_TransportLocal_354_10.o    2'322      208    3'333
    main.o                               360      144   16'397
    -------------------------------------------------------------------
    Total:                             3'486      352   19'731

C:\Work\Manchester_Master\Firmware\EWARM_9\LOOCH_601_03\Obj\CMSIS_6603591812247902717.dir: [3]
    startup_stm32l433xx.o                644
    -------------------------------------------------------------------
    Total:                               644

C:\Work\Manchester_Master\Firmware\EWARM_9\LOOCH_601_03\Obj\CortexM4-F_9125968611666436719.dir: [4]
    port.o                               604      128        9
    portasm.o                            176
    -------------------------------------------------------------------
    Total:                               780      128        9

C:\Work\Manchester_Master\Firmware\EWARM_9\LOOCH_601_03\Obj\FreeRTOS_4809373609813369194.dir: [5]
    event_groups.o                       668       80
    list.o                               154
    queue.o                            1'728      112       64
    tasks.o                            2'912      352      260
    timers.o                           1'240      200       60
    -------------------------------------------------------------------
    Total:                             6'702      744      384

C:\Work\Manchester_Master\Firmware\EWARM_9\LOOCH_601_03\Obj\Heap_10681622352241717.dir: [6]
    heap_4.o                             652       44       24
    -------------------------------------------------------------------
    Total:                               652       44       24

C:\Work\Manchester_Master\Firmware\EWARM_9\LOOCH_601_03\Obj\PlatformCommon_15490815145210017466.dir: [7]
    Common_tim.o                         404               192
    Stm32xxxx_hal_uart_ext.o           2'984      356       16
    common_gpio.o                        592      140
    common_rcc.o                         436       36      132
    common_uart.o                        980       36      632
    -------------------------------------------------------------------
    Total:                             5'396      568      972

C:\Work\Manchester_Master\Firmware\EWARM_9\LOOCH_601_03\Obj\SKLP_14977183932441849263.dir: [8]
    SKLP_MS_Transport.o                2'738      181      262
    SKLP_Service.o                       510      401      376
    SKLP_ServiceDefault.o                740       96        1
    SKLP_Time.o                          272       48
    -------------------------------------------------------------------
    Total:                             4'260      726      639

C:\Work\Manchester_Master\Firmware\EWARM_9\LOOCH_601_03\Obj\STM32L4xx_5654020855996028257.dir: [9]
    system_stm32l4xx.o                   352       76        4
    -------------------------------------------------------------------
    Total:                               352       76        4

C:\Work\Manchester_Master\Firmware\EWARM_9\LOOCH_601_03\Obj\STM32L4xx_HAL_Used_3303305655103772160.dir: [10]
    stm32l4xx_hal.o                      170        8       12
    stm32l4xx_hal_cortex.o               554      128
    stm32l4xx_hal_dma.o                1'236       56
    stm32l4xx_hal_gpio.o               1'092       80
    stm32l4xx_hal_iwdg.o                 230       40
    stm32l4xx_hal_pwr.o                  136       44
    stm32l4xx_hal_pwr_ex.o                96
    stm32l4xx_hal_rcc.o                3'560       84
    stm32l4xx_hal_tim.o                4'220      220
    stm32l4xx_hal_tim_ex.o             1'124      120
    stm32l4xx_hal_uart.o               2'324       80
    -------------------------------------------------------------------
    Total:                            14'742      860       12

C:\Work\Manchester_Master\Firmware\EWARM_9\LOOCH_601_03\Obj\Utils_12244397825598072145.dir: [11]
    ByteQueue.o                          400
    RebootUtils.o                      1'336      452       20      664
    Utils.o                               60      256
    -------------------------------------------------------------------
    Total:                             1'796      708       20      664

dl7M_tlf.a: [12]
    abort.o                                6
    asctime.o                             40                28
    ctime64.o                             14
    exit.o                                 4
    getzone_nop.o                          4
    iar_Stolx.o                          144
    iar_Stoulx.o                         334       80
    isspace.o                             20
    localtim64.o                          32
    low_level_init.o                       4
    mktime64.o                           224
    snprintf.o                            68
    sscanf.o                              40
    tolower.o                             20
    xDaysTo64.o                          204
    xTzoff_nop.o                           4
    xencoding_8859_1.o                    20
    xfail_s.o                             64                 4
    xgentime.o                         2'102
    xgettime.o                            64
    xisdst_nop64.o                         6
    xlocale_c.o                          200      491      128
    xprintflarge_nomb.o                3'346
    xscanfsmall_nomb.o                 1'604       36
    xsnprout.o                            26
    xsscin.o                              30
    xstrftim.o                           274
    xttotm64.o                           348                44
    -------------------------------------------------------------------
    Total:                             9'246      607      204

m7M_tls.a: [13]
    DblAddSub.o                          590
    DblDiv.o                             582
    DblMul.o                             426
    DblToU32.o                            34
    U32ToDbl.o                            28
    fpinit_M.o                            34
    frexp.o                              112
    -------------------------------------------------------------------
    Total:                             1'806

rt7M_tl.a: [14]
    ABImemcpy.o                          166
    ABImemset.o                          102
    I64DivMod.o                          628
    I64DivZer.o                            2
    cexit.o                               10
    cmain.o                               30
    copy_init3.o                          42
    cstartup_M.o                          28
    data_init.o                           42
    memchr.o                              88
    strchr.o                              22
    strlen.o                              54
    strncpy.o                            112
    zero_init3.o                          56
    -------------------------------------------------------------------
    Total:                             1'382

shb_l.a: [15]
    exit.o                                20
    -------------------------------------------------------------------
    Total:                                20

    Gaps                                  17        8        4
    Linker created                                 38    8'192
-----------------------------------------------------------------------
    Grand Total:                      51'281    4'931   30'195      664


*******************************************************************************
*** ENTRY LIST
***

Entry                       Address    Size  Type      Object
-----                       -------    ----  ----      ------
.iar.init_table$$Base    0x800'cbc8           --   Gb  - Linker created -
.iar.init_table$$Limit   0x800'cbec           --   Gb  - Linker created -
?main                    0x800'ce0d          Code  ??  cmain.o [14]
ADC1_IRQHandler          0x800'd97d          Code  Wk  startup_stm32l433xx.o [3]
AHBPrescTable            0x800'd798    0x10  Data  ??  system_stm32l4xx.o [9]
APBPrescTable            0x800'd8f8     0x8  Data  ??  system_stm32l4xx.o [9]
BusFault_Handler         0x800'220b     0xe  Code  ??  RebootUtils.o [11]
ByteQueue_AdvanceHeadTo
                         0x800'91a3    0x14  Code  Wk  Stm32xxxx_hal_uart_ext.o [7]
ByteQueue_AdvanceIndexBy
                         0x800'b7c9    0x18  Code  Wk  ByteQueue.o [11]
ByteQueue_AdvanceIndexTo
                         0x800'a681    0x24  Code  Wk  Stm32xxxx_hal_uart_ext.o [7]
ByteQueue_AdvanceTailBy
                         0x800'a023    0x16  Code  Wk  ByteQueue.o [11]
ByteQueue_BufferCopyFragment
                         0x800'8275    0xb6  Code  ??  ByteQueue.o [11]
ByteQueue_BufferCopyFromTail
                         0x800'832b    0x42  Code  ??  ByteQueue.o [11]
ByteQueue_Clear          0x800'9195     0xa  Code  Wk  Stm32xxxx_hal_uart_ext.o [7]
ByteQueue_GetSpaceFilled
                         0x800'8253    0x22  Code  Wk  ByteQueue.o [11]
ByteQueue_Peek           0x800'839b    0x16  Code  Wk  SKLP_MS_Transport.o [8]
ByteQueue_RemoveFromTail
                         0x800'836d    0x2e  Code  ??  ByteQueue.o [11]
ByteQueue_Validate       0x800'8239    0x1a  Code  Wk  ByteQueue.o [11]
CAN1_RX0_IRQHandler      0x800'd985          Code  Wk  startup_stm32l433xx.o [3]
CAN1_RX1_IRQHandler      0x800'd989          Code  Wk  startup_stm32l433xx.o [3]
CAN1_SCE_IRQHandler      0x800'd98d          Code  Wk  startup_stm32l433xx.o [3]
CAN1_TX_IRQHandler       0x800'd981          Code  Wk  startup_stm32l433xx.o [3]
COM1_DMARX_hdl          0x2000'5504    0x48  Data  ??  common_uart.o [7]
COM1_DMATX_hdl          0x2000'54bc    0x48  Data  ??  common_uart.o [7]
COM1_UART_Ext_hdl       0x2000'5224    0xac  Data  ??  common_uart.o [7]
COM3_DMARX_hdl          0x2000'5594    0x48  Data  ??  common_uart.o [7]
COM3_DMATX_hdl          0x2000'554c    0x48  Data  ??  common_uart.o [7]
COM3_UART_Ext_hdl       0x2000'52d0    0xac  Data  ??  common_uart.o [7]
COMP_IRQHandler          0x800'd9e5          Code  Wk  startup_stm32l433xx.o [3]
CRS_IRQHandler           0x800'da25          Code  Wk  startup_stm32l433xx.o [3]
CSTACK$$Base            0x2000'55f8           --   Gb  - Linker created -
CSTACK$$Limit           0x2000'75f8           --   ??  - Linker created -
CacheMore                0x800'b4bd    0x28  Code  Lc  xlocale_c.o [12]
CalcCRC8SKLP             0x800'7869    0x12  Code  ??  Utils.o [11]
CalcCRC8SKLP_Load        0x800'7845    0x24  Code  ??  Utils.o [11]
DMA1_Channel1_IRQHandler
                         0x800'd971          Code  Wk  startup_stm32l433xx.o [3]
DMA1_Channel2_IRQHandler
                         0x800'a3ad     0xa  Code  ??  common_uart.o [7]
DMA1_Channel3_IRQHandler
                         0x800'a3b7     0xa  Code  ??  common_uart.o [7]
DMA1_Channel4_IRQHandler
                         0x800'a399     0xa  Code  ??  common_uart.o [7]
DMA1_Channel5_IRQHandler
                         0x800'a3a3     0xa  Code  ??  common_uart.o [7]
DMA1_Channel6_IRQHandler
                         0x800'd975          Code  Wk  startup_stm32l433xx.o [3]
DMA1_Channel7_IRQHandler
                         0x800'd979          Code  Wk  startup_stm32l433xx.o [3]
DMA2_Channel1_IRQHandler
                         0x800'd9d1          Code  Wk  startup_stm32l433xx.o [3]
DMA2_Channel2_IRQHandler
                         0x800'd9d5          Code  Wk  startup_stm32l433xx.o [3]
DMA2_Channel3_IRQHandler
                         0x800'd9d9          Code  Wk  startup_stm32l433xx.o [3]
DMA2_Channel4_IRQHandler
                         0x800'd9dd          Code  Wk  startup_stm32l433xx.o [3]
DMA2_Channel5_IRQHandler
                         0x800'd9e1          Code  Wk  startup_stm32l433xx.o [3]
DMA2_Channel6_IRQHandler
                         0x800'd9f5          Code  Wk  startup_stm32l433xx.o [3]
DMA2_Channel7_IRQHandler
                         0x800'd9f9          Code  Wk  startup_stm32l433xx.o [3]
DMA_SetConfig            0x800'9163    0x32  Code  Lc  stm32l4xx_hal_dma.o [10]
DWT_AppendTimestampTag   0x800'245f    0x32  Code  ??  common_rcc.o [7]
DWT_TimerDelay           0x800'23fd     0xe  Code  ??  common_rcc.o [7]
DWT_TimerEnable          0x800'23df    0x18  Code  ??  common_rcc.o [7]
DWT_TimerGet             0x800'23f7     0x6  Code  ??  common_rcc.o [7]
DWT_TimerInit            0x800'23c3    0x1c  Code  Lc  common_rcc.o [7]
DWT_TimestampTagsCount  0x2000'0c88     0x4  Data  Lc  common_rcc.o [7]
DebugMon_Handler         0x800'd945          Code  Wk  startup_stm32l433xx.o [3]
Delay_us                 0x800'240b    0x24  Code  ??  common_rcc.o [7]
EXTI0_IRQHandler         0x800'd95d          Code  Wk  startup_stm32l433xx.o [3]
EXTI15_10_IRQHandler     0x800'd9c1          Code  Wk  startup_stm32l433xx.o [3]
EXTI1_IRQHandler         0x800'd961          Code  Wk  startup_stm32l433xx.o [3]
EXTI2_IRQHandler         0x800'd965          Code  Wk  startup_stm32l433xx.o [3]
EXTI3_IRQHandler         0x800'd969          Code  Wk  startup_stm32l433xx.o [3]
EXTI4_IRQHandler         0x800'd96d          Code  Wk  startup_stm32l433xx.o [3]
EXTI9_5_IRQHandler       0x800'1ccf    0x1e  Code  ??  SKLP_MS_TransportLocal_354_10.o [2]
EventGroup_System       0x2000'0c9c     0x4  Data  ??  main.o [2]
FLASH_IRQHandler         0x800'2227     0xe  Code  ??  RebootUtils.o [11]
FPU_IRQHandler           0x800'da21          Code  Wk  startup_stm32l433xx.o [3]
FaultCallback            0x800'1327     0xa  Code  ??  main.o [2]
FaultCallback::FaultCallbackCnt
                        0x2000'0ca0     0x4  Data  Lc  main.o [2]
GPIO_Common_Init         0x800'24b5   0x166  Code  ??  common_gpio.o [7]
GPIO_Common_Init::__FUNCTION__
                         0x800'd2a4    0x14  Data  Lc  common_gpio.o [7]
GPIO_Common_InitAll      0x800'261b    0x16  Code  ??  common_gpio.o [7]
GPIO_Common_Toggle       0x800'569d    0x54  Code  Wk  SKLP_MS_TransportLocal_354_10.o [2]
GPIO_Common_Write        0x800'7d05    0x5c  Code  Wk  common_gpio.o [7]
GPIO_Common_isPinSkipped
                         0x800'7cb1    0x54  Code  Wk  common_gpio.o [7]
GPIO_Common_isPinSkipped::__FUNCTION__
                         0x800'ce40    0x1c  Data  Lc  common_gpio.o [7]
GetLocalTimeStr          0x800'217f     0xa  Code  Lc  RebootUtils.o [11]
HAL_DMA_IRQHandler       0x800'9071    0xf2  Code  ??  stm32l4xx_hal_dma.o [10]
HAL_DMA_Init             0x800'8cc1   0x2a4  Code  ??  stm32l4xx_hal_dma.o [10]
HAL_DMA_Init::__FUNCTION__
                         0x800'd748    0x10  Data  Lc  stm32l4xx_hal_dma.o [10]
HAL_DMA_Start_IT         0x800'8f65    0xae  Code  ??  stm32l4xx_hal_dma.o [10]
HAL_DMA_Start_IT::__FUNCTION__
                         0x800'd470    0x14  Data  Lc  stm32l4xx_hal_dma.o [10]
HAL_Delay                0x800'242f    0x30  Code  ??  common_rcc.o [7]
HAL_GPIO_EXTI_Callback   0x800'1ced    0x2a  Code  ??  SKLP_MS_TransportLocal_354_10.o [2]
HAL_GPIO_EXTI_IRQHandler
                         0x800'7045    0x20  Code  ??  stm32l4xx_hal_gpio.o [10]
HAL_GPIO_Init            0x800'6c7d   0x34a  Code  ??  stm32l4xx_hal_gpio.o [10]
HAL_GPIO_Init::__FUNCTION__
                         0x800'd758    0x10  Data  Lc  stm32l4xx_hal_gpio.o [10]
HAL_GPIO_ReadPin         0x800'6fc7    0x2e  Code  ??  stm32l4xx_hal_gpio.o [10]
HAL_GPIO_ReadPin::__FUNCTION__
                         0x800'd484    0x14  Data  Lc  stm32l4xx_hal_gpio.o [10]
HAL_GPIO_WritePin        0x800'6ff5    0x50  Code  ??  stm32l4xx_hal_gpio.o [10]
HAL_GPIO_WritePin::__FUNCTION__
                         0x800'd498    0x14  Data  Lc  stm32l4xx_hal_gpio.o [10]
HAL_GetTick              0x800'822d     0xc  Code  Wk  stm32l4xx_hal.o [10]
HAL_IWDG_Init            0x800'7881    0xcc  Code  ??  stm32l4xx_hal_iwdg.o [10]
HAL_IWDG_Init::__FUNCTION__
                         0x800'd768    0x10  Data  Lc  stm32l4xx_hal_iwdg.o [10]
HAL_IWDG_Refresh         0x800'7959     0xe  Code  ??  stm32l4xx_hal_iwdg.o [10]
HAL_IncTick              0x800'3451    0x18  Code  Wk  stm32l4xx_hal.o [10]
HAL_Init                 0x800'7ac9    0x24  Code  ??  stm32l4xx_hal.o [10]
HAL_InitTick             0x800'81cd    0x60  Code  Wk  stm32l4xx_hal.o [10]
HAL_MspInit              0x800'91e7     0x2  Code  Wk  stm32l4xx_hal.o [10]
HAL_NVIC_ClearPendingIRQ
                         0x800'3629    0x26  Code  ??  stm32l4xx_hal_cortex.o [10]
HAL_NVIC_ClearPendingIRQ::__FUNCTION__
                         0x800'cee8    0x1c  Data  Lc  stm32l4xx_hal_cortex.o [10]
HAL_NVIC_EnableIRQ       0x800'35f9    0x24  Code  ??  stm32l4xx_hal_cortex.o [10]
HAL_NVIC_EnableIRQ::__FUNCTION__
                         0x800'd448    0x14  Data  Lc  stm32l4xx_hal_cortex.o [10]
HAL_NVIC_SetPriority     0x800'35ab    0x4e  Code  ??  stm32l4xx_hal_cortex.o [10]
HAL_NVIC_SetPriority::__FUNCTION__
                         0x800'd0c4    0x18  Data  Lc  stm32l4xx_hal_cortex.o [10]
HAL_NVIC_SetPriorityGrouping
                         0x800'357d    0x2e  Code  ??  stm32l4xx_hal_cortex.o [10]
HAL_NVIC_SetPriorityGrouping::__FUNCTION__
                         0x800'ccec    0x20  Data  Lc  stm32l4xx_hal_cortex.o [10]
HAL_PWREx_DisableLowPowerRunMode
                         0x800'8185    0x38  Code  ??  stm32l4xx_hal_pwr_ex.o [10]
HAL_PWREx_EnableLowPowerRunMode
                         0x800'8179     0xc  Code  ??  stm32l4xx_hal_pwr_ex.o [10]
HAL_PWREx_GetVoltageRange
                         0x800'816d     0xc  Code  ??  stm32l4xx_hal_pwr_ex.o [10]
HAL_PWR_EnterSLEEPMode   0x800'3d91    0x78  Code  ??  stm32l4xx_hal_pwr.o [10]
HAL_PWR_EnterSLEEPMode::__FUNCTION__
                         0x800'd10c    0x18  Data  Lc  stm32l4xx_hal_pwr.o [10]
HAL_RCC_ClockConfig      0x800'468d   0x268  Code  ??  stm32l4xx_hal_rcc.o [10]
HAL_RCC_ClockConfig::__FUNCTION__
                         0x800'd4e8    0x14  Data  Lc  stm32l4xx_hal_rcc.o [10]
HAL_RCC_GetHCLKFreq      0x800'49db     0x6  Code  ??  stm32l4xx_hal_rcc.o [10]
HAL_RCC_GetOscConfig     0x800'4a21   0x104  Code  ??  stm32l4xx_hal_rcc.o [10]
HAL_RCC_GetOscConfig::__FUNCTION__
                         0x800'd124    0x18  Data  Lc  stm32l4xx_hal_rcc.o [10]
HAL_RCC_GetPCLK1Freq     0x800'49e5    0x1a  Code  ??  stm32l4xx_hal_rcc.o [10]
HAL_RCC_GetPCLK2Freq     0x800'49ff    0x1a  Code  ??  stm32l4xx_hal_rcc.o [10]
HAL_RCC_GetSysClockFreq
                         0x800'4905    0xd6  Code  ??  stm32l4xx_hal_rcc.o [10]
HAL_RCC_OscConfig        0x800'3e19   0x860  Code  ??  stm32l4xx_hal_rcc.o [10]
HAL_RCC_OscConfig::__FUNCTION__
                         0x800'd4c0    0x14  Data  Lc  stm32l4xx_hal_rcc.o [10]
HAL_SYSTICK_Callback     0x800'8087     0x2  Code  Wk  stm32l4xx_hal_cortex.o [10]
HAL_SYSTICK_Config       0x800'361d     0xc  Code  ??  stm32l4xx_hal_cortex.o [10]
HAL_SYSTICK_IRQHandler   0x800'364f     0x8  Code  ??  stm32l4xx_hal_cortex.o [10]
HAL_TIMEx_Break2Callback
                         0x800'1dc3     0x2  Code  Wk  stm32l4xx_hal_tim_ex.o [10]
HAL_TIMEx_BreakCallback
                         0x800'1dc1     0x2  Code  Wk  stm32l4xx_hal_tim_ex.o [10]
HAL_TIMEx_CommutCallback
                         0x800'1dc7     0x2  Code  Wk  stm32l4xx_hal_tim_ex.o [10]
HAL_TIMEx_ConfigBreakDeadTime
                         0x800'72e9   0x1f2  Code  ??  stm32l4xx_hal_tim_ex.o [10]
HAL_TIMEx_ConfigBreakDeadTime::__FUNCTION__
                         0x800'cd0c    0x20  Data  Lc  stm32l4xx_hal_tim_ex.o [10]
HAL_TIMEx_MasterConfigSynchronization
                         0x800'7155   0x194  Code  ??  stm32l4xx_hal_tim_ex.o [10]
HAL_TIMEx_MasterConfigSynchronization::__FUNCTION__
                         0x800'cb10    0x28  Data  Lc  stm32l4xx_hal_tim_ex.o [10]
HAL_TIMEx_PWMN_Start     0x800'70c1    0x7c  Code  ??  stm32l4xx_hal_tim_ex.o [10]
HAL_TIMEx_PWMN_Start::__FUNCTION__
                         0x800'd16c    0x18  Data  Lc  stm32l4xx_hal_tim_ex.o [10]
HAL_TIM_Base_Init        0x800'018d    0xf2  Code  ??  stm32l4xx_hal_tim.o [10]
HAL_TIM_Base_Init::__FUNCTION__
                         0x800'd4fc    0x14  Data  Lc  stm32l4xx_hal_tim.o [10]
HAL_TIM_Base_MspInit     0x800'1479    0x28  Code  ??  Common_tim.o [7]
HAL_TIM_Base_Start_IT    0x800'027f    0x7e  Code  ??  stm32l4xx_hal_tim.o [10]
HAL_TIM_Base_Start_IT::__FUNCTION__
                         0x800'd13c    0x18  Data  Lc  stm32l4xx_hal_tim.o [10]
HAL_TIM_ConfigClockSource
                         0x800'08cd   0x450  Code  ??  stm32l4xx_hal_tim.o [10]
HAL_TIM_ConfigClockSource::__FUNCTION__
                         0x800'cf20    0x1c  Data  Lc  stm32l4xx_hal_tim.o [10]
HAL_TIM_IC_CaptureCallback
                         0x800'1dbd     0x2  Code  ??  SKLP_MS_TransportLocal_354_10.o [2]
HAL_TIM_IRQHandler       0x800'0431   0x194  Code  ??  stm32l4xx_hal_tim.o [10]
HAL_TIM_MspPostInit      0x800'181f    0x54  Code  ??  SKLP_MS_TransportLocal_354_10.o [2]
HAL_TIM_OC_DelayElapsedCallback
                         0x800'14cb     0x2  Code  ??  Common_tim.o [7]
HAL_TIM_PWM_ConfigChannel
                         0x800'05c5   0x2e4  Code  ??  stm32l4xx_hal_tim.o [10]
HAL_TIM_PWM_ConfigChannel::__FUNCTION__
                         0x800'cf04    0x1c  Data  Lc  stm32l4xx_hal_tim.o [10]
HAL_TIM_PWM_Init         0x800'0321    0xf2  Code  ??  stm32l4xx_hal_tim.o [10]
HAL_TIM_PWM_Init::__FUNCTION__
                         0x800'd524    0x14  Data  Lc  stm32l4xx_hal_tim.o [10]
HAL_TIM_PWM_MspInit      0x800'14a1     0xc  Code  ??  Common_tim.o [7]
HAL_TIM_PWM_PulseFinishedCallback
                         0x800'1dbf     0x2  Code  Wk  stm32l4xx_hal_tim.o [10]
HAL_TIM_PeriodElapsedCallback
                         0x800'14ad    0x1e  Code  ??  Common_tim.o [7]
HAL_TIM_TriggerCallback
                         0x800'1dc5     0x2  Code  Wk  stm32l4xx_hal_tim.o [10]
HAL_UART_ErrorCallback   0x800'919f     0x2  Code  Wk  stm32l4xx_hal_uart.o [10]
HAL_UART_Ext_CalcByteRate
                         0x800'611d    0x78  Code  ??  Stm32xxxx_hal_uart_ext.o [7]
HAL_UART_Ext_CalcByteRate::__FUNCTION__
                         0x800'cfac    0x1c  Data  Lc  Stm32xxxx_hal_uart_ext.o [7]
HAL_UART_Ext_CalcTimeToTransmite
                         0x800'6199    0x46  Code  ??  Stm32xxxx_hal_uart_ext.o [7]
HAL_UART_Ext_IRQHandler
                         0x800'5b2d   0x220  Code  ??  Stm32xxxx_hal_uart_ext.o [7]
HAL_UART_Ext_IRQHandler::__FUNCTION__
                         0x800'd1cc    0x18  Data  Lc  Stm32xxxx_hal_uart_ext.o [7]
HAL_UART_Ext_Init        0x800'572f    0x78  Code  ??  Stm32xxxx_hal_uart_ext.o [7]
HAL_UART_Ext_Init::__FUNCTION__
                         0x800'd588    0x14  Data  Lc  Stm32xxxx_hal_uart_ext.o [7]
HAL_UART_Ext_ReceiveCyclicStart
                         0x800'59c1   0x16c  Code  ??  Stm32xxxx_hal_uart_ext.o [7]
HAL_UART_Ext_ReceiveCyclicStart::__FUNCTION__
                         0x800'cd2c    0x20  Data  Lc  Stm32xxxx_hal_uart_ext.o [7]
HAL_UART_Ext_RxForModemDisable
                         0x800'57a7    0x3e  Code  Lc  Stm32xxxx_hal_uart_ext.o [7]
HAL_UART_Ext_RxForModemRestore
                         0x800'57e5    0x2e  Code  Lc  Stm32xxxx_hal_uart_ext.o [7]
HAL_UART_Ext_Transmit    0x800'5813   0x1ae  Code  ??  Stm32xxxx_hal_uart_ext.o [7]
HAL_UART_Ext_Transmit::__FUNCTION__
                         0x800'd1b4    0x18  Data  Lc  Stm32xxxx_hal_uart_ext.o [7]
HAL_UART_Ext_ValidateHdl
                         0x800'56f1    0x3e  Code  ??  Stm32xxxx_hal_uart_ext.o [7]
HAL_UART_Init            0x800'83b1    0xec  Code  ??  stm32l4xx_hal_uart.o [10]
HAL_UART_Init::__FUNCTION__
                         0x800'd778    0x10  Data  Lc  stm32l4xx_hal_uart.o [10]
HAL_UART_MspInit         0x800'a039   0x34c  Code  ??  common_uart.o [7]
HAL_UART_MspInit::__FUNCTION__
                         0x800'd2cc    0x14  Data  Lc  common_uart.o [7]
HAL_UART_RxIdleCallback
                         0x800'1507    0x32  Code  ??  SKLP_MS_TransportLocal_354_10.o [2]
HAL_UART_RxIdleCallback::__FUNCTION__
                         0x800'd07c    0x18  Data  Lc  SKLP_MS_TransportLocal_354_10.o [2]
HAL_UART_TxCpltCallback
                         0x800'91a1     0x2  Code  Wk  stm32l4xx_hal_uart.o [10]
HardFault_CommonHandler
                         0x800'21dd    0x12  Code  ??  RebootUtils.o [11]
HardFault_Handler        0x800'21ef     0xe  Code  ??  RebootUtils.o [11]
I2C1_ER_IRQHandler       0x800'd9a9          Code  Wk  startup_stm32l433xx.o [3]
I2C1_EV_IRQHandler       0x800'd9a5          Code  Wk  startup_stm32l433xx.o [3]
I2C2_ER_IRQHandler       0x800'd9b1          Code  Wk  startup_stm32l433xx.o [3]
I2C2_EV_IRQHandler       0x800'd9ad          Code  Wk  startup_stm32l433xx.o [3]
I2C3_ER_IRQHandler       0x800'da09          Code  Wk  startup_stm32l433xx.o [3]
I2C3_EV_IRQHandler       0x800'da05          Code  Wk  startup_stm32l433xx.o [3]
ISOwkyr                  0x800'bbd3    0xb2  Code  Lc  xgentime.o [12]
ISOyear                  0x800'bc89    0x1a  Code  Lc  xgentime.o [12]
IwdgHandle              0x2000'55dc    0x10  Data  Lc  RebootUtils.o [11]
JumpToApplication        0x800'1e37    0x34  Code  Lc  RebootUtils.o [11]
JumpToApplication::__FUNCTION__
                         0x800'd394    0x14  Data  Lc  RebootUtils.o [11]
LCD_IRQHandler           0x800'da19          Code  Wk  startup_stm32l433xx.o [3]
LPTIM1_IRQHandler        0x800'd9e9          Code  Wk  startup_stm32l433xx.o [3]
LPTIM2_IRQHandler        0x800'd9ed          Code  Wk  startup_stm32l433xx.o [3]
LPUART1_IRQHandler       0x800'd9fd          Code  Wk  startup_stm32l433xx.o [3]
Logger_WriteRecord       0x800'12cd     0x6  Code  ??  main.o [2]
LoochDeviceSerial       0x2000'55ec     0x4  Data  ??  SKLP_Service.o [8]
LoochSoftVersion        0x2000'55f0     0x4  Data  ??  SKLP_Service.o [8]
MSIRangeTable            0x800'ca5c    0x30  Data  ??  system_stm32l4xx.o [9]
MX_TIM1_Init             0x800'188f    0xec  Code  Lc  SKLP_MS_TransportLocal_354_10.o [2]
MX_TIM6_Init             0x800'1aa7    0x3c  Code  Lc  SKLP_MS_TransportLocal_354_10.o [2]
MemManage_Handler        0x800'21fd     0xe  Code  ??  RebootUtils.o [11]
MemoryThread_SprintfMutexGive
                         0x800'12d5    0x1e  Code  ??  main.o [2]
MemoryThread_SprintfMutexGive::__FUNCTION__
                         0x800'cc2c    0x20  Data  Lc  main.o [2]
MemoryThread_SprintfMutexTake
                         0x800'12f3    0x34  Code  ??  main.o [2]
MemoryThread_SprintfMutexTake::__FUNCTION__
                         0x800'cc4c    0x20  Data  Lc  main.o [2]
NMI_Handler              0x800'd941          Code  Wk  startup_stm32l433xx.o [3]
NVIC_EncodePriority      0x800'3507    0x40  Code  Lc  stm32l4xx_hal_cortex.o [10]
PVD_PVM_IRQHandler       0x800'd94d          Code  Wk  startup_stm32l433xx.o [3]
PendSV_Handler           0x800'80bd          Code  ??  portasm.o [4]
QUADSPI_IRQHandler       0x800'da01          Code  Wk  startup_stm32l433xx.o [3]
RCC_IRQHandler           0x800'd959          Code  Wk  startup_stm32l433xx.o [3]
RCC_SetFlashLatencyFromMSIRange
                         0x800'4b25    0x8a  Code  Lc  stm32l4xx_hal_rcc.o [10]
RNG_IRQHandler           0x800'da1d          Code  Wk  startup_stm32l433xx.o [3]
RTC_Alarm_IRQHandler     0x800'd9c5          Code  Wk  startup_stm32l433xx.o [3]
RTC_WKUP_IRQHandler      0x800'd955          Code  Wk  startup_stm32l433xx.o [3]
RebootUtils_Reset        0x800'216b    0x14  Code  Lc  RebootUtils.o [11]
Region$$Table$$Base      0x800'cbc8           --   ??  - Linker created -
Region$$Table$$Limit     0x800'cbec           --   ??  - Linker created -
ResetInfo               0x2000'fd68   0x298  Data  Wk  RebootUtils.o [11]
Reset_Handler            0x800'd7b9          Code  Wk  startup_stm32l433xx.o [3]
ReverseByteOrder32       0x800'91e1     0x6  Code  Wk  SKLP_Service.o [8]
SAI1_IRQHandler          0x800'da0d          Code  Wk  startup_stm32l433xx.o [3]
SDMMC1_IRQHandler        0x800'd9c9          Code  Wk  startup_stm32l433xx.o [3]
SKLP_FlagsModule        0x2000'0d1b     0x1  Data  ??  SKLP_Service.o [8]
SKLP_InterfacePeripheryInit
                         0x800'1591   0x194  Code  Lc  SKLP_MS_TransportLocal_354_10.o [2]
SKLP_InterfacePeripheryInit::__FUNCTION__
                         0x800'ceb0    0x1c  Data  Lc  SKLP_MS_TransportLocal_354_10.o [2]
SKLP_InterfaceValidate   0x800'4c01    0x2c  Code  Lc  SKLP_MS_Transport.o [8]
SKLP_MemoryFlags        0x2000'0169     0x1  Data  ??  SKLP_Service.o [8]
SKLP_ProcessCommand_BaudSet
                         0x800'c499    0xa0  Code  Wk  SKLP_ServiceDefault.o [8]
SKLP_ProcessCommand_BaudSetLocal
                         0x800'c539     0x8  Code  Wk  SKLP_ServiceDefault.o [8]
SKLP_ProcessCommand_Common
                         0x800'6423    0xd4  Code  ??  SKLP_Service.o [8]
SKLP_ProcessCommand_Common::__FUNCTION__
                         0x800'cecc    0x1c  Data  Lc  SKLP_Service.o [8]
SKLP_ProcessCommand_GoTo_BootLoader
                         0x800'd929     0x8  Code  Wk  SKLP_ServiceDefault.o [8]
SKLP_ProcessCommand_ID_Get
                         0x800'c6d9    0x60  Code  Wk  SKLP_ServiceDefault.o [8]
SKLP_ProcessCommand_MemoryGetState
                         0x800'c939    0x44  Code  Wk  SKLP_ServiceDefault.o [8]
SKLP_ProcessCommand_TimeSinchronization
                         0x800'c5c9    0x80  Code  Wk  SKLP_ServiceDefault.o [8]
SKLP_ProcessCommand_TimeSinchronization::__FUNCTION__
                         0x800'cae8    0x28  Data  Lc  SKLP_ServiceDefault.o [8]
SKLP_ProcessCommand_TimeSinchronization_CB
                         0x800'c649    0x28  Code  Wk  SKLP_ServiceDefault.o [8]
SKLP_ProcessCommand_TimeSinchronization{1}{2}{3}{4}::bSyncFromCommand
                        0x2000'0d1c     0x1  Data  Lc  SKLP_ServiceDefault.o [8]
SKLP_ProcessCommand_WorkTime_Get
                         0x800'c89d    0x50  Code  Wk  SKLP_ServiceDefault.o [8]
SKLP_ProcessCommand_WorkTime_Inc
                         0x800'c9b9    0x38  Code  Wk  SKLP_ServiceDefault.o [8]
SKLP_ProcessCommand_WorkTime_Set
                         0x800'c739    0x60  Code  Wk  SKLP_ServiceDefault.o [8]
SKLP_ProcessPacket       0x800'5159   0x2ca  Code  ??  SKLP_MS_Transport.o [8]
SKLP_ProcessPacket::__FUNCTION__
                         0x800'd40c    0x14  Data  Lc  SKLP_MS_Transport.o [8]
SKLP_ProcessPacket{11}{12}::FailCount
                        0x2000'0168     0x1  Data  Lc  SKLP_MS_Transport.o [8]
SKLP_ReceiveFragment     0x800'4d4f   0x40a  Code  ??  SKLP_MS_Transport.o [8]
SKLP_ReceiveFragment::__FUNCTION__
                         0x800'd064    0x18  Data  Lc  SKLP_MS_Transport.o [8]
[...]
aBuildInfo_Time          0x800'd7d4     0xc  Data  ??  BuildInfo.o [1]
aCRC8SKLP_Table          0x800'c398   0x100  Data  ??  Utils.o [11]
aDWT_TimestampTags      0x2000'0970    0x80  Data  Lc  common_rcc.o [7]
aGPIO_Common             0x800'c97c    0x3c  Data  ??  common_gpio.o [7]
aQuery                  0x2000'5120   0x104  Data  Lc  SKLP_MS_Transport.o [8]
aSKLP_Callbacks         0x2000'0000    0xb8  Data  ??  SKLP_Service.o [8]
aSKLP_CallbacksAux      0x2000'541c    0xa0  Data  ??  SKLP_Service.o [8]
aSKLP_Interfaces        0x2000'537c    0xa0  Data  Lc  SKLP_MS_TransportLocal_354_10.o [2]
aSKLP_RxQueue_Manchester_Buffer
                        0x2000'4f20   0x200  Data  Lc  SKLP_MS_TransportLocal_354_10.o [2]
aSKLP_RxQueue_USART_Buffer
                        0x2000'4d20   0x200  Data  Lc  SKLP_MS_TransportLocal_354_10.o [2]
abort                    0x800'b9d7     0x6  Code  ??  abort.o [12]
alt_digits               0x800'91b7     0x1  Data  Lc  xlocale_c.o [12]
am_pm                    0x800'd920     0x8  Data  Lc  xlocale_c.o [12]
asctime                  0x800'b7a1    0x1e  Code  ??  asctime.o [12]
assert_failed            0x800'1331     0xe  Code  ??  main.o [2]
assert_failed::AssertFailedCnt
                        0x2000'0ca4     0x4  Data  Lc  main.o [2]
bQueryBufferAccessTaken
                        0x2000'0d19     0x1  Data  Lc  SKLP_MS_Transport.o [8]
change_Conffigure_GPIO_Write
                         0x800'1a33    0x22  Code  ??  SKLP_MS_TransportLocal_354_10.o [2]
change_Configure_GPIO_Read
                         0x800'1981    0xb2  Code  ??  SKLP_MS_TransportLocal_354_10.o [2]
cmp_era_date             0x800'bca3    0x84  Code  Lc  xgentime.o [12]
ctime                    0x800'9fdd     0xe  Code  ??  ctime64.o [12]
days                     0x800'c7f4    0x58  Data  Lc  xlocale_c.o [12]
digits                   0x800'c874    0x28  Data  Lc  iar_Stoulx.o [12]
era                      0x800'9efa     0x1  Data  Lc  xlocale_c.o [12]
exit                     0x800'ce2f     0x4  Code  ??  exit.o [12]
fillDataBuffre           0x800'1a55    0x52  Code  ??  SKLP_MS_TransportLocal_354_10.o [2]
fmts                     0x800'ca8c    0x30  Data  Lc  xlocale_c.o [12]
getCurrentStructByte     0x800'7573     0x4  Code  ??  Manchester.o [2]
getCurrentStructByte::currentByte
                        0x2000'0d17     0x1  Data  Lc  Manchester.o [2]
getCurrentValueByte      0x800'7521    0x52  Code  ??  Manchester.o [2]
getDataBuffer            0x800'1501     0x6  Code  ??  SKLP_MS_TransportLocal_354_10.o [2]
getDataBuffer::Buffer   0x2000'016c   0x404  Data  Lc  SKLP_MS_TransportLocal_354_10.o [2]
getera                   0x800'bd27    0x94  Code  Lc  xgentime.o [12]
getval                   0x800'bb1d    0x60  Code  Lc  xgentime.o [12]
hard_fault_handler_c     0x800'218d    0x4c  Code  ??  RebootUtils.o [11]
htim6                   0x2000'0b54    0x40  Data  ??  SKLP_MS_TransportLocal_354_10.o [2]
isleapyr                 0x800'bb7d    0x3a  Code  Lc  xgentime.o [12]
isspace                  0x800'b7e3    0x14  Code  ??  isspace.o [12]
lmos                     0x800'b5f0    0x18  Data  Lc  xDaysTo64.o [12]
localeconv               0x800'b543     0x4  Code  ??  xlocale_c.o [12]
localtime                0x800'b781    0x20  Code  ??  localtim64.o [12]
main                     0x800'1205    0x5c  Code  ??  main.o [2]
main::__FUNCTION__       0x800'd8a8     0x8  Data  Lc  main.o [2]
memchr                   0x800'ad41          Code  ??  memchr.o [14]
mktime                   0x800'9efd    0xe0  Code  ??  mktime64.o [12]
mons                     0x800'c540    0x88  Data  Lc  xlocale_c.o [12]
mos                      0x800'b608    0x18  Data  Lc  xDaysTo64.o [12]
ndigs                    0x800'c84c    0x28  Data  Lc  iar_Stoulx.o [12]
pHardFaultReason        0x2000'0cac     0x4  Data  Lc  RebootUtils.o [11]
pSKLP_ManchesterMessageQueueHdl
                        0x2000'0cb0     0x4  Data  Lc  SKLP_MS_TransportLocal_354_10.o [2]
pSKLP_UsartMessageQueueHdl
                        0x2000'0cb4     0x4  Data  Lc  SKLP_MS_TransportLocal_354_10.o [2]
pcInterruptPriorityRegisters
                         0x800'd938     0x4  Data  Lc  port.o [4]
prvAddCurrentTaskToDelayedList
                         0x800'3381    0x8c  Code  Lc  tasks.o [5]
prvAddNewTaskToReadyList
                         0x800'2a55    0x9a  Code  Lc  tasks.o [5]
prvCheckForValidListAndQueue
                         0x800'3cab    0x46  Code  Lc  timers.o [5]
prvCheckTasksWaitingTermination
                         0x800'31c3    0x3e  Code  Lc  tasks.o [5]
prvCopyDataFromQueue     0x800'6a91    0x38  Code  Lc  queue.o [5]
prvCopyDataToQueue       0x800'69f5    0x9c  Code  Lc  queue.o [5]
prvDeleteTCB             0x800'3201    0x12  Code  Lc  tasks.o [5]
prvGetNextExpireTime     0x800'3a8f    0x28  Code  Lc  timers.o [5]
prvHeapInit              0x800'7efb    0x66  Code  Lc  heap_4.o [6]
prvIdleTask              0x800'3145    0x28  Code  Lc  tasks.o [5]
prvInitialiseNewQueue    0x800'6627    0x2a  Code  Lc  queue.o [5]
prvInitialiseNewTask     0x800'295d    0xf8  Code  Lc  tasks.o [5]
prvInitialiseNewTask::__FUNCTION__
                         0x800'd1e4    0x18  Data  Lc  tasks.o [5]
prvInitialiseTaskLists   0x800'316d    0x56  Code  Lc  tasks.o [5]
prvInsertBlockIntoFreeList
                         0x800'7f61    0x60  Code  Lc  heap_4.o [6]
prvInsertTimerInActiveList
                         0x800'3adf    0x50  Code  Lc  timers.o [5]
prvIsQueueEmpty          0x800'6b37    0x1c  Code  Lc  queue.o [5]
prvIsQueueFull           0x800'6b59    0x1e  Code  Lc  queue.o [5]
prvProcessExpiredTimer   0x800'39a5    0x5c  Code  Lc  timers.o [5]
prvProcessExpiredTimer::__FUNCTION__
                         0x800'd28c    0x18  Data  Lc  timers.o [5]
prvProcessReceivedCommands
                         0x800'3b2f    0xf4  Code  Lc  timers.o [5]
prvProcessReceivedCommands::__FUNCTION__
                         0x800'cfe4    0x1c  Data  Lc  timers.o [5]
prvProcessTimerOrBlockTask
                         0x800'3a1b    0x74  Code  Lc  timers.o [5]
prvResetNextTaskUnblockTime
                         0x800'3213    0x26  Code  Lc  tasks.o [5]
prvSampleTimeNow         0x800'3ab7    0x28  Code  Lc  timers.o [5]
prvSampleTimeNow::xLastTime
                        0x2000'0d0c     0x4  Data  Lc  timers.o [5]
prvSwitchTimerLists      0x800'3c23    0x88  Code  Lc  timers.o [5]
prvSwitchTimerLists::__FUNCTION__
                         0x800'd5ec    0x14  Data  Lc  timers.o [5]
prvTaskExitError         0x800'36bd    0x26  Code  Lc  port.o [4]
prvTaskExitError::__FUNCTION__
                         0x800'd308    0x14  Data  Lc  port.o [4]
prvTestWaitCondition     0x800'28cd    0x24  Code  Lc  event_groups.o [5]
prvTimerTask             0x800'3a01    0x1a  Code  Lc  timers.o [5]
prvUnlockQueue           0x800'6ac9    0x6e  Code  Lc  queue.o [5]
pushDatesToPort          0x800'772b    0xaa  Code  ??  Manchester.o [2]
pvPortMalloc             0x800'7d61   0x12e  Code  ??  heap_4.o [6]
pvPortMalloc::__FUNCTION__
                         0x800'd678    0x10  Data  Lc  heap_4.o [6]
pxCurrentTCB            0x2000'0cc0     0x4  Data  ??  tasks.o [5]
pxCurrentTimerList      0x2000'0cfc     0x4  Data  Lc  timers.o [5]
pxDelayedTaskList       0x2000'0cc4     0x4  Data  Lc  tasks.o [5]
pxEnd                   0x2000'0c8c     0x4  Data  Lc  heap_4.o [6]
pxOverflowDelayedTaskList
                        0x2000'0cc8     0x4  Data  Lc  tasks.o [5]
pxOverflowTimerList     0x2000'0d00     0x4  Data  Lc  timers.o [5]
pxPortInitialiseStack    0x800'3691    0x2c  Code  ??  port.o [4]
pxReadyTasksLists       0x2000'09f0    0x64  Data  Lc  tasks.o [5]
readByteFromPort         0x800'7577    0xaa  Code  ??  Manchester.o [2]
readDatesToPorts         0x800'77d5    0x66  Code  ??  Manchester.o [2]
scale                    0x800'9e05    0x46  Code  Lc  xprintflarge_nomb.o [12]
sec_hand                0x2000'0d10     0x4  Data  Lc  xfail_s.o [12]
snprintf                 0x800'7aed    0x44  Code  ??  snprintf.o [12]
sscanf                   0x800'91b9    0x28  Code  ??  sscanf.o [12]
strchr                   0x800'ace9          Code  ??  strchr.o [14]
strlen                   0x800'9fed          Code  ??  strlen.o [14]
strncpy                  0x800'7c41          Code  ??  strncpy.o [14]
strtol                   0x800'b9d3     0x4  Code  ??  iar_Stolx.o [12]
strtoul                  0x800'b941     0x2  Code  ??  iar_Stoulx.o [12]
tolower                  0x800'baf5    0x14  Code  ??  tolower.o [12]
ucHeap                  0x2000'0d20  0x4000  Data  ??  main.o [2]
ucMaxSysCallPriority    0x2000'0d18     0x1  Data  Lc  port.o [4]
ulMaxPRIGROUPValue      0x2000'0ca8     0x4  Data  Lc  port.o [4]
uwTick                  0x2000'0cbc     0x4  Data  ??  stm32l4xx_hal.o [10]
uwTickFreq              0x2000'0160     0x4  Data  ??  stm32l4xx_hal.o [10]
uwTickPrio              0x2000'015c     0x4  Data  ??  stm32l4xx_hal.o [10]
uxCriticalNesting       0x2000'0158     0x4  Data  Lc  port.o [4]
uxCurrentNumberOfTasks  0x2000'0cd0     0x4  Data  Lc  tasks.o [5]
uxDeletedTasksWaitingCleanUp
                        0x2000'0ccc     0x4  Data  Lc  tasks.o [5]
uxListRemove             0x800'805f    0x28  Code  ??  list.o [5]
uxPendedTicks           0x2000'0ce0     0x4  Data  Lc  tasks.o [5]
uxSchedulerSuspended    0x2000'0cf8     0x4  Data  Lc  tasks.o [5]
uxTaskNumber            0x2000'0cec     0x4  Data  Lc  tasks.o [5]
uxTaskResetEventItemValue
                         0x800'3329    0x16  Code  ??  tasks.o [5]
uxTopReadyPriority      0x2000'0cd8     0x4  Data  Lc  tasks.o [5]
vApplicationIdleHook     0x800'1281    0x2c  Code  ??  main.o [2]
vApplicationIdleHook::bIdleTaskInitComplete
                        0x2000'0d16     0x1  Data  Lc  main.o [2]
vApplicationMallocFailedHook
                         0x800'12bf     0xe  Code  ??  main.o [2]
vApplicationMallocFailedHook::__FUNCTION__
                         0x800'cc0c    0x20  Data  Lc  main.o [2]
vApplicationStackOverflowHook
                         0x800'12ad    0x12  Code  ??  main.o [2]
vApplicationStackOverflowHook::__FUNCTION__
                         0x800'cbec    0x20  Data  Lc  main.o [2]
vEventGroupSetBitsCallback
                         0x800'28bd    0x10  Code  ??  event_groups.o [5]
vListInitialise          0x800'7fed    0x1e  Code  ??  list.o [5]
vListInitialiseItem      0x800'800b     0x6  Code  ??  list.o [5]
vListInsert              0x800'8029    0x36  Code  ??  list.o [5]
vListInsertEnd           0x800'8011    0x18  Code  ??  list.o [5]
vPortEnableVFP           0x800'8151          Code  ??  portasm.o [4]
vPortEnterCritical       0x800'37a1    0x34  Code  ??  port.o [4]
vPortEnterCritical::__FUNCTION__
                         0x800'd330    0x14  Data  Lc  port.o [4]
vPortExitCritical        0x800'37d5    0x2a  Code  ??  port.o [4]
vPortExitCritical::__FUNCTION__
                         0x800'd344    0x14  Data  Lc  port.o [4]
vPortFree                0x800'7e8f    0x6c  Code  ??  heap_4.o [6]
vPortFree::__FUNCTION__
                         0x800'd7f8     0xc  Data  Lc  heap_4.o [6]
vPortSetupTimerInterrupt
                         0x800'8089    0x34  Code  Wk  port.o [4]
vPortStartFirstTask      0x800'8131          Code  ??  portasm.o [4]
vPortValidateInterruptPriority
                         0x800'3829    0x48  Code  ??  port.o [4]
vPortValidateInterruptPriority::__FUNCTION__
                         0x800'cc6c    0x20  Data  Lc  port.o [4]
vQueueAddToRegistry      0x800'6b77    0x26  Code  ??  queue.o [5]
vQueueWaitForMessageRestricted
                         0x800'6bb1    0x4c  Code  ??  queue.o [5]
vTaskDelay               0x800'2aef    0x4e  Code  ??  tasks.o [5]
vTaskDelay::__FUNCTION__
                         0x800'd888     0xc  Data  Lc  tasks.o [5]
vTaskInternalSetTimeOutState
                         0x800'3079    0x12  Code  ??  tasks.o [5]
vTaskMissedYield         0x800'313b     0xa  Code  ??  tasks.o [5]
vTaskPlaceOnEventList    0x800'2e93    0x32  Code  ??  tasks.o [5]
vTaskPlaceOnEventList::__FUNCTION__
                         0x800'd214    0x18  Data  Lc  tasks.o [5]
vTaskPlaceOnEventListRestricted
                         0x800'2f1d    0x3e  Code  ??  tasks.o [5]
vTaskPlaceOnEventListRestricted::__FUNCTION__
                         0x800'cdcc    0x20  Data  Lc  tasks.o [5]
vTaskPlaceOnUnorderedEventList
                         0x800'2ec5    0x52  Code  ??  tasks.o [5]
vTaskPlaceOnUnorderedEventList::__FUNCTION__
                         0x800'cdac    0x20  Data  Lc  tasks.o [5]
vTaskRemoveFromUnorderedEventList
                         0x800'2fed    0x84  Code  ??  tasks.o [5]
vTaskRemoveFromUnorderedEventList::__FUNCTION__
                         0x800'cb5c    0x24  Data  Lc  tasks.o [5]
vTaskStartScheduler      0x800'2b3d    0x72  Code  ??  tasks.o [5]
vTaskStartScheduler::__FUNCTION__
                         0x800'd5b0    0x14  Data  Lc  tasks.o [5]
vTaskSuspendAll          0x800'2baf     0xc  Code  ??  tasks.o [5]
vTaskSwitchContext       0x800'2df5    0x9e  Code  ??  tasks.o [5]
vTaskSwitchContext::__FUNCTION__
                         0x800'd5d8    0x14  Data  Lc  tasks.o [5]
wkyr                     0x800'bbb7    0x1c  Code  Lc  xgentime.o [12]
xActiveTimerList1       0x2000'0c40    0x14  Data  Lc  timers.o [5]
xActiveTimerList2       0x2000'0c54    0x14  Data  Lc  timers.o [5]
xBlockAllocatedBit      0x2000'0c98     0x4  Data  Lc  heap_4.o [6]
xDelayedTaskList1       0x2000'0bdc    0x14  Data  Lc  tasks.o [5]
xDelayedTaskList2       0x2000'0bf0    0x14  Data  Lc  tasks.o [5]
xEventGroupClearBits     0x800'279f    0x3e  Code  ??  event_groups.o [5]
xEventGroupClearBits::__FUNCTION__
                         0x800'd034    0x18  Data  Lc  event_groups.o [5]
xEventGroupCreate        0x800'2655    0x1c  Code  ??  event_groups.o [5]
xEventGroupSetBits       0x800'27dd    0xcc  Code  ??  event_groups.o [5]
xEventGroupSetBits::__FUNCTION__
                         0x800'd2f4    0x14  Data  Lc  event_groups.o [5]
xEventGroupWaitBits      0x800'2671   0x12e  Code  ??  event_groups.o [5]
xEventGroupWaitBits::__FUNCTION__
                         0x800'd2e0    0x14  Data  Lc  event_groups.o [5]
xFreeBytesRemaining     0x2000'0c90     0x4  Data  Lc  heap_4.o [6]
xHeapStructSize          0x800'd934     0x4  Data  Lc  heap_4.o [6]
xIdleTaskHandle         0x2000'0cf4     0x4  Data  Lc  tasks.o [5]
xMinimumEverFreeBytesRemaining
                        0x2000'0c94     0x4  Data  Lc  heap_4.o [6]
xNextTaskUnblockTime    0x2000'0cf0     0x4  Data  Lc  tasks.o [5]
xNumOfOverflows         0x2000'0ce8     0x4  Data  Lc  tasks.o [5]
xPendingReadyList       0x2000'0c04    0x14  Data  Lc  tasks.o [5]
xPortStartScheduler      0x800'36e3    0xbe  Code  ??  port.o [4]
xPortStartScheduler::__FUNCTION__
                         0x800'd31c    0x14  Data  Lc  port.o [4]
xPortSysTickHandler      0x800'37ff    0x28  Code  ??  port.o [4]
xQueueGenericCreate      0x800'65d1    0x56  Code  ??  queue.o [5]
xQueueGenericCreate::__FUNCTION__
                         0x800'd36c    0x14  Data  Lc  queue.o [5]
xQueueGenericReset       0x800'653d    0x94  Code  ??  queue.o [5]
xQueueGenericReset::__FUNCTION__
                         0x800'd358    0x14  Data  Lc  queue.o [5]
xQueueGenericSend        0x800'6651   0x182  Code  ??  queue.o [5]
xQueueGenericSend::__FUNCTION__
                         0x800'd380    0x14  Data  Lc  queue.o [5]
xQueueGenericSendFromISR
                         0x800'67d3    0xc4  Code  ??  queue.o [5]
xQueueGenericSendFromISR::__FUNCTION__
                         0x800'ce5c    0x1c  Data  Lc  queue.o [5]
xQueueReceive            0x800'6897   0x152  Code  ??  queue.o [5]
xQueueReceive::__FUNCTION__
                         0x800'd688    0x10  Data  Lc  queue.o [5]
xQueueRegistry          0x2000'0b14    0x40  Data  ??  queue.o [5]
xSchedulerRunning       0x2000'0cdc     0x4  Data  Lc  tasks.o [5]
xStart                  0x2000'0c78     0x8  Data  Lc  heap_4.o [6]
xSuspendedTaskList      0x2000'0c2c    0x14  Data  Lc  tasks.o [5]
xTaskCheckForTimeOut     0x800'3091    0xaa  Code  ??  tasks.o [5]
xTaskCheckForTimeOut::__FUNCTION__
                         0x800'd22c    0x18  Data  Lc  tasks.o [5]
xTaskCreate              0x800'28f1    0x6c  Code  ??  tasks.o [5]
xTaskGetIdleTaskHandle   0x800'2cb3    0x1e  Code  ??  tasks.o [5]
xTaskGetIdleTaskHandle::__FUNCTION__
                         0x800'd1fc    0x18  Data  Lc  tasks.o [5]
xTaskGetSchedulerState   0x800'3241    0x20  Code  ??  tasks.o [5]
xTaskGetTickCount        0x800'2c9b     0x8  Code  ??  tasks.o [5]
xTaskGetTickCountFromISR
                         0x800'2ca3    0x10  Code  ??  tasks.o [5]
xTaskIncrementTick       0x800'2cd5   0x108  Code  ??  tasks.o [5]
xTaskIncrementTick::__FUNCTION__
                         0x800'd5c4    0x14  Data  Lc  tasks.o [5]
xTaskPriorityDisinherit
                         0x800'3261    0xb2  Code  ??  tasks.o [5]
xTaskPriorityDisinherit::__FUNCTION__
                         0x800'd244    0x18  Data  Lc  tasks.o [5]
xTaskRemoveFromEventList
                         0x800'2f65    0x84  Code  ??  tasks.o [5]
xTaskRemoveFromEventList::__FUNCTION__
                         0x800'cfc8    0x1c  Data  Lc  tasks.o [5]
xTaskResumeAll           0x800'2bbb    0xe0  Code  ??  tasks.o [5]
xTaskResumeAll::__FUNCTION__
                         0x800'd7a8    0x10  Data  Lc  tasks.o [5]
xTasksWaitingTermination
                        0x2000'0c18    0x14  Data  Lc  tasks.o [5]
xTickCount              0x2000'0cd4     0x4  Data  Lc  tasks.o [5]
xTimerCreateTimerTask    0x800'38b9    0x48  Code  ??  timers.o [5]
xTimerCreateTimerTask::__FUNCTION__
                         0x800'd25c    0x18  Data  Lc  timers.o [5]
xTimerGenericCommand     0x800'3901    0x84  Code  ??  timers.o [5]
xTimerGenericCommand::__FUNCTION__
                         0x800'd274    0x18  Data  Lc  timers.o [5]
xTimerGetTimerDaemonTaskHandle
                         0x800'3985    0x20  Code  ??  timers.o [5]
xTimerGetTimerDaemonTaskHandle::__FUNCTION__
                         0x800'cdec    0x20  Data  Lc  timers.o [5]
xTimerIsTimerActive      0x800'3cf1    0x2e  Code  ??  timers.o [5]
xTimerIsTimerActive::__FUNCTION__
                         0x800'd600    0x14  Data  Lc  timers.o [5]
xTimerPendFunctionCallFromISR
                         0x800'3d1f    0x2a  Code  ??  timers.o [5]
xTimerQueue             0x2000'0d04     0x4  Data  Lc  timers.o [5]
xTimerTaskHandle        0x2000'0d08     0x4  Data  Lc  timers.o [5]
xYieldPending           0x2000'0ce4     0x4  Data  Lc  tasks.o [5]


[1] = C:\Work\Manchester_Master\Firmware\EWARM_9\LOOCH_601_03\Obj
[2] = C:\Work\Manchester_Master\Firmware\EWARM_9\LOOCH_601_03\Obj\Application_4454359601498626787.dir
[3] = C:\Work\Manchester_Master\Firmware\EWARM_9\LOOCH_601_03\Obj\CMSIS_6603591812247902717.dir
[4] = C:\Work\Manchester_Master\Firmware\EWARM_9\LOOCH_601_03\Obj\CortexM4-F_9125968611666436719.dir
[5] = C:\Work\Manchester_Master\Firmware\EWARM_9\LOOCH_601_03\Obj\FreeRTOS_4809373609813369194.dir
[6] = C:\Work\Manchester_Master\Firmware\EWARM_9\LOOCH_601_03\Obj\Heap_10681622352241717.dir
[7] = C:\Work\Manchester_Master\Firmware\EWARM_9\LOOCH_601_03\Obj\PlatformCommon_15490815145210017466.dir
[8] = C:\Work\Manchester_Master\Firmware\EWARM_9\LOOCH_601_03\Obj\SKLP_14977183932441849263.dir
[9] = C:\Work\Manchester_Master\Firmware\EWARM_9\LOOCH_601_03\Obj\STM32L4xx_5654020855996028257.dir
[10] = C:\Work\Manchester_Master\Firmware\EWARM_9\LOOCH_601_03\Obj\STM32L4xx_HAL_Used_3303305655103772160.dir
[11] = C:\Work\Manchester_Master\Firmware\EWARM_9\LOOCH_601_03\Obj\Utils_12244397825598072145.dir
[12] = dl7M_tlf.a
[13] = m7M_tls.a
[14] = rt7M_tl.a
[15] = shb_l.a

  51'281 bytes of readonly  code memory
   4'931 bytes of readonly  data memory
  30'195 bytes of readwrite data memory (+ 664 absolute)

Errors: none
Warnings: none
