###############################################################################
#
# IAR ELF Linker V9.50.1.380/W64 for ARM                  02/Aug/2024  10:32:39
# Copyright 2007-2023 IAR Systems AB.
#
#    Output file  =
#        C:\Work\ManchesterNew17.07\Firmware\EWARM_9\LOOCH_601_03\Exe\Manch.out
#    Map file     =
#        C:\Work\ManchesterNew17.07\Firmware\EWARM_9\LOOCH_601_03\List\Manch.map
#    Command line =
#        -f
#        C:\Work\ManchesterNew17.07\Firmware\EWARM_9\LOOCH_601_03\Exe\Manch.out.rsp
#        (C:\Work\ManchesterNew17.07\Firmware\EWARM_9\LOOCH_601_03\Obj\BuildInfo.o
#        C:\Work\ManchesterNew17.07\Firmware\EWARM_9\LOOCH_601_03\Obj\Utils_12244397825598072145.dir\ByteQueue.o
#        C:\Work\ManchesterNew17.07\Firmware\EWARM_9\LOOCH_601_03\Obj\PlatformCommon_15490815145210017466.dir\Common_dac.o
#        C:\Work\ManchesterNew17.07\Firmware\EWARM_9\LOOCH_601_03\Obj\PlatformCommon_15490815145210017466.dir\common_gpio.o
#        C:\Work\ManchesterNew17.07\Firmware\EWARM_9\LOOCH_601_03\Obj\PlatformCommon_15490815145210017466.dir\common_rcc.o
#        C:\Work\ManchesterNew17.07\Firmware\EWARM_9\LOOCH_601_03\Obj\PlatformCommon_15490815145210017466.dir\Common_tim.o
#        C:\Work\ManchesterNew17.07\Firmware\EWARM_9\LOOCH_601_03\Obj\PlatformCommon_15490815145210017466.dir\common_uart.o
#        C:\Work\ManchesterNew17.07\Firmware\EWARM_9\LOOCH_601_03\Obj\FreeRTOS_4809373609813369194.dir\event_groups.o
#        C:\Work\ManchesterNew17.07\Firmware\EWARM_9\LOOCH_601_03\Obj\Heap_10681622352241717.dir\heap_4.o
#        C:\Work\ManchesterNew17.07\Firmware\EWARM_9\LOOCH_601_03\Obj\FreeRTOS_4809373609813369194.dir\list.o
#        C:\Work\ManchesterNew17.07\Firmware\EWARM_9\LOOCH_601_03\Obj\Application_4454359601498626787.dir\main.o
#        C:\Work\ManchesterNew17.07\Firmware\EWARM_9\LOOCH_601_03\Obj\Application_4454359601498626787.dir\Manchester.o
#        C:\Work\ManchesterNew17.07\Firmware\EWARM_9\LOOCH_601_03\Obj\Utils_12244397825598072145.dir\MathUtils.o
#        C:\Work\ManchesterNew17.07\Firmware\EWARM_9\LOOCH_601_03\Obj\CortexM4-F_9125968611666436719.dir\port.o
#        C:\Work\ManchesterNew17.07\Firmware\EWARM_9\LOOCH_601_03\Obj\CortexM4-F_9125968611666436719.dir\portasm.o
#        C:\Work\ManchesterNew17.07\Firmware\EWARM_9\LOOCH_601_03\Obj\FreeRTOS_4809373609813369194.dir\queue.o
#        C:\Work\ManchesterNew17.07\Firmware\EWARM_9\LOOCH_601_03\Obj\Utils_12244397825598072145.dir\RebootUtils.o
#        C:\Work\ManchesterNew17.07\Firmware\EWARM_9\LOOCH_601_03\Obj\SKLP_14977183932441849263.dir\SKLP_MS_Transport.o
#        C:\Work\ManchesterNew17.07\Firmware\EWARM_9\LOOCH_601_03\Obj\Application_4454359601498626787.dir\SKLP_MS_TransportLocal_354_10.o
#        C:\Work\ManchesterNew17.07\Firmware\EWARM_9\LOOCH_601_03\Obj\SKLP_14977183932441849263.dir\SKLP_Service.o
#        C:\Work\ManchesterNew17.07\Firmware\EWARM_9\LOOCH_601_03\Obj\SKLP_14977183932441849263.dir\SKLP_ServiceDefault.o
#        C:\Work\ManchesterNew17.07\Firmware\EWARM_9\LOOCH_601_03\Obj\SKLP_14977183932441849263.dir\SKLP_Time.o
#        C:\Work\ManchesterNew17.07\Firmware\EWARM_9\LOOCH_601_03\Obj\CMSIS_6603591812247902717.dir\startup_stm32l433xx.o
#        C:\Work\ManchesterNew17.07\Firmware\EWARM_9\LOOCH_601_03\Obj\STM32L4xx_HAL_Used_3303305655103772160.dir\stm32l4xx_hal.o
#        C:\Work\ManchesterNew17.07\Firmware\EWARM_9\LOOCH_601_03\Obj\STM32L4xx_HAL_Used_3303305655103772160.dir\stm32l4xx_hal_adc.o
#        C:\Work\ManchesterNew17.07\Firmware\EWARM_9\LOOCH_601_03\Obj\STM32L4xx_HAL_Used_3303305655103772160.dir\stm32l4xx_hal_adc_ex.o
#        C:\Work\ManchesterNew17.07\Firmware\EWARM_9\LOOCH_601_03\Obj\STM32L4xx_HAL_Used_3303305655103772160.dir\stm32l4xx_hal_comp.o
#        C:\Work\ManchesterNew17.07\Firmware\EWARM_9\LOOCH_601_03\Obj\STM32L4xx_HAL_Used_3303305655103772160.dir\stm32l4xx_hal_cortex.o
#        C:\Work\ManchesterNew17.07\Firmware\EWARM_9\LOOCH_601_03\Obj\STM32L4xx_HAL_Used_3303305655103772160.dir\stm32l4xx_hal_dac.o
#        C:\Work\ManchesterNew17.07\Firmware\EWARM_9\LOOCH_601_03\Obj\STM32L4xx_HAL_Used_3303305655103772160.dir\stm32l4xx_hal_dac_ex.o
#        C:\Work\ManchesterNew17.07\Firmware\EWARM_9\LOOCH_601_03\Obj\STM32L4xx_HAL_Used_3303305655103772160.dir\stm32l4xx_hal_dma.o
#        C:\Work\ManchesterNew17.07\Firmware\EWARM_9\LOOCH_601_03\Obj\STM32L4xx_HAL_Used_3303305655103772160.dir\stm32l4xx_hal_dma_ex.o
#        C:\Work\ManchesterNew17.07\Firmware\EWARM_9\LOOCH_601_03\Obj\STM32L4xx_HAL_Used_3303305655103772160.dir\stm32l4xx_hal_exti.o
#        C:\Work\ManchesterNew17.07\Firmware\EWARM_9\LOOCH_601_03\Obj\STM32L4xx_HAL_Used_3303305655103772160.dir\stm32l4xx_hal_flash.o
#        C:\Work\ManchesterNew17.07\Firmware\EWARM_9\LOOCH_601_03\Obj\STM32L4xx_HAL_Used_3303305655103772160.dir\stm32l4xx_hal_flash_ex.o
#        C:\Work\ManchesterNew17.07\Firmware\EWARM_9\LOOCH_601_03\Obj\STM32L4xx_HAL_Used_3303305655103772160.dir\stm32l4xx_hal_gpio.o
#        C:\Work\ManchesterNew17.07\Firmware\EWARM_9\LOOCH_601_03\Obj\STM32L4xx_HAL_Used_3303305655103772160.dir\stm32l4xx_hal_iwdg.o
#        C:\Work\ManchesterNew17.07\Firmware\EWARM_9\LOOCH_601_03\Obj\STM32L4xx_HAL_Used_3303305655103772160.dir\stm32l4xx_hal_opamp.o
#        C:\Work\ManchesterNew17.07\Firmware\EWARM_9\LOOCH_601_03\Obj\STM32L4xx_HAL_Used_3303305655103772160.dir\stm32l4xx_hal_opamp_ex.o
#        C:\Work\ManchesterNew17.07\Firmware\EWARM_9\LOOCH_601_03\Obj\STM32L4xx_HAL_Used_3303305655103772160.dir\stm32l4xx_hal_pwr.o
#        C:\Work\ManchesterNew17.07\Firmware\EWARM_9\LOOCH_601_03\Obj\STM32L4xx_HAL_Used_3303305655103772160.dir\stm32l4xx_hal_pwr_ex.o
#        C:\Work\ManchesterNew17.07\Firmware\EWARM_9\LOOCH_601_03\Obj\STM32L4xx_HAL_Used_3303305655103772160.dir\stm32l4xx_hal_rcc.o
#        C:\Work\ManchesterNew17.07\Firmware\EWARM_9\LOOCH_601_03\Obj\STM32L4xx_HAL_Used_3303305655103772160.dir\stm32l4xx_hal_rcc_ex.o
#        C:\Work\ManchesterNew17.07\Firmware\EWARM_9\LOOCH_601_03\Obj\STM32L4xx_HAL_Used_3303305655103772160.dir\stm32l4xx_hal_spi.o
#        C:\Work\ManchesterNew17.07\Firmware\EWARM_9\LOOCH_601_03\Obj\STM32L4xx_HAL_Used_3303305655103772160.dir\stm32l4xx_hal_spi_ex.o
#        C:\Work\ManchesterNew17.07\Firmware\EWARM_9\LOOCH_601_03\Obj\STM32L4xx_HAL_Used_3303305655103772160.dir\stm32l4xx_hal_tim.o
#        C:\Work\ManchesterNew17.07\Firmware\EWARM_9\LOOCH_601_03\Obj\STM32L4xx_HAL_Used_3303305655103772160.dir\stm32l4xx_hal_tim_ex.o
#        C:\Work\ManchesterNew17.07\Firmware\EWARM_9\LOOCH_601_03\Obj\STM32L4xx_HAL_Used_3303305655103772160.dir\stm32l4xx_hal_uart.o
#        C:\Work\ManchesterNew17.07\Firmware\EWARM_9\LOOCH_601_03\Obj\STM32L4xx_HAL_Used_3303305655103772160.dir\stm32l4xx_hal_uart_ex.o
#        C:\Work\ManchesterNew17.07\Firmware\EWARM_9\LOOCH_601_03\Obj\STM32L4xx_HAL_Used_3303305655103772160.dir\stm32l4xx_ll_adc.o
#        C:\Work\ManchesterNew17.07\Firmware\EWARM_9\LOOCH_601_03\Obj\PlatformCommon_15490815145210017466.dir\Stm32xxxx_hal_uart_ext.o
#        C:\Work\ManchesterNew17.07\Firmware\EWARM_9\LOOCH_601_03\Obj\STM32L4xx_5654020855996028257.dir\system_stm32l4xx.o
#        C:\Work\ManchesterNew17.07\Firmware\EWARM_9\LOOCH_601_03\Obj\FreeRTOS_4809373609813369194.dir\tasks.o
#        C:\Work\ManchesterNew17.07\Firmware\EWARM_9\LOOCH_601_03\Obj\FreeRTOS_4809373609813369194.dir\timers.o
#        C:\Work\ManchesterNew17.07\Firmware\EWARM_9\LOOCH_601_03\Obj\Utils_12244397825598072145.dir\Utils.o
#        --no_out_extension -o
#        C:\Work\ManchesterNew17.07\Firmware\EWARM_9\LOOCH_601_03\Exe\Manch.out
#        --map
#        C:\Work\ManchesterNew17.07\Firmware\EWARM_9\LOOCH_601_03\List\Manch.map
#        --config "C:\Program Files\IAR Systems\Embedded Workbench
#        9.2\arm/config/linker/ST/stm32l433xC.icf" --semihosting --entry
#        __iar_program_start --vfe --text_out locale --cpu=Cortex-M4
#        --fpu=VFPv4_sp) --dependencies=n
#        C:\Work\ManchesterNew17.07\Firmware\EWARM_9\LOOCH_601_03\Exe\Manch.out.iar_deps
#
###############################################################################

*******************************************************************************
*** RUNTIME MODEL ATTRIBUTES
***

CppFlavor       = *
__CPP_Runtime   = 1
__SystemLibrary = DLib
__dlib_version  = 6


*******************************************************************************
*** HEAP SELECTION
***

The basic heap was selected because --advanced_heap
was not specified and the application did not appear to
be primarily optimized for speed.


*******************************************************************************
*** PLACEMENT SUMMARY
***

"A0":  place at address 0x800'0000 { ro section .intvec };
"P1":  place in [from 0x0 to 0x0] |
                [from 0x800'0000 to 0x803'ffff] { ro };
define block CSTACK with size = 8K, alignment = 8 { };
define block PROC_STACK with size = 0, alignment = 8 { };
define block HEAP with size = 8K, alignment = 8 { };
"P3":  place in [from 0x2000'0000 to 0x2000'bfff] {
          rw, block CSTACK, block PROC_STACK, block HEAP };
initialize by copy { rw };

No sections matched the following patterns:

  ro section application_specific_ro  in "P2|P5"
  rw section application_specific_rw  in "P2|P5"
  section .textrw                     in "P4"


  Section            Kind         Address  Aligment    Size  Object
  -------            ----         -------  --------    ----  ------
"A0":                                                 0x18c
  .intvec            ro code   0x800'0000         4   0x18c  startup_stm32l433xx.o [3]
                             - 0x800'018c             0x18c

"P1":                                                0xcec0
  .text              ro code   0x800'018c         4  0x1078  stm32l4xx_hal_tim.o [10]
  .text              ro code   0x800'1204         4   0x130  main.o [2]
  .text              ro code   0x800'1334         4   0x194  Common_tim.o [7]
  .text              ro code   0x800'14c8         4   0x88a  SKLP_MS_TransportLocal_354_10.o [2]
  .text              ro code   0x800'1d52         2     0x2  stm32l4xx_hal_tim.o [10]
  .text              ro code   0x800'1d54         2     0x2  stm32l4xx_hal_tim_ex.o [10]
  .text              ro code   0x800'1d56         2     0x2  stm32l4xx_hal_tim_ex.o [10]
  .text              ro code   0x800'1d58         2     0x2  stm32l4xx_hal_tim.o [10]
  .text              ro code   0x800'1d5a         2     0x2  stm32l4xx_hal_tim_ex.o [10]
  .text              ro code   0x800'1d5c         4   0x538  RebootUtils.o [11]
  .text              ro code   0x800'2294         4   0x1b4  common_rcc.o [7]
  .text              ro code   0x800'2448         4   0x1a0  common_gpio.o [7]
  .text              ro code   0x800'25e8         4   0x29c  event_groups.o [5]
  .text              ro code   0x800'2884         4   0xb60  tasks.o [5]
  .text              ro code   0x800'33e4         4    0x18  stm32l4xx_hal.o [10]
  .text              ro code   0x800'33fc         4   0x228  stm32l4xx_hal_cortex.o [10]
  .text              ro code   0x800'3624         4   0x228  port.o [4]
  .text              ro code   0x800'384c         4   0x4a8  timers.o [5]
  .text              ro code   0x800'3cf4         4    0x88  stm32l4xx_hal_pwr.o [10]
  .text              ro code   0x800'3d7c         4   0xde8  stm32l4xx_hal_rcc.o [10]
  .text              ro code   0x800'4b64         4   0x5f4  SKLP_MS_Transport.o [8]
  .text              ro code   0x800'5158         4    0x54  SKLP_MS_TransportLocal_354_10.o [2]
  .text              ro code   0x800'51ac         4   0xb1e  Stm32xxxx_hal_uart_ext.o [7]
  .text              ro code   0x800'5cca         2    0x2a  copy_init3.o [14]
  .text              ro code   0x800'5cf4         4    0xa6  ABImemcpy.o [14]
  .text              ro code   0x800'5d9a         2    0x1e  xsscin.o [12]
  .text              ro code   0x800'5db8         4   0x11c  SKLP_Service.o [8]
  .text              ro code   0x800'5ed4         4   0x6c0  queue.o [5]
  .text              ro code   0x800'6594         4    0x66  ABImemset.o [14]
  .text              ro code   0x800'65fa         2    0x1a  xsnprout.o [12]
  .text              ro code   0x800'6614         4   0x444  stm32l4xx_hal_gpio.o [10]
  .text              ro code   0x800'6a58         4   0x45e  stm32l4xx_hal_tim_ex.o [10]
  .rodata            const     0x800'6eb6         2     0x2  xlocale_c.o [12]
  .text              ro code   0x800'6eb8         4   0x324  Manchester.o [2]
  .text              ro code   0x800'71dc         4    0x3c  Utils.o [11]
  .text              ro code   0x800'7218         4    0xe6  stm32l4xx_hal_iwdg.o [10]
  .rodata            const     0x800'72fe         2     0x2  xlocale_c.o [12]
  .text              ro code   0x800'7300         4   0x160  system_stm32l4xx.o [9]
  .text              ro code   0x800'7460         4    0x24  stm32l4xx_hal.o [10]
  .text              ro code   0x800'7484         4    0x44  snprintf.o [12]
  .text              ro code   0x800'74c8         4    0xf4  SKLP_Time.o [8]
  .text              ro code   0x800'75bc         4    0x70  strncpy.o [14]
  .text              ro code   0x800'762c         4    0x54  common_gpio.o [7]
  .text              ro code   0x800'7680         4    0x5c  common_gpio.o [7]
  .text              ro code   0x800'76dc         4   0x28c  heap_4.o [6]
  .text              ro code   0x800'7968         2    0x9a  list.o [5]
  .text              ro code   0x800'7a02         2     0x2  stm32l4xx_hal_cortex.o [10]
  .text              ro code   0x800'7a04         4    0x34  port.o [4]
  CODE               ro code   0x800'7a38         4    0xb0  portasm.o [4]
  .text              ro code   0x800'7ae8         4    0x60  stm32l4xx_hal_pwr_ex.o [10]
  .text              ro code   0x800'7b48         4    0x60  stm32l4xx_hal.o [10]
  .text              ro code   0x800'7ba8         4     0xc  stm32l4xx_hal.o [10]
  .text              ro code   0x800'7bb4         2    0x1a  ByteQueue.o [11]
  .text              ro code   0x800'7bce         2    0x22  ByteQueue.o [11]
  .text              ro code   0x800'7bf0         2   0x126  ByteQueue.o [11]
  .text              ro code   0x800'7d16         2    0x16  SKLP_MS_Transport.o [8]
  .text              ro code   0x800'7d2c         4   0x910  stm32l4xx_hal_uart.o [10]
  .text              ro code   0x800'863c         4   0x4d4  stm32l4xx_hal_dma.o [10]
  .text              ro code   0x800'8b10         2     0xa  Stm32xxxx_hal_uart_ext.o [7]
  .text              ro code   0x800'8b1a         2     0x2  stm32l4xx_hal_uart.o [10]
  .text              ro code   0x800'8b1c         2     0x2  stm32l4xx_hal_uart.o [10]
  .text              ro code   0x800'8b1e         2    0x14  Stm32xxxx_hal_uart_ext.o [7]
  .rodata            const     0x800'8b32               0x1  xlocale_c.o [12]
  .rodata            const     0x800'8b33               0x1  xlocale_c.o [12]
  .text              ro code   0x800'8b34         4    0x28  sscanf.o [12]
  .text              ro code   0x800'8b5c         2     0x6  SKLP_Service.o [8]
  .text              ro code   0x800'8b62         2     0x2  stm32l4xx_hal.o [10]
  .text              ro code   0x800'8b64         4   0xd12  xprintflarge_nomb.o [12]
  .rodata            const     0x800'9876               0x1  xlocale_c.o [12]
  .text              ro code   0x800'9878         4    0xe0  mktime64.o [12]
  .text              ro code   0x800'9958         2     0xe  ctime64.o [12]
  .text              ro code   0x800'9968         4    0x36  strlen.o [14]
  .text              ro code   0x800'999e         2    0x16  ByteQueue.o [11]
  .text              ro code   0x800'99b4         4   0x3d4  common_uart.o [7]
  .text              ro code   0x800'9d88         4   0x274  I64DivMod.o [14]
  .text              ro code   0x800'9ffc         2    0x24  Stm32xxxx_hal_uart_ext.o [7]
  .text              ro code   0x800'a020         4   0x644  xscanfsmall_nomb.o [12]
  .text              ro code   0x800'a664         4    0x16  strchr.o [14]
  .text              ro code   0x800'a67c         4    0x40  xfail_s.o [12]
  .text              ro code   0x800'a6bc         4    0x58  memchr.o [14]
  .text              ro code   0x800'a714         4    0x70  frexp.o [13]
  .text              ro code   0x800'a784         4   0x246  DblDiv.o [13]
  .text              ro code   0x800'a9cc         4    0x22  DblToU32.o [13]
  .text              ro code   0x800'a9f0         4    0x1c  U32ToDbl.o [13]
  .text              ro code   0x800'aa0c         4   0x24e  DblAddSub.o [13]
  .text              ro code   0x800'ac5c         4   0x1aa  DblMul.o [13]
  .text              ro code   0x800'ae08         4    0xc8  xlocale_c.o [12]
  .text              ro code   0x800'aed0         4    0xcc  xDaysTo64.o [12]
  .text              ro code   0x800'af9c         4   0x15c  xttotm64.o [12]
  .text              ro code   0x800'b0f8         2     0x4  xTzoff_nop.o [12]
  .text              ro code   0x800'b0fc         2    0x20  localtim64.o [12]
  .text              ro code   0x800'b11c         4    0x28  asctime.o [12]
  .text              ro code   0x800'b144         2    0x18  ByteQueue.o [11]
  .text              ro code   0x800'b15c         4     0x2  I64DivZer.o [14]
  .text              ro code   0x800'b15e         2    0x14  isspace.o [12]
  .text              ro code   0x800'b174         4   0x14e  iar_Stoulx.o [12]
  .text              ro code   0x800'b2c2         2    0x90  iar_Stolx.o [12]
  .text              ro code   0x800'b352         2     0x6  abort.o [12]
  .text              ro code   0x800'b358         2     0x6  xisdst_nop64.o [12]
  .text              ro code   0x800'b35e         2   0x112  xstrftim.o [12]
  .text              ro code   0x800'b470         2    0x14  tolower.o [12]
  .text              ro code   0x800'b484         4    0x14  exit.o [15]
  .text              ro code   0x800'b498         4   0x836  xgentime.o [12]
  .text              ro code   0x800'bcce         2    0x40  xgettime.o [12]
  .text              ro code   0x800'bd0e         2     0x4  getzone_nop.o [12]
  .rodata            const     0x800'bd14         4   0x100  Utils.o [11]
  .rodata            const     0x800'be14         4    0x88  xlocale_c.o [12]
  .rodata            const     0x800'be9c         4    0x68  RebootUtils.o [11]
  .rodata            const     0x800'bf04         4    0x5c  SKLP_Service.o [8]
  .rodata            const     0x800'bf60         4    0x58  xlocale_c.o [12]
  .rodata            const     0x800'bfb8         4    0x50  iar_Stoulx.o [12]
  .rodata            const     0x800'c008         4    0x4c  xlocale_c.o [12]
  .rodata            const     0x800'c054         4    0x3c  common_gpio.o [7]
  .text              ro code   0x800'c090         2    0x38  zero_init3.o [14]
  .rodata            const     0x800'c0c8         4    0x30  system_stm32l4xx.o [9]
  .rodata            const     0x800'c0f8         4    0x30  xlocale_c.o [12]
  .text              ro code   0x800'c128         4    0x2a  data_init.o [14]
  .rodata            const     0x800'c154         4    0x28  stm32l4xx_hal_tim_ex.o [10]
  .rodata            const     0x800'c17c         4    0x24  RebootUtils.o [11]
  .rodata            const     0x800'c1a0         4    0x24  tasks.o [5]
  .rodata            const     0x800'c1c4         4    0x24  xscanfsmall_nomb.o [12]
  .text              ro code   0x800'c1e8         4    0x22  fpinit_M.o [13]
  .iar.init_table    const     0x800'c20c         4    0x24  - Linker created -
  .rodata            const     0x800'c230         4    0x20  main.o [2]
  .rodata            const     0x800'c250         4    0x20  main.o [2]
  .rodata            const     0x800'c270         4    0x20  main.o [2]
  .rodata            const     0x800'c290         4    0x20  port.o [4]
  .rodata            const     0x800'c2b0         4    0x20  RebootUtils.o [11]
  .rodata            const     0x800'c2d0         4    0x20  SKLP_MS_TransportLocal_354_10.o [2]
  .rodata            const     0x800'c2f0         4    0x20  stm32l4xx_hal_cortex.o [10]
  .rodata            const     0x800'c310         4    0x20  stm32l4xx_hal_tim_ex.o [10]
  .rodata            const     0x800'c330         4    0x20  Stm32xxxx_hal_uart_ext.o [7]
  .rodata            const     0x800'c350         4    0x20  Stm32xxxx_hal_uart_ext.o [7]
  .rodata            const     0x800'c370         4    0x20  Stm32xxxx_hal_uart_ext.o [7]
  .rodata            const     0x800'c390         4    0x20  Stm32xxxx_hal_uart_ext.o [7]
  .rodata            const     0x800'c3b0         4    0x20  tasks.o [5]
  .rodata            const     0x800'c3d0         4    0x20  tasks.o [5]
  .rodata            const     0x800'c3f0         4    0x20  timers.o [5]
  .text              ro code   0x800'c410         4    0x1e  cmain.o [14]
  .text              ro code   0x800'c42e         2     0x4  low_level_init.o [12]
  .text              ro code   0x800'c432         2     0x4  exit.o [12]
  .text              ro code   0x800'c438         4     0xa  cexit.o [14]
  .rodata            const     0x800'c444         4    0x1c  common_gpio.o [7]
  .rodata            const     0x800'c460         4    0x1c  queue.o [5]
  .rodata            const     0x800'c47c         4    0x1c  SKLP_MS_TransportLocal_354_10.o [2]
  .rodata            const     0x800'c498         4    0x1c  SKLP_MS_TransportLocal_354_10.o [2]
  .rodata            const     0x800'c4b4         4    0x1c  stm32l4xx_hal_cortex.o [10]
  .rodata            const     0x800'c4d0         4    0x1c  stm32l4xx_hal_tim.o [10]
  .rodata            const     0x800'c4ec         4    0x1c  stm32l4xx_hal_tim.o [10]
  .rodata            const     0x800'c508         4    0x1c  Stm32xxxx_hal_uart_ext.o [7]
  .rodata            const     0x800'c524         4    0x1c  Stm32xxxx_hal_uart_ext.o [7]
  .rodata            const     0x800'c540         4    0x1c  Stm32xxxx_hal_uart_ext.o [7]
  .rodata            const     0x800'c55c         4    0x1c  Stm32xxxx_hal_uart_ext.o [7]
  .rodata            const     0x800'c578         4    0x1c  Stm32xxxx_hal_uart_ext.o [7]
  .rodata            const     0x800'c594         4    0x1c  tasks.o [5]
  .rodata            const     0x800'c5b0         4    0x1c  timers.o [5]
  .text              ro code   0x800'c5cc         4    0x1c  cstartup_M.o [14]
  .rodata            const     0x800'c5e8         4    0x18  BuildInfo.o [1]
  .rodata            const     0x800'c600         4    0x18  event_groups.o [5]
  .rodata            const     0x800'c618         4    0x18  RebootUtils.o [11]
  .rodata            const     0x800'c630         4    0x18  SKLP_MS_Transport.o [8]
  .rodata            const     0x800'c648         4    0x18  SKLP_MS_TransportLocal_354_10.o [2]
  .rodata            const     0x800'c660         4    0x18  stm32l4xx_hal_cortex.o [10]
  .rodata            const     0x800'c678         4    0x18  stm32l4xx_hal_cortex.o [10]
  .rodata            const     0x800'c690         4    0x18  stm32l4xx_hal_gpio.o [10]
  .rodata            const     0x800'c6a8         4    0x18  stm32l4xx_hal_iwdg.o [10]
  .rodata            const     0x800'c6c0         4    0x18  stm32l4xx_hal_pwr.o [10]
  .rodata            const     0x800'c6d8         4    0x18  stm32l4xx_hal_rcc.o [10]
  .rodata            const     0x800'c6f0         4    0x18  stm32l4xx_hal_tim.o [10]
  .rodata            const     0x800'c708         4    0x18  stm32l4xx_hal_tim_ex.o [10]
  .rodata            const     0x800'c720         4    0x18  stm32l4xx_hal_tim_ex.o [10]
  .rodata            const     0x800'c738         4    0x18  stm32l4xx_hal_uart.o [10]
  .rodata            const     0x800'c750         4    0x18  stm32l4xx_hal_uart.o [10]
  .rodata            const     0x800'c768         4    0x18  Stm32xxxx_hal_uart_ext.o [7]
  .rodata            const     0x800'c780         4    0x18  Stm32xxxx_hal_uart_ext.o [7]
  .rodata            const     0x800'c798         4    0x18  tasks.o [5]
  .rodata            const     0x800'c7b0         4    0x18  tasks.o [5]
  .rodata            const     0x800'c7c8         4    0x18  tasks.o [5]
  .rodata            const     0x800'c7e0         4    0x18  tasks.o [5]
  .rodata            const     0x800'c7f8         4    0x18  tasks.o [5]
  .rodata            const     0x800'c810         4    0x18  timers.o [5]
  .rodata            const     0x800'c828         4    0x18  timers.o [5]
  .rodata            const     0x800'c840         4    0x18  timers.o [5]
  .rodata            const     0x800'c858         4    0x14  common_gpio.o [7]
  .rodata            const     0x800'c86c         4    0x14  common_rcc.o [7]
  .rodata            const     0x800'c880         4    0x14  common_uart.o [7]
  .rodata            const     0x800'c894         4    0x14  event_groups.o [5]
  .rodata            const     0x800'c8a8         4    0x14  event_groups.o [5]
  .rodata            const     0x800'c8bc         4    0x14  port.o [4]
  .rodata            const     0x800'c8d0         4    0x14  port.o [4]
  .rodata            const     0x800'c8e4         4    0x14  port.o [4]
  .rodata            const     0x800'c8f8         4    0x14  port.o [4]
  .rodata            const     0x800'c90c         4    0x14  queue.o [5]
  .rodata            const     0x800'c920         4    0x14  queue.o [5]
  .rodata            const     0x800'c934         4    0x14  queue.o [5]
  .rodata            const     0x800'c948         4    0x14  RebootUtils.o [11]
  .rodata            const     0x800'c95c         4    0x14  RebootUtils.o [11]
  .rodata            const     0x800'c970         4    0x14  RebootUtils.o [11]
  .rodata            const     0x800'c984         4    0x14  RebootUtils.o [11]
  .rodata            const     0x800'c998         4    0x14  SKLP_MS_Transport.o [8]
  .rodata            const     0x800'c9ac         4    0x14  SKLP_MS_Transport.o [8]
  .rodata            const     0x800'c9c0         4    0x14  SKLP_Service.o [8]
  .rodata            const     0x800'c9d4         4    0x14  SKLP_Time.o [8]
  .rodata            const     0x800'c9e8         4    0x14  stm32l4xx_hal_cortex.o [10]
  .rodata            const     0x800'c9fc         4    0x14  stm32l4xx_hal_dma.o [10]
  .rodata            const     0x800'ca10         4    0x14  stm32l4xx_hal_dma.o [10]
  .rodata            const     0x800'ca24         4    0x14  stm32l4xx_hal_gpio.o [10]
  .rodata            const     0x800'ca38         4    0x14  stm32l4xx_hal_gpio.o [10]
  .rodata            const     0x800'ca4c         4    0x14  stm32l4xx_hal_pwr.o [10]
  .rodata            const     0x800'ca60         4    0x14  stm32l4xx_hal_rcc.o [10]
  .rodata            const     0x800'ca74         4    0x14  stm32l4xx_hal_rcc.o [10]
  .rodata            const     0x800'ca88         4    0x14  stm32l4xx_hal_rcc.o [10]
  .rodata            const     0x800'ca9c         4    0x14  stm32l4xx_hal_tim.o [10]
  .rodata            const     0x800'cab0         4    0x14  stm32l4xx_hal_tim.o [10]
  .rodata            const     0x800'cac4         4    0x14  stm32l4xx_hal_tim.o [10]
  .rodata            const     0x800'cad8         4    0x14  stm32l4xx_hal_tim.o [10]
  .rodata            const     0x800'caec         4    0x14  stm32l4xx_hal_tim.o [10]
  .rodata            const     0x800'cb00         4    0x14  stm32l4xx_hal_tim.o [10]
  .rodata            const     0x800'cb14         4    0x14  stm32l4xx_hal_tim.o [10]
  .rodata            const     0x800'cb28         4    0x14  Stm32xxxx_hal_uart_ext.o [7]
  .rodata            const     0x800'cb3c         4    0x14  Stm32xxxx_hal_uart_ext.o [7]
  .rodata            const     0x800'cb50         4    0x14  tasks.o [5]
  .rodata            const     0x800'cb64         4    0x14  tasks.o [5]
  .rodata            const     0x800'cb78         4    0x14  tasks.o [5]
  .rodata            const     0x800'cb8c         4    0x14  timers.o [5]
  .text              ro code   0x800'cba0         2    0x14  xencoding_8859_1.o [12]
  .rodata            const     0x800'cbb4         4    0x10  common_gpio.o [7]
  .rodata            const     0x800'cbc4         4    0x10  common_gpio.o [7]
  .rodata            const     0x800'cbd4         4    0x10  common_rcc.o [7]
  .rodata            const     0x800'cbe4         4    0x10  common_uart.o [7]
  .rodata            const     0x800'cbf4         4    0x10  event_groups.o [5]
  .rodata            const     0x800'cc04         4    0x10  heap_4.o [6]
  .rodata            const     0x800'cc14         4    0x10  queue.o [5]
  .rodata            const     0x800'cc24         4    0x10  RebootUtils.o [11]
  .rodata            const     0x800'cc34         4    0x10  RebootUtils.o [11]
  .rodata            const     0x800'cc44         4    0x10  RebootUtils.o [11]
  .rodata            const     0x800'cc54         4    0x10  RebootUtils.o [11]
  .rodata            const     0x800'cc64         4    0x10  RebootUtils.o [11]
  .rodata            const     0x800'cc74         4    0x10  SKLP_MS_TransportLocal_354_10.o [2]
  .rodata            const     0x800'cc84         4    0x10  SKLP_MS_TransportLocal_354_10.o [2]
  .rodata            const     0x800'cc94         4    0x10  SKLP_Service.o [8]
  .rodata            const     0x800'cca4         4    0x10  SKLP_Service.o [8]
  .rodata            const     0x800'ccb4         4    0x10  SKLP_Time.o [8]
  .rodata            const     0x800'ccc4         4    0x10  stm32l4xx_hal_dma.o [10]
  .rodata            const     0x800'ccd4         4    0x10  stm32l4xx_hal_gpio.o [10]
  .rodata            const     0x800'cce4         4    0x10  stm32l4xx_hal_iwdg.o [10]
  .rodata            const     0x800'ccf4         4    0x10  stm32l4xx_hal_uart.o [10]
  .rodata            const     0x800'cd04         4    0x10  stm32l4xx_hal_uart.o [10]
  .rodata            const     0x800'cd14         4    0x10  system_stm32l4xx.o [9]
  .rodata            const     0x800'cd24         4    0x10  tasks.o [5]
  .text              ro code   0x800'cd34         4    0x10  startup_stm32l433xx.o [3]
  .rodata            const     0x800'cd44         4     0xc  BuildInfo.o [1]
  .rodata            const     0x800'cd50         4     0xc  BuildInfo.o [1]
  .rodata            const     0x800'cd5c         4     0xc  BuildInfo.o [1]
  .rodata            const     0x800'cd68         4     0xc  heap_4.o [6]
  .rodata            const     0x800'cd74         4     0xc  heap_4.o [6]
  .rodata            const     0x800'cd80         4     0xc  RebootUtils.o [11]
  .rodata            const     0x800'cd8c         4     0xc  RebootUtils.o [11]
  .rodata            const     0x800'cd98         4     0xc  RebootUtils.o [11]
  .rodata            const     0x800'cda4         4     0xc  RebootUtils.o [11]
  .rodata            const     0x800'cdb0         4     0xc  RebootUtils.o [11]
  .rodata            const     0x800'cdbc         4     0xc  SKLP_MS_TransportLocal_354_10.o [2]
  .rodata            const     0x800'cdc8         4     0xc  SKLP_MS_TransportLocal_354_10.o [2]
  .rodata            const     0x800'cdd4         4     0xc  SKLP_Service.o [8]
  .rodata            const     0x800'cde0         4     0xc  SKLP_Service.o [8]
  .rodata            const     0x800'cdec         4     0xc  SKLP_Service.o [8]
  .rodata            const     0x800'cdf8         4     0xc  SKLP_Time.o [8]
  .rodata            const     0x800'ce04         4     0xc  tasks.o [5]
  .rodata            const     0x800'ce10         4     0xc  timers.o [5]
  .rodata            const     0x800'ce1c         4     0x8  BuildInfo.o [1]
  .rodata            const     0x800'ce24         4     0x8  main.o [2]
  .rodata            const     0x800'ce2c         4     0x8  main.o [2]
  .rodata            const     0x800'ce34         4     0x8  port.o [4]
  .rodata            const     0x800'ce3c         4     0x8  queue.o [5]
  .rodata            const     0x800'ce44         4     0x8  RebootUtils.o [11]
  .rodata            const     0x800'ce4c         4     0x8  RebootUtils.o [11]
  .rodata            const     0x800'ce54         4     0x8  RebootUtils.o [11]
  .rodata            const     0x800'ce5c         4     0x8  RebootUtils.o [11]
  .rodata            const     0x800'ce64         4     0x8  SKLP_MS_TransportLocal_354_10.o [2]
  .rodata            const     0x800'ce6c         4     0x8  SKLP_MS_TransportLocal_354_10.o [2]
  .rodata            const     0x800'ce74         4     0x8  system_stm32l4xx.o [9]
  .rodata            const     0x800'ce7c         4     0x8  tasks.o [5]
  .rodata            const     0x800'ce84         4     0x8  tasks.o [5]
  .rodata            const     0x800'ce8c         4     0x8  timers.o [5]
  .rodata            const     0x800'ce94         4     0x8  timers.o [5]
  .rodata            const     0x800'ce9c         4     0x8  xlocale_c.o [12]
  .rodata            const     0x800'cea4         4     0x4  BuildInfo.o [1]
  .rodata            const     0x800'cea8         4     0x4  heap_4.o [6]
  .rodata            const     0x800'ceac         4     0x4  port.o [4]
  .rodata            const     0x800'ceb0         4     0x4  RebootUtils.o [11]
  .text              ro code   0x800'ceb4         2     0x4  startup_stm32l433xx.o [3]
  .text              ro code   0x800'ceb8         2     0x4  startup_stm32l433xx.o [3]
  .text              ro code   0x800'cebc         2     0x4  startup_stm32l433xx.o [3]
  .text              ro code   0x800'cec0         2     0x4  startup_stm32l433xx.o [3]
  .text              ro code   0x800'cec4         2     0x4  startup_stm32l433xx.o [3]
  .text              ro code   0x800'cec8         2     0x4  startup_stm32l433xx.o [3]
  .text              ro code   0x800'cecc         2     0x4  startup_stm32l433xx.o [3]
  .text              ro code   0x800'ced0         2     0x4  startup_stm32l433xx.o [3]
  .text              ro code   0x800'ced4         2     0x4  startup_stm32l433xx.o [3]
  .text              ro code   0x800'ced8         2     0x4  startup_stm32l433xx.o [3]
  .text              ro code   0x800'cedc         2     0x4  startup_stm32l433xx.o [3]
  .text              ro code   0x800'cee0         2     0x4  startup_stm32l433xx.o [3]
  .text              ro code   0x800'cee4         2     0x4  startup_stm32l433xx.o [3]
  .text              ro code   0x800'cee8         2     0x4  startup_stm32l433xx.o [3]
  .text              ro code   0x800'ceec         2     0x4  startup_stm32l433xx.o [3]
  .text              ro code   0x800'cef0         2     0x4  startup_stm32l433xx.o [3]
  .text              ro code   0x800'cef4         2     0x4  startup_stm32l433xx.o [3]
  .text              ro code   0x800'cef8         2     0x4  startup_stm32l433xx.o [3]
  .text              ro code   0x800'cefc         2     0x4  startup_stm32l433xx.o [3]
  .text              ro code   0x800'cf00         2     0x4  startup_stm32l433xx.o [3]
  .text              ro code   0x800'cf04         2     0x4  startup_stm32l433xx.o [3]
  .text              ro code   0x800'cf08         2     0x4  startup_stm32l433xx.o [3]
  .text              ro code   0x800'cf0c         2     0x4  startup_stm32l433xx.o [3]
  .text              ro code   0x800'cf10         2     0x4  startup_stm32l433xx.o [3]
  .text              ro code   0x800'cf14         2     0x4  startup_stm32l433xx.o [3]
  .text              ro code   0x800'cf18         2     0x4  startup_stm32l433xx.o [3]
  .text              ro code   0x800'cf1c         2     0x4  startup_stm32l433xx.o [3]
  .text              ro code   0x800'cf20         2     0x4  startup_stm32l433xx.o [3]
  .text              ro code   0x800'cf24         2     0x4  startup_stm32l433xx.o [3]
  .text              ro code   0x800'cf28         2     0x4  startup_stm32l433xx.o [3]
  .text              ro code   0x800'cf2c         2     0x4  startup_stm32l433xx.o [3]
  .text              ro code   0x800'cf30         2     0x4  startup_stm32l433xx.o [3]
  .text              ro code   0x800'cf34         2     0x4  startup_stm32l433xx.o [3]
  .text              ro code   0x800'cf38         2     0x4  startup_stm32l433xx.o [3]
  .text              ro code   0x800'cf3c         2     0x4  startup_stm32l433xx.o [3]
  .text              ro code   0x800'cf40         2     0x4  startup_stm32l433xx.o [3]
  .text              ro code   0x800'cf44         2     0x4  startup_stm32l433xx.o [3]
  .text              ro code   0x800'cf48         2     0x4  startup_stm32l433xx.o [3]
  .text              ro code   0x800'cf4c         2     0x4  startup_stm32l433xx.o [3]
  .text              ro code   0x800'cf50         2     0x4  startup_stm32l433xx.o [3]
  .text              ro code   0x800'cf54         2     0x4  startup_stm32l433xx.o [3]
  .text              ro code   0x800'cf58         2     0x4  startup_stm32l433xx.o [3]
  .text              ro code   0x800'cf5c         2     0x4  startup_stm32l433xx.o [3]
  .text              ro code   0x800'cf60         2     0x4  startup_stm32l433xx.o [3]
  .text              ro code   0x800'cf64         2     0x4  startup_stm32l433xx.o [3]
  .text              ro code   0x800'cf68         2     0x4  startup_stm32l433xx.o [3]
  .text              ro code   0x800'cf6c         2     0x4  startup_stm32l433xx.o [3]
  .text              ro code   0x800'cf70         2     0x4  startup_stm32l433xx.o [3]
  .text              ro code   0x800'cf74         2     0x4  startup_stm32l433xx.o [3]
  .text              ro code   0x800'cf78         2     0x4  startup_stm32l433xx.o [3]
  .text              ro code   0x800'cf7c         2     0x4  startup_stm32l433xx.o [3]
  .text              ro code   0x800'cf80         2     0x4  startup_stm32l433xx.o [3]
  .text              ro code   0x800'cf84         2     0x4  startup_stm32l433xx.o [3]
  .text              ro code   0x800'cf88         2     0x4  startup_stm32l433xx.o [3]
  .text              ro code   0x800'cf8c         2     0x4  startup_stm32l433xx.o [3]
  .text              ro code   0x800'cf90         2     0x4  startup_stm32l433xx.o [3]
  .text              ro code   0x800'cf94         2     0x4  startup_stm32l433xx.o [3]
  .text              ro code   0x800'cf98         2     0x4  startup_stm32l433xx.o [3]
  .rodata            const     0x800'cf9c               0x0  zero_init3.o [14]
  .rodata            const     0x800'cf9c               0x0  copy_init3.o [14]
  Initializer bytes  const     0x800'cf9c         4    0xb0  <for P3 s0>
                             - 0x800'd04c            0xcec0

"P3", part 1 of 3:                                     0xb0
  P3 s0                       0x2000'0000              0xb0  <Init block>
    .data            inited   0x2000'0000         4    0x48  xlocale_c.o [12]
    .data            inited   0x2000'0048         4    0x38  xlocale_c.o [12]
    .data            inited   0x2000'0080         4     0xc  SKLP_MS_TransportLocal_354_10.o [2]
    .data            inited   0x2000'008c         4     0xc  SKLP_MS_TransportLocal_354_10.o [2]
    .data            inited   0x2000'0098         4     0x8  SKLP_Service.o [8]
    .data            inited   0x2000'00a0         4     0x4  port.o [4]
    .data            inited   0x2000'00a4         4     0x4  stm32l4xx_hal.o [10]
    .data            inited   0x2000'00a8         4     0x4  stm32l4xx_hal.o [10]
    .data            inited   0x2000'00ac         4     0x4  system_stm32l4xx.o [9]
                            - 0x2000'00b0              0xb0

"P3", part 2 of 3:                                    0xbb0
  .bss               zero     0x2000'00b0         4   0x404  SKLP_MS_TransportLocal_354_10.o [2]
  .bss               zero     0x2000'04b4         4   0x400  SKLP_MS_TransportLocal_354_10.o [2]
  .bss               zero     0x2000'08b4         4    0x80  common_rcc.o [7]
  .bss               zero     0x2000'0934         4    0x64  tasks.o [5]
  .bss               zero     0x2000'0998         4    0x40  Common_tim.o [7]
  .bss               zero     0x2000'09d8         4    0x40  Common_tim.o [7]
  .bss               zero     0x2000'0a18         4    0x40  Common_tim.o [7]
  .bss               zero     0x2000'0a58         4    0x40  queue.o [5]
  .bss               zero     0x2000'0a98         4    0x40  SKLP_MS_TransportLocal_354_10.o [2]
  .bss               zero     0x2000'0ad8         4    0x2c  xttotm64.o [12]
  .bss               zero     0x2000'0b04         4    0x1c  asctime.o [12]
  .bss               zero     0x2000'0b20         4    0x14  tasks.o [5]
  .bss               zero     0x2000'0b34         4    0x14  tasks.o [5]
  .bss               zero     0x2000'0b48         4    0x14  tasks.o [5]
  .bss               zero     0x2000'0b5c         4    0x14  tasks.o [5]
  .bss               zero     0x2000'0b70         4    0x14  tasks.o [5]
  .bss               zero     0x2000'0b84         4    0x14  timers.o [5]
  .bss               zero     0x2000'0b98         4    0x14  timers.o [5]
  .bss               zero     0x2000'0bac         4    0x10  Stm32xxxx_hal_uart_ext.o [7]
  .bss               zero     0x2000'0bbc         4     0x8  heap_4.o [6]
  .bss               zero     0x2000'0bc4         4     0x8  SKLP_Service.o [8]
  .bss               zero     0x2000'0bcc         4     0x4  common_rcc.o [7]
  .bss               zero     0x2000'0bd0         4     0x4  heap_4.o [6]
  .bss               zero     0x2000'0bd4         4     0x4  heap_4.o [6]
  .bss               zero     0x2000'0bd8         4     0x4  heap_4.o [6]
  .bss               zero     0x2000'0bdc         4     0x4  heap_4.o [6]
  .bss               zero     0x2000'0be0         4     0x4  main.o [2]
  .bss               zero     0x2000'0be4         4     0x4  main.o [2]
  .bss               zero     0x2000'0be8         4     0x4  main.o [2]
  .bss               zero     0x2000'0bec         4     0x4  port.o [4]
  .bss               zero     0x2000'0bf0         4     0x4  RebootUtils.o [11]
  .bss               zero     0x2000'0bf4         4     0x4  SKLP_MS_TransportLocal_354_10.o [2]
  .bss               zero     0x2000'0bf8         4     0x4  SKLP_MS_TransportLocal_354_10.o [2]
  .bss               zero     0x2000'0bfc         4     0x4  SKLP_Service.o [8]
  .bss               zero     0x2000'0c00         4     0x4  stm32l4xx_hal.o [10]
  .bss               zero     0x2000'0c04         4     0x4  tasks.o [5]
  .bss               zero     0x2000'0c08         4     0x4  tasks.o [5]
  .bss               zero     0x2000'0c0c         4     0x4  tasks.o [5]
  .bss               zero     0x2000'0c10         4     0x4  tasks.o [5]
  .bss               zero     0x2000'0c14         4     0x4  tasks.o [5]
  .bss               zero     0x2000'0c18         4     0x4  tasks.o [5]
  .bss               zero     0x2000'0c1c         4     0x4  tasks.o [5]
  .bss               zero     0x2000'0c20         4     0x4  tasks.o [5]
  .bss               zero     0x2000'0c24         4     0x4  tasks.o [5]
  .bss               zero     0x2000'0c28         4     0x4  tasks.o [5]
  .bss               zero     0x2000'0c2c         4     0x4  tasks.o [5]
  .bss               zero     0x2000'0c30         4     0x4  tasks.o [5]
  .bss               zero     0x2000'0c34         4     0x4  tasks.o [5]
  .bss               zero     0x2000'0c38         4     0x4  tasks.o [5]
  .bss               zero     0x2000'0c3c         4     0x4  tasks.o [5]
  .bss               zero     0x2000'0c40         4     0x4  timers.o [5]
  .bss               zero     0x2000'0c44         4     0x4  timers.o [5]
  .bss               zero     0x2000'0c48         4     0x4  timers.o [5]
  .bss               zero     0x2000'0c4c         4     0x4  timers.o [5]
  .bss               zero     0x2000'0c50         4     0x4  timers.o [5]
  .bss               zero     0x2000'0c54         4     0x4  xfail_s.o [12]
  .bss               zero     0x2000'0c58               0x1  main.o [2]
  .bss               zero     0x2000'0c59               0x1  Manchester.o [2]
  .bss               zero     0x2000'0c5a               0x1  port.o [4]
  .bss               zero     0x2000'0c5b               0x1  SKLP_MS_TransportLocal_354_10.o [2]
  .bss               zero     0x2000'0c5c               0x1  SKLP_Service.o [8]
                            - 0x2000'0c5d             0xbad

"P3", part 3 of 3:                                   0x67d0
  .noinit            uninit   0x2000'0c60         4  0x4000  main.o [2]
  .noinit            uninit   0x2000'4c60         4   0x200  SKLP_MS_TransportLocal_354_10.o [2]
  .noinit            uninit   0x2000'4e60         4   0x200  SKLP_MS_TransportLocal_354_10.o [2]
  .noinit            uninit   0x2000'5060         4    0xac  common_uart.o [7]
  .noinit            uninit   0x2000'510c         4    0xac  common_uart.o [7]
  .noinit            uninit   0x2000'51b8         4    0xa0  SKLP_MS_TransportLocal_354_10.o [2]
  .noinit            uninit   0x2000'5258         4    0xa0  SKLP_Service.o [8]
  .noinit            uninit   0x2000'52f8         4    0x48  common_uart.o [7]
  .noinit            uninit   0x2000'5340         4    0x48  common_uart.o [7]
  .noinit            uninit   0x2000'5388         4    0x48  common_uart.o [7]
  .noinit            uninit   0x2000'53d0         4    0x48  common_uart.o [7]
  .noinit            uninit   0x2000'5418         4    0x10  RebootUtils.o [11]
  .noinit            uninit   0x2000'5428         4     0x4  SKLP_Service.o [8]
  .noinit            uninit   0x2000'542c         4     0x4  SKLP_Service.o [8]
  CSTACK                      0x2000'5430         8  0x2000  <Block>
    CSTACK           uninit   0x2000'5430            0x2000  <Block tail>
                            - 0x2000'7430            0x67d0

Absolute sections:                                    0x298
  .noinit            uninit   0x2000'fd68             0x298  RebootUtils.o [11]
                            - 0x2001'0000             0x298

Unused ranges:

         From           To      Size
         ----           --      ----
          0x0          0x0       0x1
   0x800'd04c   0x803'ffff  0x3'2fb4
  0x2000'7430  0x2000'bfff    0x4bd0


*******************************************************************************
*** INIT TABLE
***

          Address      Size
          -------      ----
Zero (__iar_zero_init3)
    1 destination range, total size 0xbad:
          0x2000'00b0  0xbad

Copy (__iar_copy_init3)
    1 source range, total size 0xb0:
           0x800'cf9c   0xb0
    1 destination range, total size 0xb0:
          0x2000'0000   0xb0



*******************************************************************************
*** MODULE SUMMARY
***

    Module                           ro code  ro data  rw data  rw data
                                                                 (abs)
    ------                           -------  -------  -------  -------
command line/config:
    -------------------------------------------------------------------
    Total:

C:\Work\ManchesterNew17.07\Firmware\EWARM_9\LOOCH_601_03\Obj: [1]
    BuildInfo.o                                    72
    -------------------------------------------------------------------
    Total:                                         72

C:\Work\ManchesterNew17.07\Firmware\EWARM_9\LOOCH_601_03\Obj\Application_4454359601498626787.dir: [2]
    Manchester.o                         804                 1
    SKLP_MS_TransportLocal_354_10.o    2'270      208    3'333
    main.o                               304      112   16'397
    -------------------------------------------------------------------
    Total:                             3'378      320   19'731

C:\Work\ManchesterNew17.07\Firmware\EWARM_9\LOOCH_601_03\Obj\CMSIS_6603591812247902717.dir: [3]
    startup_stm32l433xx.o                644
    -------------------------------------------------------------------
    Total:                               644

C:\Work\ManchesterNew17.07\Firmware\EWARM_9\LOOCH_601_03\Obj\CortexM4-F_9125968611666436719.dir: [4]
    port.o                               604      128        9
    portasm.o                            176
    -------------------------------------------------------------------
    Total:                               780      128        9

C:\Work\ManchesterNew17.07\Firmware\EWARM_9\LOOCH_601_03\Obj\FreeRTOS_4809373609813369194.dir: [5]
    event_groups.o                       668       80
    list.o                               154
    queue.o                            1'728      112       64
    tasks.o                            2'912      352      260
    timers.o                           1'192      180       60
    -------------------------------------------------------------------
    Total:                             6'654      724      384

C:\Work\ManchesterNew17.07\Firmware\EWARM_9\LOOCH_601_03\Obj\Heap_10681622352241717.dir: [6]
    heap_4.o                             652       44       24
    -------------------------------------------------------------------
    Total:                               652       44       24

C:\Work\ManchesterNew17.07\Firmware\EWARM_9\LOOCH_601_03\Obj\PlatformCommon_15490815145210017466.dir: [7]
    Common_tim.o                         404               192
    Stm32xxxx_hal_uart_ext.o           2'912      356       16
    common_gpio.o                        592      140
    common_rcc.o                         436       36      132
    common_uart.o                        980       36      632
    -------------------------------------------------------------------
    Total:                             5'324      568      972

C:\Work\ManchesterNew17.07\Firmware\EWARM_9\LOOCH_601_03\Obj\SKLP_14977183932441849263.dir: [8]
    SKLP_MS_Transport.o                1'546       64
    SKLP_Service.o                       290      188      189
    SKLP_Time.o                          244       48
    -------------------------------------------------------------------
    Total:                             2'080      300      189

C:\Work\ManchesterNew17.07\Firmware\EWARM_9\LOOCH_601_03\Obj\STM32L4xx_5654020855996028257.dir: [9]
    system_stm32l4xx.o                   352       76        4
    -------------------------------------------------------------------
    Total:                               352       76        4

C:\Work\ManchesterNew17.07\Firmware\EWARM_9\LOOCH_601_03\Obj\STM32L4xx_HAL_Used_3303305655103772160.dir: [10]
    stm32l4xx_hal.o                      170        8       12
    stm32l4xx_hal_cortex.o               554      128
    stm32l4xx_hal_dma.o                1'236       56
    stm32l4xx_hal_gpio.o               1'092       80
    stm32l4xx_hal_iwdg.o                 230       40
    stm32l4xx_hal_pwr.o                  136       44
    stm32l4xx_hal_pwr_ex.o                96
    stm32l4xx_hal_rcc.o                3'560       84
    stm32l4xx_hal_tim.o                4'220      220
    stm32l4xx_hal_tim_ex.o             1'124      120
    stm32l4xx_hal_uart.o               2'324       80
    -------------------------------------------------------------------
    Total:                            14'742      860       12

C:\Work\ManchesterNew17.07\Firmware\EWARM_9\LOOCH_601_03\Obj\Utils_12244397825598072145.dir: [11]
    ByteQueue.o                          400
    RebootUtils.o                      1'336      452       20      664
    Utils.o                               60      256
    -------------------------------------------------------------------
    Total:                             1'796      708       20      664

dl7M_tlf.a: [12]
    abort.o                                6
    asctime.o                             40                28
    ctime64.o                             14
    exit.o                                 4
    getzone_nop.o                          4
    iar_Stolx.o                          144
    iar_Stoulx.o                         334       80
    isspace.o                             20
    localtim64.o                          32
    low_level_init.o                       4
    mktime64.o                           224
    snprintf.o                            68
    sscanf.o                              40
    tolower.o                             20
    xDaysTo64.o                          204
    xTzoff_nop.o                           4
    xencoding_8859_1.o                    20
    xfail_s.o                             64                 4
    xgentime.o                         2'102
    xgettime.o                            64
    xisdst_nop64.o                         6
    xlocale_c.o                          200      491      128
    xprintflarge_nomb.o                3'346
    xscanfsmall_nomb.o                 1'604       36
    xsnprout.o                            26
    xsscin.o                              30
    xstrftim.o                           274
    xttotm64.o                           348                44
    -------------------------------------------------------------------
    Total:                             9'246      607      204

m7M_tls.a: [13]
    DblAddSub.o                          590
    DblDiv.o                             582
    DblMul.o                             426
    DblToU32.o                            34
    U32ToDbl.o                            28
    fpinit_M.o                            34
    frexp.o                              112
    -------------------------------------------------------------------
    Total:                             1'806

rt7M_tl.a: [14]
    ABImemcpy.o                          166
    ABImemset.o                          102
    I64DivMod.o                          628
    I64DivZer.o                            2
    cexit.o                               10
    cmain.o                               30
    copy_init3.o                          42
    cstartup_M.o                          28
    data_init.o                           42
    memchr.o                              88
    strchr.o                              22
    strlen.o                              54
    strncpy.o                            112
    zero_init3.o                          56
    -------------------------------------------------------------------
    Total:                             1'382

shb_l.a: [15]
    exit.o                                20
    -------------------------------------------------------------------
    Total:                                20

    Gaps                                  17        8
    Linker created                                 36    8'192
-----------------------------------------------------------------------
    Grand Total:                      48'873    4'451   29'741      664


*******************************************************************************
*** ENTRY LIST
***

Entry                       Address    Size  Type      Object
-----                       -------    ----  ----      ------
.iar.init_table$$Base    0x800'c20c           --   Gb  - Linker created -
.iar.init_table$$Limit   0x800'c230           --   Gb  - Linker created -
?main                    0x800'c411          Code  ??  cmain.o [14]
ADC1_IRQHandler          0x800'cef1          Code  Wk  startup_stm32l433xx.o [3]
AHBPrescTable            0x800'cd14    0x10  Data  ??  system_stm32l4xx.o [9]
APBPrescTable            0x800'ce74     0x8  Data  ??  system_stm32l4xx.o [9]
BusFault_Handler         0x800'219f     0xe  Code  ??  RebootUtils.o [11]
ByteQueue_AdvanceHeadTo
                         0x800'8b1f    0x14  Code  Wk  Stm32xxxx_hal_uart_ext.o [7]
ByteQueue_AdvanceIndexBy
                         0x800'b145    0x18  Code  Wk  ByteQueue.o [11]
ByteQueue_AdvanceIndexTo
                         0x800'9ffd    0x24  Code  Wk  Stm32xxxx_hal_uart_ext.o [7]
ByteQueue_AdvanceTailBy
                         0x800'999f    0x16  Code  Wk  ByteQueue.o [11]
ByteQueue_BufferCopyFragment
                         0x800'7bf1    0xb6  Code  ??  ByteQueue.o [11]
ByteQueue_BufferCopyFromTail
                         0x800'7ca7    0x42  Code  ??  ByteQueue.o [11]
ByteQueue_Clear          0x800'8b11     0xa  Code  Wk  Stm32xxxx_hal_uart_ext.o [7]
ByteQueue_GetSpaceFilled
                         0x800'7bcf    0x22  Code  Wk  ByteQueue.o [11]
ByteQueue_Peek           0x800'7d17    0x16  Code  Wk  SKLP_MS_Transport.o [8]
ByteQueue_RemoveFromTail
                         0x800'7ce9    0x2e  Code  ??  ByteQueue.o [11]
ByteQueue_Validate       0x800'7bb5    0x1a  Code  Wk  ByteQueue.o [11]
CAN1_RX0_IRQHandler      0x800'cef9          Code  Wk  startup_stm32l433xx.o [3]
CAN1_RX1_IRQHandler      0x800'cefd          Code  Wk  startup_stm32l433xx.o [3]
CAN1_SCE_IRQHandler      0x800'cf01          Code  Wk  startup_stm32l433xx.o [3]
CAN1_TX_IRQHandler       0x800'cef5          Code  Wk  startup_stm32l433xx.o [3]
COM1_DMARX_hdl          0x2000'5340    0x48  Data  ??  common_uart.o [7]
COM1_DMATX_hdl          0x2000'52f8    0x48  Data  ??  common_uart.o [7]
COM1_UART_Ext_hdl       0x2000'5060    0xac  Data  ??  common_uart.o [7]
COM3_DMARX_hdl          0x2000'53d0    0x48  Data  ??  common_uart.o [7]
COM3_DMATX_hdl          0x2000'5388    0x48  Data  ??  common_uart.o [7]
COM3_UART_Ext_hdl       0x2000'510c    0xac  Data  ??  common_uart.o [7]
COMP_IRQHandler          0x800'cf59          Code  Wk  startup_stm32l433xx.o [3]
CRS_IRQHandler           0x800'cf99          Code  Wk  startup_stm32l433xx.o [3]
CSTACK$$Base            0x2000'5430           --   Gb  - Linker created -
CSTACK$$Limit           0x2000'7430           --   ??  - Linker created -
CacheMore                0x800'ae39    0x28  Code  Lc  xlocale_c.o [12]
CalcCRC8SKLP             0x800'7201    0x12  Code  ??  Utils.o [11]
CalcCRC8SKLP_Load        0x800'71dd    0x24  Code  ??  Utils.o [11]
DMA1_Channel1_IRQHandler
                         0x800'cee5          Code  Wk  startup_stm32l433xx.o [3]
DMA1_Channel2_IRQHandler
                         0x800'9d29     0xa  Code  ??  common_uart.o [7]
DMA1_Channel3_IRQHandler
                         0x800'9d33     0xa  Code  ??  common_uart.o [7]
DMA1_Channel4_IRQHandler
                         0x800'9d15     0xa  Code  ??  common_uart.o [7]
DMA1_Channel5_IRQHandler
                         0x800'9d1f     0xa  Code  ??  common_uart.o [7]
DMA1_Channel6_IRQHandler
                         0x800'cee9          Code  Wk  startup_stm32l433xx.o [3]
DMA1_Channel7_IRQHandler
                         0x800'ceed          Code  Wk  startup_stm32l433xx.o [3]
DMA2_Channel1_IRQHandler
                         0x800'cf45          Code  Wk  startup_stm32l433xx.o [3]
DMA2_Channel2_IRQHandler
                         0x800'cf49          Code  Wk  startup_stm32l433xx.o [3]
DMA2_Channel3_IRQHandler
                         0x800'cf4d          Code  Wk  startup_stm32l433xx.o [3]
DMA2_Channel4_IRQHandler
                         0x800'cf51          Code  Wk  startup_stm32l433xx.o [3]
DMA2_Channel5_IRQHandler
                         0x800'cf55          Code  Wk  startup_stm32l433xx.o [3]
DMA2_Channel6_IRQHandler
                         0x800'cf69          Code  Wk  startup_stm32l433xx.o [3]
DMA2_Channel7_IRQHandler
                         0x800'cf6d          Code  Wk  startup_stm32l433xx.o [3]
DMA_SetConfig            0x800'8adf    0x32  Code  Lc  stm32l4xx_hal_dma.o [10]
DWT_AppendTimestampTag   0x800'23f3    0x32  Code  ??  common_rcc.o [7]
DWT_TimerDelay           0x800'2391     0xe  Code  ??  common_rcc.o [7]
DWT_TimerEnable          0x800'2373    0x18  Code  ??  common_rcc.o [7]
DWT_TimerGet             0x800'238b     0x6  Code  ??  common_rcc.o [7]
DWT_TimerInit            0x800'2357    0x1c  Code  Lc  common_rcc.o [7]
DWT_TimestampTagsCount  0x2000'0bcc     0x4  Data  Lc  common_rcc.o [7]
DebugMon_Handler         0x800'ceb9          Code  Wk  startup_stm32l433xx.o [3]
Delay_us                 0x800'239f    0x24  Code  ??  common_rcc.o [7]
EXTI0_IRQHandler         0x800'ced1          Code  Wk  startup_stm32l433xx.o [3]
EXTI15_10_IRQHandler     0x800'cf35          Code  Wk  startup_stm32l433xx.o [3]
EXTI1_IRQHandler         0x800'ced5          Code  Wk  startup_stm32l433xx.o [3]
EXTI2_IRQHandler         0x800'ced9          Code  Wk  startup_stm32l433xx.o [3]
EXTI3_IRQHandler         0x800'cedd          Code  Wk  startup_stm32l433xx.o [3]
EXTI4_IRQHandler         0x800'cee1          Code  Wk  startup_stm32l433xx.o [3]
EXTI9_5_IRQHandler       0x800'1c65    0x1e  Code  ??  SKLP_MS_TransportLocal_354_10.o [2]
EventGroup_System       0x2000'0be0     0x4  Data  ??  main.o [2]
FLASH_IRQHandler         0x800'21bb     0xe  Code  ??  RebootUtils.o [11]
FPU_IRQHandler           0x800'cf95          Code  Wk  startup_stm32l433xx.o [3]
FaultCallback            0x800'12f3     0xa  Code  ??  main.o [2]
FaultCallback::FaultCallbackCnt
                        0x2000'0be4     0x4  Data  Lc  main.o [2]
GPIO_Common_Init         0x800'2449   0x166  Code  ??  common_gpio.o [7]
GPIO_Common_Init::__FUNCTION__
                         0x800'c858    0x14  Data  Lc  common_gpio.o [7]
GPIO_Common_InitAll      0x800'25af    0x16  Code  ??  common_gpio.o [7]
GPIO_Common_Toggle       0x800'5159    0x54  Code  Wk  SKLP_MS_TransportLocal_354_10.o [2]
GPIO_Common_Write        0x800'7681    0x5c  Code  Wk  common_gpio.o [7]
GPIO_Common_isPinSkipped
                         0x800'762d    0x54  Code  Wk  common_gpio.o [7]
GPIO_Common_isPinSkipped::__FUNCTION__
                         0x800'c444    0x1c  Data  Lc  common_gpio.o [7]
GetLocalTimeStr          0x800'2113     0xa  Code  Lc  RebootUtils.o [11]
HAL_DMA_IRQHandler       0x800'89ed    0xf2  Code  ??  stm32l4xx_hal_dma.o [10]
HAL_DMA_Init             0x800'863d   0x2a4  Code  ??  stm32l4xx_hal_dma.o [10]
HAL_DMA_Init::__FUNCTION__
                         0x800'ccc4    0x10  Data  Lc  stm32l4xx_hal_dma.o [10]
HAL_DMA_Start_IT         0x800'88e1    0xae  Code  ??  stm32l4xx_hal_dma.o [10]
HAL_DMA_Start_IT::__FUNCTION__
                         0x800'ca10    0x14  Data  Lc  stm32l4xx_hal_dma.o [10]
HAL_Delay                0x800'23c3    0x30  Code  ??  common_rcc.o [7]
HAL_GPIO_EXTI_Callback   0x800'1c83    0x2a  Code  ??  SKLP_MS_TransportLocal_354_10.o [2]
HAL_GPIO_EXTI_IRQHandler
                         0x800'69dd    0x20  Code  ??  stm32l4xx_hal_gpio.o [10]
HAL_GPIO_Init            0x800'6615   0x34a  Code  ??  stm32l4xx_hal_gpio.o [10]
HAL_GPIO_Init::__FUNCTION__
                         0x800'ccd4    0x10  Data  Lc  stm32l4xx_hal_gpio.o [10]
HAL_GPIO_ReadPin         0x800'695f    0x2e  Code  ??  stm32l4xx_hal_gpio.o [10]
HAL_GPIO_ReadPin::__FUNCTION__
                         0x800'ca24    0x14  Data  Lc  stm32l4xx_hal_gpio.o [10]
HAL_GPIO_WritePin        0x800'698d    0x50  Code  ??  stm32l4xx_hal_gpio.o [10]
HAL_GPIO_WritePin::__FUNCTION__
                         0x800'ca38    0x14  Data  Lc  stm32l4xx_hal_gpio.o [10]
HAL_GetTick              0x800'7ba9     0xc  Code  Wk  stm32l4xx_hal.o [10]
HAL_IWDG_Init            0x800'7219    0xcc  Code  ??  stm32l4xx_hal_iwdg.o [10]
HAL_IWDG_Init::__FUNCTION__
                         0x800'cce4    0x10  Data  Lc  stm32l4xx_hal_iwdg.o [10]
HAL_IWDG_Refresh         0x800'72f1     0xe  Code  ??  stm32l4xx_hal_iwdg.o [10]
HAL_IncTick              0x800'33e5    0x18  Code  Wk  stm32l4xx_hal.o [10]
HAL_Init                 0x800'7461    0x24  Code  ??  stm32l4xx_hal.o [10]
HAL_InitTick             0x800'7b49    0x60  Code  Wk  stm32l4xx_hal.o [10]
HAL_MspInit              0x800'8b63     0x2  Code  Wk  stm32l4xx_hal.o [10]
HAL_NVIC_ClearPendingIRQ
                         0x800'35bd    0x26  Code  ??  stm32l4xx_hal_cortex.o [10]
HAL_NVIC_ClearPendingIRQ::__FUNCTION__
                         0x800'c4b4    0x1c  Data  Lc  stm32l4xx_hal_cortex.o [10]
HAL_NVIC_EnableIRQ       0x800'358d    0x24  Code  ??  stm32l4xx_hal_cortex.o [10]
HAL_NVIC_EnableIRQ::__FUNCTION__
                         0x800'c9e8    0x14  Data  Lc  stm32l4xx_hal_cortex.o [10]
HAL_NVIC_SetPriority     0x800'353f    0x4e  Code  ??  stm32l4xx_hal_cortex.o [10]
HAL_NVIC_SetPriority::__FUNCTION__
                         0x800'c678    0x18  Data  Lc  stm32l4xx_hal_cortex.o [10]
HAL_NVIC_SetPriorityGrouping
                         0x800'3511    0x2e  Code  ??  stm32l4xx_hal_cortex.o [10]
HAL_NVIC_SetPriorityGrouping::__FUNCTION__
                         0x800'c2f0    0x20  Data  Lc  stm32l4xx_hal_cortex.o [10]
HAL_PWREx_DisableLowPowerRunMode
                         0x800'7b01    0x38  Code  ??  stm32l4xx_hal_pwr_ex.o [10]
HAL_PWREx_EnableLowPowerRunMode
                         0x800'7af5     0xc  Code  ??  stm32l4xx_hal_pwr_ex.o [10]
HAL_PWREx_GetVoltageRange
                         0x800'7ae9     0xc  Code  ??  stm32l4xx_hal_pwr_ex.o [10]
HAL_PWR_EnterSLEEPMode   0x800'3cf5    0x78  Code  ??  stm32l4xx_hal_pwr.o [10]
HAL_PWR_EnterSLEEPMode::__FUNCTION__
                         0x800'c6c0    0x18  Data  Lc  stm32l4xx_hal_pwr.o [10]
HAL_RCC_ClockConfig      0x800'45f1   0x268  Code  ??  stm32l4xx_hal_rcc.o [10]
HAL_RCC_ClockConfig::__FUNCTION__
                         0x800'ca88    0x14  Data  Lc  stm32l4xx_hal_rcc.o [10]
HAL_RCC_GetHCLKFreq      0x800'493f     0x6  Code  ??  stm32l4xx_hal_rcc.o [10]
HAL_RCC_GetOscConfig     0x800'4985   0x104  Code  ??  stm32l4xx_hal_rcc.o [10]
HAL_RCC_GetOscConfig::__FUNCTION__
                         0x800'c6d8    0x18  Data  Lc  stm32l4xx_hal_rcc.o [10]
HAL_RCC_GetPCLK1Freq     0x800'4949    0x1a  Code  ??  stm32l4xx_hal_rcc.o [10]
HAL_RCC_GetPCLK2Freq     0x800'4963    0x1a  Code  ??  stm32l4xx_hal_rcc.o [10]
HAL_RCC_GetSysClockFreq
                         0x800'4869    0xd6  Code  ??  stm32l4xx_hal_rcc.o [10]
HAL_RCC_OscConfig        0x800'3d7d   0x860  Code  ??  stm32l4xx_hal_rcc.o [10]
HAL_RCC_OscConfig::__FUNCTION__
                         0x800'ca60    0x14  Data  Lc  stm32l4xx_hal_rcc.o [10]
HAL_SYSTICK_Callback     0x800'7a03     0x2  Code  Wk  stm32l4xx_hal_cortex.o [10]
HAL_SYSTICK_Config       0x800'35b1     0xc  Code  ??  stm32l4xx_hal_cortex.o [10]
HAL_SYSTICK_IRQHandler   0x800'35e3     0x8  Code  ??  stm32l4xx_hal_cortex.o [10]
HAL_TIMEx_Break2Callback
                         0x800'1d57     0x2  Code  Wk  stm32l4xx_hal_tim_ex.o [10]
HAL_TIMEx_BreakCallback
                         0x800'1d55     0x2  Code  Wk  stm32l4xx_hal_tim_ex.o [10]
HAL_TIMEx_CommutCallback
                         0x800'1d5b     0x2  Code  Wk  stm32l4xx_hal_tim_ex.o [10]
HAL_TIMEx_ConfigBreakDeadTime
                         0x800'6c81   0x1f2  Code  ??  stm32l4xx_hal_tim_ex.o [10]
HAL_TIMEx_ConfigBreakDeadTime::__FUNCTION__
                         0x800'c310    0x20  Data  Lc  stm32l4xx_hal_tim_ex.o [10]
HAL_TIMEx_MasterConfigSynchronization
                         0x800'6aed   0x194  Code  ??  stm32l4xx_hal_tim_ex.o [10]
HAL_TIMEx_MasterConfigSynchronization::__FUNCTION__
                         0x800'c154    0x28  Data  Lc  stm32l4xx_hal_tim_ex.o [10]
HAL_TIMEx_PWMN_Start     0x800'6a59    0x7c  Code  ??  stm32l4xx_hal_tim_ex.o [10]
HAL_TIMEx_PWMN_Start::__FUNCTION__
                         0x800'c720    0x18  Data  Lc  stm32l4xx_hal_tim_ex.o [10]
HAL_TIM_Base_Init        0x800'018d    0xf2  Code  ??  stm32l4xx_hal_tim.o [10]
HAL_TIM_Base_Init::__FUNCTION__
                         0x800'ca9c    0x14  Data  Lc  stm32l4xx_hal_tim.o [10]
HAL_TIM_Base_MspInit     0x800'1441    0x28  Code  ??  Common_tim.o [7]
HAL_TIM_Base_Start_IT    0x800'027f    0x7e  Code  ??  stm32l4xx_hal_tim.o [10]
HAL_TIM_Base_Start_IT::__FUNCTION__
                         0x800'c6f0    0x18  Data  Lc  stm32l4xx_hal_tim.o [10]
HAL_TIM_ConfigClockSource
                         0x800'08cd   0x450  Code  ??  stm32l4xx_hal_tim.o [10]
HAL_TIM_ConfigClockSource::__FUNCTION__
                         0x800'c4ec    0x1c  Data  Lc  stm32l4xx_hal_tim.o [10]
HAL_TIM_IC_CaptureCallback
                         0x800'1d51     0x2  Code  ??  SKLP_MS_TransportLocal_354_10.o [2]
HAL_TIM_IRQHandler       0x800'0431   0x194  Code  ??  stm32l4xx_hal_tim.o [10]
HAL_TIM_MspPostInit      0x800'17e7    0x54  Code  ??  SKLP_MS_TransportLocal_354_10.o [2]
HAL_TIM_OC_DelayElapsedCallback
                         0x800'1493     0x2  Code  ??  Common_tim.o [7]
HAL_TIM_PWM_ConfigChannel
                         0x800'05c5   0x2e4  Code  ??  stm32l4xx_hal_tim.o [10]
HAL_TIM_PWM_ConfigChannel::__FUNCTION__
                         0x800'c4d0    0x1c  Data  Lc  stm32l4xx_hal_tim.o [10]
HAL_TIM_PWM_Init         0x800'0321    0xf2  Code  ??  stm32l4xx_hal_tim.o [10]
HAL_TIM_PWM_Init::__FUNCTION__
                         0x800'cac4    0x14  Data  Lc  stm32l4xx_hal_tim.o [10]
HAL_TIM_PWM_MspInit      0x800'1469     0xc  Code  ??  Common_tim.o [7]
HAL_TIM_PWM_PulseFinishedCallback
                         0x800'1d53     0x2  Code  Wk  stm32l4xx_hal_tim.o [10]
HAL_TIM_PeriodElapsedCallback
                         0x800'1475    0x1e  Code  ??  Common_tim.o [7]
HAL_TIM_TriggerCallback
                         0x800'1d59     0x2  Code  Wk  stm32l4xx_hal_tim.o [10]
HAL_UART_ErrorCallback   0x800'8b1b     0x2  Code  Wk  stm32l4xx_hal_uart.o [10]
HAL_UART_Ext_CalcByteRate
                         0x800'5bd9    0x78  Code  ??  Stm32xxxx_hal_uart_ext.o [7]
HAL_UART_Ext_CalcByteRate::__FUNCTION__
                         0x800'c578    0x1c  Data  Lc  Stm32xxxx_hal_uart_ext.o [7]
HAL_UART_Ext_IRQHandler
                         0x800'55e9   0x220  Code  ??  Stm32xxxx_hal_uart_ext.o [7]
HAL_UART_Ext_IRQHandler::__FUNCTION__
                         0x800'c780    0x18  Data  Lc  Stm32xxxx_hal_uart_ext.o [7]
HAL_UART_Ext_Init        0x800'51eb    0x78  Code  ??  Stm32xxxx_hal_uart_ext.o [7]
HAL_UART_Ext_Init::__FUNCTION__
                         0x800'cb28    0x14  Data  Lc  Stm32xxxx_hal_uart_ext.o [7]
HAL_UART_Ext_ReceiveCyclicStart
                         0x800'547d   0x16c  Code  ??  Stm32xxxx_hal_uart_ext.o [7]
HAL_UART_Ext_ReceiveCyclicStart::__FUNCTION__
                         0x800'c330    0x20  Data  Lc  Stm32xxxx_hal_uart_ext.o [7]
HAL_UART_Ext_RxForModemDisable
                         0x800'5263    0x3e  Code  Lc  Stm32xxxx_hal_uart_ext.o [7]
HAL_UART_Ext_RxForModemRestore
                         0x800'52a1    0x2e  Code  Lc  Stm32xxxx_hal_uart_ext.o [7]
HAL_UART_Ext_Transmit    0x800'52cf   0x1ae  Code  ??  Stm32xxxx_hal_uart_ext.o [7]
HAL_UART_Ext_Transmit::__FUNCTION__
                         0x800'c768    0x18  Data  Lc  Stm32xxxx_hal_uart_ext.o [7]
HAL_UART_Ext_ValidateHdl
                         0x800'51ad    0x3e  Code  ??  Stm32xxxx_hal_uart_ext.o [7]
HAL_UART_Init            0x800'7d2d    0xec  Code  ??  stm32l4xx_hal_uart.o [10]
HAL_UART_Init::__FUNCTION__
                         0x800'ccf4    0x10  Data  Lc  stm32l4xx_hal_uart.o [10]
HAL_UART_MspInit         0x800'99b5   0x34c  Code  ??  common_uart.o [7]
HAL_UART_MspInit::__FUNCTION__
                         0x800'c880    0x14  Data  Lc  common_uart.o [7]
HAL_UART_RxIdleCallback
                         0x800'14cf    0x32  Code  ??  SKLP_MS_TransportLocal_354_10.o [2]
HAL_UART_RxIdleCallback::__FUNCTION__
                         0x800'c648    0x18  Data  Lc  SKLP_MS_TransportLocal_354_10.o [2]
HAL_UART_TxCpltCallback
                         0x800'8b1d     0x2  Code  Wk  stm32l4xx_hal_uart.o [10]
HardFault_CommonHandler
                         0x800'2171    0x12  Code  ??  RebootUtils.o [11]
HardFault_Handler        0x800'2183     0xe  Code  ??  RebootUtils.o [11]
I2C1_ER_IRQHandler       0x800'cf1d          Code  Wk  startup_stm32l433xx.o [3]
I2C1_EV_IRQHandler       0x800'cf19          Code  Wk  startup_stm32l433xx.o [3]
I2C2_ER_IRQHandler       0x800'cf25          Code  Wk  startup_stm32l433xx.o [3]
I2C2_EV_IRQHandler       0x800'cf21          Code  Wk  startup_stm32l433xx.o [3]
I2C3_ER_IRQHandler       0x800'cf7d          Code  Wk  startup_stm32l433xx.o [3]
I2C3_EV_IRQHandler       0x800'cf79          Code  Wk  startup_stm32l433xx.o [3]
ISOwkyr                  0x800'b54f    0xb2  Code  Lc  xgentime.o [12]
ISOyear                  0x800'b605    0x1a  Code  Lc  xgentime.o [12]
IwdgHandle              0x2000'5418    0x10  Data  Lc  RebootUtils.o [11]
JumpToApplication        0x800'1dcb    0x34  Code  Lc  RebootUtils.o [11]
JumpToApplication::__FUNCTION__
                         0x800'c948    0x14  Data  Lc  RebootUtils.o [11]
LCD_IRQHandler           0x800'cf8d          Code  Wk  startup_stm32l433xx.o [3]
LPTIM1_IRQHandler        0x800'cf5d          Code  Wk  startup_stm32l433xx.o [3]
LPTIM2_IRQHandler        0x800'cf61          Code  Wk  startup_stm32l433xx.o [3]
LPUART1_IRQHandler       0x800'cf71          Code  Wk  startup_stm32l433xx.o [3]
Logger_WriteRecord       0x800'12cd     0x6  Code  ??  main.o [2]
LoochDeviceSerial       0x2000'5428     0x4  Data  ??  SKLP_Service.o [8]
LoochSoftVersion        0x2000'542c     0x4  Data  ??  SKLP_Service.o [8]
MSIRangeTable            0x800'c0c8    0x30  Data  ??  system_stm32l4xx.o [9]
MX_TIM1_Init             0x800'1857    0xec  Code  Lc  SKLP_MS_TransportLocal_354_10.o [2]
MX_TIM6_Init             0x800'1a4d    0x3c  Code  Lc  SKLP_MS_TransportLocal_354_10.o [2]
MemManage_Handler        0x800'2191     0xe  Code  ??  RebootUtils.o [11]
MemoryThread_SprintfMutexGive
                         0x800'12d5    0x1e  Code  ??  main.o [2]
MemoryThread_SprintfMutexGive::__FUNCTION__
                         0x800'c270    0x20  Data  Lc  main.o [2]
NMI_Handler              0x800'ceb5          Code  Wk  startup_stm32l433xx.o [3]
NVIC_EncodePriority      0x800'349b    0x40  Code  Lc  stm32l4xx_hal_cortex.o [10]
PVD_PVM_IRQHandler       0x800'cec1          Code  Wk  startup_stm32l433xx.o [3]
PendSV_Handler           0x800'7a39          Code  ??  portasm.o [4]
QUADSPI_IRQHandler       0x800'cf75          Code  Wk  startup_stm32l433xx.o [3]
RCC_IRQHandler           0x800'cecd          Code  Wk  startup_stm32l433xx.o [3]
RCC_SetFlashLatencyFromMSIRange
                         0x800'4a89    0x8a  Code  Lc  stm32l4xx_hal_rcc.o [10]
RNG_IRQHandler           0x800'cf91          Code  Wk  startup_stm32l433xx.o [3]
RTC_Alarm_IRQHandler     0x800'cf39          Code  Wk  startup_stm32l433xx.o [3]
RTC_WKUP_IRQHandler      0x800'cec9          Code  Wk  startup_stm32l433xx.o [3]
RebootUtils_Reset        0x800'20ff    0x14  Code  Lc  RebootUtils.o [11]
Region$$Table$$Base      0x800'c20c           --   ??  - Linker created -
Region$$Table$$Limit     0x800'c230           --   ??  - Linker created -
ResetInfo               0x2000'fd68   0x298  Data  Wk  RebootUtils.o [11]
Reset_Handler            0x800'cd35          Code  Wk  startup_stm32l433xx.o [3]
ReverseByteOrder32       0x800'8b5d     0x6  Code  Wk  SKLP_Service.o [8]
SAI1_IRQHandler          0x800'cf81          Code  Wk  startup_stm32l433xx.o [3]
SDMMC1_IRQHandler        0x800'cf3d          Code  Wk  startup_stm32l433xx.o [3]
SKLP_FlagsModule        0x2000'0c5c     0x1  Data  ??  SKLP_Service.o [8]
SKLP_InterfacePeripheryInit
                         0x800'1559   0x194  Code  Lc  SKLP_MS_TransportLocal_354_10.o [2]
SKLP_InterfacePeripheryInit::__FUNCTION__
                         0x800'c498    0x1c  Data  Lc  SKLP_MS_TransportLocal_354_10.o [2]
SKLP_InterfaceValidate   0x800'4b65    0x2c  Code  Lc  SKLP_MS_Transport.o [8]
SKLP_ReceiveFragment     0x800'4cb3   0x40a  Code  ??  SKLP_MS_Transport.o [8]
SKLP_ReceiveFragment::__FUNCTION__
                         0x800'c630    0x18  Data  Lc  SKLP_MS_Transport.o [8]
SKLP_ReceivePacket       0x800'50c9    0x8c  Code  ??  SKLP_MS_Transport.o [8]
SKLP_RxQueue_Manchester
                        0x2000'008c     0xc  Data  ??  SKLP_MS_TransportLocal_354_10.o [2]
SKLP_RxQueue_USART      0x2000'0080     0xc  Data  ??  SKLP_MS_TransportLocal_354_10.o [2]
SKLP_ServiceInit         0x800'5db9    0xde  Code  ??  SKLP_Service.o [8]
SKLP_ServiceInit::__FUNCTION__
                         0x800'c9c0    0x14  Data  Lc  SKLP_Service.o [8]
SKLP_SlaveTask           0x800'1a8d   0x1d8  Code  Lc  SKLP_MS_TransportLocal_354_10.o [2]
SKLP_SlaveTask::__FUNCTION__
                         0x800'cc84    0x10  Data  Lc  SKLP_MS_TransportLocal_354_10.o [2]
SKLP_SlaveTask::aTmpBuff
                        0x2000'04b4   0x400  Data  Lc  SKLP_MS_TransportLocal_354_10.o [2]
SKLP_SlaveTask{1}{2}{4}{5}{6}{7}{8}{9}{10}{11}::ReceiverValid
                        0x2000'0c5b     0x1  Data  Lc  SKLP_MS_TransportLocal_354_10.o [2]
SKLP_TaskInit            0x800'1741    0xa6  Code  ??  SKLP_MS_TransportLocal_354_10.o [2]
SKLP_TaskInit::__FUNCTION__
                         0x800'cc74    0x10  Data  Lc  SKLP_MS_TransportLocal_354_10.o [2]
SKLP_Time               0x2000'0bc4     0x8  Data  ??  SKLP_Service.o [8]
SKLP_Time6Validate       0x800'74c9    0x50  Code  ??  SKLP_Time.o [8]
SKLP_Time6Validate::__FUNCTION__
                         0x800'c9d4    0x14  Data  Lc  SKLP_Time.o [8]
SKLP_TimerElapsed        0x800'4c27    0x8c  Code  ??  SKLP_MS_Transport.o [8]
SKLP_TimerElapsed::__FUNCTION__
                         0x800'c998    0x14  Data  Lc  SKLP_MS_Transport.o [8]
SKLP_TimerRx_Restart     0x800'4b91    0x22  Code  Lc  SKLP_MS_Transport.o [8]
SKLP_TimerRx_Start       0x800'4bb3    0x2c  Code  Lc  SKLP_MS_Transport.o [8]
SKLP_TimerRx_Stop        0x800'4bdf    0x48  Code  ??  SKLP_MS_Transport.o [8]
SPI1_IRQHandler          0x800'cf29          Code  Wk  startup_stm32l433xx.o [3]
SPI2_IRQHandler          0x800'cf2d          Code  Wk  startup_stm32l433xx.o [3]
SPI3_IRQHandler          0x800'cf41          Code  Wk  startup_stm32l433xx.o [3]
SVC_Handler              0x800'7a91          Code  ??  portasm.o [4]
SWPMI1_IRQHandler        0x800'cf85          Code  Wk  startup_stm32l433xx.o [3]
SysState_AppendTaskHandler
                         0x800'12d3     0x2  Code  ??  main.o [2]
SysTick_Config           0x800'34db    0x36  Code  Lc  stm32l4xx_hal_cortex.o [10]
SysTick_Handler          0x800'1261    0x20  Code  ??  main.o [2]
SystemClock_Config       0x800'2295    0xc2  Code  ??  common_rcc.o [7]
SystemClock_Config::__FUNCTION__
                         0x800'c86c    0x14  Data  Lc  common_rcc.o [7]
SystemCoreClock         0x2000'00ac     0x4  Data  ??  system_stm32l4xx.o [9]
SystemCoreClockUpdate    0x800'7349    0xe6  Code  ??  system_stm32l4xx.o [9]
SystemHardwareInit       0x800'1ef1   0x20e  Code  ??  RebootUtils.o [11]
SystemHardwareInit::__FUNCTION__
                         0x800'c970    0x14  Data  Lc  RebootUtils.o [11]
SystemInit               0x800'7301    0x48  Code  ??  system_stm32l4xx.o [9]
SystemInitCallback       0x800'1dff    0xf2  Code  ??  RebootUtils.o [11]
SystemInitCallback::__FUNCTION__
                         0x800'c95c    0x14  Data  Lc  RebootUtils.o [11]
TAMP_STAMP_IRQHandler    0x800'cec5          Code  Wk  startup_stm32l433xx.o [3]
TIM1_BRK_TIM15_IRQHandler
                         0x800'cf05          Code  Wk  startup_stm32l433xx.o [3]
TIM1_CC_IRQHandler       0x800'cf11          Code  Wk  startup_stm32l433xx.o [3]
TIM1_MspInit             0x800'183b    0x1c  Code  ??  SKLP_MS_TransportLocal_354_10.o [2]
TIM1_TRG_COM_IRQHandler
                         0x800'cf0d          Code  Wk  startup_stm32l433xx.o [3]
TIM1_UP_TIM16_IRQHandler
                         0x800'cf09          Code  Wk  startup_stm32l433xx.o [3]
TIM1_hdl                0x2000'0998    0x40  Data  ??  Common_tim.o [7]
TIM2_IRQHandler          0x800'cf15          Code  Wk  startup_stm32l433xx.o [3]
TIM6_DAC_IRQHandler      0x800'1cad     0xa  Code  ??  SKLP_MS_TransportLocal_354_10.o [2]
TIM6_MspInit             0x800'1717    0x2a  Code  ??  SKLP_MS_TransportLocal_354_10.o [2]
TIM6_PeriodElapsedCallback
                         0x800'150d    0x4c  Code  ??  SKLP_MS_TransportLocal_354_10.o [2]
TIM6_PeriodElapsedCallback::__FUNCTION__
                         0x800'c47c    0x1c  Data  Lc  SKLP_MS_TransportLocal_354_10.o [2]
TIM6_hdl                0x2000'09d8    0x40  Data  ??  Common_tim.o [7]
TIM7_IRQHandler          0x800'1495     0xa  Code  ??  Common_tim.o [7]
TIM7_MspInit             0x800'16ed    0x2a  Code  ??  SKLP_MS_TransportLocal_354_10.o [2]
TIM7_PeriodElapsedCallback
[...]
_gLocale_mbtowc          0x800'aeaf     0xc  Code  ??  xlocale_c.o [12]
_gLocale_mbtowcInt       0x800'ae61    0x42  Code  ??  xlocale_c.o [12]
aBuildInfo_ComputerName
                         0x800'ce1c     0x8  Data  ??  BuildInfo.o [1]
aBuildInfo_ConfigName    0x800'c5e8    0x18  Data  ??  BuildInfo.o [1]
aBuildInfo_Date          0x800'cd44     0xc  Data  ??  BuildInfo.o [1]
aBuildInfo_ProjName      0x800'cd5c     0xc  Data  ??  BuildInfo.o [1]
aBuildInfo_SVN_Revision
                         0x800'cea4     0x4  Data  ??  BuildInfo.o [1]
aBuildInfo_Time          0x800'cd50     0xc  Data  ??  BuildInfo.o [1]
aCRC8SKLP_Table          0x800'bd14   0x100  Data  ??  Utils.o [11]
aDWT_TimestampTags      0x2000'08b4    0x80  Data  Lc  common_rcc.o [7]
aGPIO_Common             0x800'c054    0x3c  Data  ??  common_gpio.o [7]
aSKLP_CallbacksAux      0x2000'5258    0xa0  Data  ??  SKLP_Service.o [8]
aSKLP_Interfaces        0x2000'51b8    0xa0  Data  Lc  SKLP_MS_TransportLocal_354_10.o [2]
aSKLP_RxQueue_Manchester_Buffer
                        0x2000'4e60   0x200  Data  Lc  SKLP_MS_TransportLocal_354_10.o [2]
aSKLP_RxQueue_USART_Buffer
                        0x2000'4c60   0x200  Data  Lc  SKLP_MS_TransportLocal_354_10.o [2]
abort                    0x800'b353     0x6  Code  ??  abort.o [12]
alt_digits               0x800'8b33     0x1  Data  Lc  xlocale_c.o [12]
am_pm                    0x800'ce9c     0x8  Data  Lc  xlocale_c.o [12]
asctime                  0x800'b11d    0x1e  Code  ??  asctime.o [12]
assert_failed            0x800'12fd     0xe  Code  ??  main.o [2]
assert_failed::AssertFailedCnt
                        0x2000'0be8     0x4  Data  Lc  main.o [2]
change_Configure_GPIO_Read
                         0x800'1949    0xb2  Code  ??  SKLP_MS_TransportLocal_354_10.o [2]
cmp_era_date             0x800'b61f    0x84  Code  Lc  xgentime.o [12]
ctime                    0x800'9959     0xe  Code  ??  ctime64.o [12]
days                     0x800'bf60    0x58  Data  Lc  xlocale_c.o [12]
digits                   0x800'bfe0    0x28  Data  Lc  iar_Stoulx.o [12]
era                      0x800'9876     0x1  Data  Lc  xlocale_c.o [12]
exit                     0x800'c433     0x4  Code  ??  exit.o [12]
fillDataBuffre           0x800'19fb    0x52  Code  ??  SKLP_MS_TransportLocal_354_10.o [2]
fmts                     0x800'c0f8    0x30  Data  Lc  xlocale_c.o [12]
getCurrentStructByte     0x800'6f0b     0x4  Code  ??  Manchester.o [2]
getCurrentStructByte::currentByte
                        0x2000'0c59     0x1  Data  Lc  Manchester.o [2]
getCurrentValueByte      0x800'6eb9    0x52  Code  ??  Manchester.o [2]
getDataBuffer            0x800'14c9     0x6  Code  ??  SKLP_MS_TransportLocal_354_10.o [2]
getDataBuffer::Buffer   0x2000'00b0   0x404  Data  Lc  SKLP_MS_TransportLocal_354_10.o [2]
getera                   0x800'b6a3    0x94  Code  Lc  xgentime.o [12]
getval                   0x800'b499    0x60  Code  Lc  xgentime.o [12]
hard_fault_handler_c     0x800'2121    0x4c  Code  ??  RebootUtils.o [11]
htim6                   0x2000'0a98    0x40  Data  ??  SKLP_MS_TransportLocal_354_10.o [2]
isleapyr                 0x800'b4f9    0x3a  Code  Lc  xgentime.o [12]
isspace                  0x800'b15f    0x14  Code  ??  isspace.o [12]
lmos                     0x800'af6c    0x18  Data  Lc  xDaysTo64.o [12]
localeconv               0x800'aebf     0x4  Code  ??  xlocale_c.o [12]
localtime                0x800'b0fd    0x20  Code  ??  localtim64.o [12]
main                     0x800'1205    0x5c  Code  ??  main.o [2]
main::__FUNCTION__       0x800'ce24     0x8  Data  Lc  main.o [2]
memchr                   0x800'a6bd          Code  ??  memchr.o [14]
mktime                   0x800'9879    0xe0  Code  ??  mktime64.o [12]
mons                     0x800'be14    0x88  Data  Lc  xlocale_c.o [12]
mos                      0x800'af84    0x18  Data  Lc  xDaysTo64.o [12]
ndigs                    0x800'bfb8    0x28  Data  Lc  iar_Stoulx.o [12]
pHardFaultReason        0x2000'0bf0     0x4  Data  Lc  RebootUtils.o [11]
pSKLP_ManchesterMessageQueueHdl
                        0x2000'0bf4     0x4  Data  Lc  SKLP_MS_TransportLocal_354_10.o [2]
pSKLP_UsartMessageQueueHdl
                        0x2000'0bf8     0x4  Data  Lc  SKLP_MS_TransportLocal_354_10.o [2]
pcInterruptPriorityRegisters
                         0x800'ceac     0x4  Data  Lc  port.o [4]
prvAddCurrentTaskToDelayedList
                         0x800'3315    0x8c  Code  Lc  tasks.o [5]
prvAddNewTaskToReadyList
                         0x800'29e9    0x9a  Code  Lc  tasks.o [5]
prvCheckForValidListAndQueue
                         0x800'3c3f    0x46  Code  Lc  timers.o [5]
prvCheckTasksWaitingTermination
                         0x800'3157    0x3e  Code  Lc  tasks.o [5]
prvCopyDataFromQueue     0x800'6429    0x38  Code  Lc  queue.o [5]
prvCopyDataToQueue       0x800'638d    0x9c  Code  Lc  queue.o [5]
prvDeleteTCB             0x800'3195    0x12  Code  Lc  tasks.o [5]
prvGetNextExpireTime     0x800'3a23    0x28  Code  Lc  timers.o [5]
prvHeapInit              0x800'7877    0x66  Code  Lc  heap_4.o [6]
prvIdleTask              0x800'30d9    0x28  Code  Lc  tasks.o [5]
prvInitialiseNewQueue    0x800'5fbf    0x2a  Code  Lc  queue.o [5]
prvInitialiseNewTask     0x800'28f1    0xf8  Code  Lc  tasks.o [5]
prvInitialiseNewTask::__FUNCTION__
                         0x800'c798    0x18  Data  Lc  tasks.o [5]
prvInitialiseTaskLists   0x800'3101    0x56  Code  Lc  tasks.o [5]
prvInsertBlockIntoFreeList
                         0x800'78dd    0x60  Code  Lc  heap_4.o [6]
prvInsertTimerInActiveList
                         0x800'3a73    0x50  Code  Lc  timers.o [5]
prvIsQueueEmpty          0x800'64cf    0x1c  Code  Lc  queue.o [5]
prvIsQueueFull           0x800'64f1    0x1e  Code  Lc  queue.o [5]
prvProcessExpiredTimer   0x800'3939    0x5c  Code  Lc  timers.o [5]
prvProcessExpiredTimer::__FUNCTION__
                         0x800'c840    0x18  Data  Lc  timers.o [5]
prvProcessReceivedCommands
                         0x800'3ac3    0xf4  Code  Lc  timers.o [5]
prvProcessReceivedCommands::__FUNCTION__
                         0x800'c5b0    0x1c  Data  Lc  timers.o [5]
prvProcessTimerOrBlockTask
                         0x800'39af    0x74  Code  Lc  timers.o [5]
prvResetNextTaskUnblockTime
                         0x800'31a7    0x26  Code  Lc  tasks.o [5]
prvSampleTimeNow         0x800'3a4b    0x28  Code  Lc  timers.o [5]
prvSampleTimeNow::xLastTime
                        0x2000'0c50     0x4  Data  Lc  timers.o [5]
prvSwitchTimerLists      0x800'3bb7    0x88  Code  Lc  timers.o [5]
prvSwitchTimerLists::__FUNCTION__
                         0x800'cb8c    0x14  Data  Lc  timers.o [5]
prvTaskExitError         0x800'3651    0x26  Code  Lc  port.o [4]
prvTaskExitError::__FUNCTION__
                         0x800'c8bc    0x14  Data  Lc  port.o [4]
prvTestWaitCondition     0x800'2861    0x24  Code  Lc  event_groups.o [5]
prvTimerTask             0x800'3995    0x1a  Code  Lc  timers.o [5]
prvUnlockQueue           0x800'6461    0x6e  Code  Lc  queue.o [5]
pushDatesToPort          0x800'70c3    0xaa  Code  ??  Manchester.o [2]
pvPortMalloc             0x800'76dd   0x12e  Code  ??  heap_4.o [6]
pvPortMalloc::__FUNCTION__
                         0x800'cc04    0x10  Data  Lc  heap_4.o [6]
pxCurrentTCB            0x2000'0c04     0x4  Data  ??  tasks.o [5]
pxCurrentTimerList      0x2000'0c40     0x4  Data  Lc  timers.o [5]
pxDelayedTaskList       0x2000'0c08     0x4  Data  Lc  tasks.o [5]
pxEnd                   0x2000'0bd0     0x4  Data  Lc  heap_4.o [6]
pxOverflowDelayedTaskList
                        0x2000'0c0c     0x4  Data  Lc  tasks.o [5]
pxOverflowTimerList     0x2000'0c44     0x4  Data  Lc  timers.o [5]
pxPortInitialiseStack    0x800'3625    0x2c  Code  ??  port.o [4]
pxReadyTasksLists       0x2000'0934    0x64  Data  Lc  tasks.o [5]
readByteFromPort         0x800'6f0f    0xaa  Code  ??  Manchester.o [2]
readDatesToPorts         0x800'716d    0x66  Code  ??  Manchester.o [2]
scale                    0x800'9781    0x46  Code  Lc  xprintflarge_nomb.o [12]
sec_hand                0x2000'0c54     0x4  Data  Lc  xfail_s.o [12]
snprintf                 0x800'7485    0x44  Code  ??  snprintf.o [12]
sscanf                   0x800'8b35    0x28  Code  ??  sscanf.o [12]
strchr                   0x800'a665          Code  ??  strchr.o [14]
strlen                   0x800'9969          Code  ??  strlen.o [14]
strncpy                  0x800'75bd          Code  ??  strncpy.o [14]
strtol                   0x800'b34f     0x4  Code  ??  iar_Stolx.o [12]
strtoul                  0x800'b2bd     0x2  Code  ??  iar_Stoulx.o [12]
tolower                  0x800'b471    0x14  Code  ??  tolower.o [12]
ucHeap                  0x2000'0c60  0x4000  Data  ??  main.o [2]
ucMaxSysCallPriority    0x2000'0c5a     0x1  Data  Lc  port.o [4]
ulMaxPRIGROUPValue      0x2000'0bec     0x4  Data  Lc  port.o [4]
uwTick                  0x2000'0c00     0x4  Data  ??  stm32l4xx_hal.o [10]
uwTickFreq              0x2000'00a8     0x4  Data  ??  stm32l4xx_hal.o [10]
uwTickPrio              0x2000'00a4     0x4  Data  ??  stm32l4xx_hal.o [10]
uxCriticalNesting       0x2000'00a0     0x4  Data  Lc  port.o [4]
uxCurrentNumberOfTasks  0x2000'0c14     0x4  Data  Lc  tasks.o [5]
uxDeletedTasksWaitingCleanUp
                        0x2000'0c10     0x4  Data  Lc  tasks.o [5]
uxListRemove             0x800'79db    0x28  Code  ??  list.o [5]
uxPendedTicks           0x2000'0c24     0x4  Data  Lc  tasks.o [5]
uxSchedulerSuspended    0x2000'0c3c     0x4  Data  Lc  tasks.o [5]
uxTaskNumber            0x2000'0c30     0x4  Data  Lc  tasks.o [5]
uxTaskResetEventItemValue
                         0x800'32bd    0x16  Code  ??  tasks.o [5]
uxTopReadyPriority      0x2000'0c1c     0x4  Data  Lc  tasks.o [5]
vApplicationIdleHook     0x800'1281    0x2c  Code  ??  main.o [2]
vApplicationIdleHook::bIdleTaskInitComplete
                        0x2000'0c58     0x1  Data  Lc  main.o [2]
vApplicationMallocFailedHook
                         0x800'12bf     0xe  Code  ??  main.o [2]
vApplicationMallocFailedHook::__FUNCTION__
                         0x800'c250    0x20  Data  Lc  main.o [2]
vApplicationStackOverflowHook
                         0x800'12ad    0x12  Code  ??  main.o [2]
vApplicationStackOverflowHook::__FUNCTION__
                         0x800'c230    0x20  Data  Lc  main.o [2]
vEventGroupSetBitsCallback
                         0x800'2851    0x10  Code  ??  event_groups.o [5]
vListInitialise          0x800'7969    0x1e  Code  ??  list.o [5]
vListInitialiseItem      0x800'7987     0x6  Code  ??  list.o [5]
vListInsert              0x800'79a5    0x36  Code  ??  list.o [5]
vListInsertEnd           0x800'798d    0x18  Code  ??  list.o [5]
vPortEnableVFP           0x800'7acd          Code  ??  portasm.o [4]
vPortEnterCritical       0x800'3735    0x34  Code  ??  port.o [4]
vPortEnterCritical::__FUNCTION__
                         0x800'c8e4    0x14  Data  Lc  port.o [4]
vPortExitCritical        0x800'3769    0x2a  Code  ??  port.o [4]
vPortExitCritical::__FUNCTION__
                         0x800'c8f8    0x14  Data  Lc  port.o [4]
vPortFree                0x800'780b    0x6c  Code  ??  heap_4.o [6]
vPortFree::__FUNCTION__
                         0x800'cd74     0xc  Data  Lc  heap_4.o [6]
vPortSetupTimerInterrupt
                         0x800'7a05    0x34  Code  Wk  port.o [4]
vPortStartFirstTask      0x800'7aad          Code  ??  portasm.o [4]
vPortValidateInterruptPriority
                         0x800'37bd    0x48  Code  ??  port.o [4]
vPortValidateInterruptPriority::__FUNCTION__
                         0x800'c290    0x20  Data  Lc  port.o [4]
vQueueAddToRegistry      0x800'650f    0x26  Code  ??  queue.o [5]
vQueueWaitForMessageRestricted
                         0x800'6549    0x4c  Code  ??  queue.o [5]
vTaskDelay               0x800'2a83    0x4e  Code  ??  tasks.o [5]
vTaskDelay::__FUNCTION__
                         0x800'ce04     0xc  Data  Lc  tasks.o [5]
vTaskInternalSetTimeOutState
                         0x800'300d    0x12  Code  ??  tasks.o [5]
vTaskMissedYield         0x800'30cf     0xa  Code  ??  tasks.o [5]
vTaskPlaceOnEventList    0x800'2e27    0x32  Code  ??  tasks.o [5]
vTaskPlaceOnEventList::__FUNCTION__
                         0x800'c7c8    0x18  Data  Lc  tasks.o [5]
vTaskPlaceOnEventListRestricted
                         0x800'2eb1    0x3e  Code  ??  tasks.o [5]
vTaskPlaceOnEventListRestricted::__FUNCTION__
                         0x800'c3d0    0x20  Data  Lc  tasks.o [5]
vTaskPlaceOnUnorderedEventList
                         0x800'2e59    0x52  Code  ??  tasks.o [5]
vTaskPlaceOnUnorderedEventList::__FUNCTION__
                         0x800'c3b0    0x20  Data  Lc  tasks.o [5]
vTaskRemoveFromUnorderedEventList
                         0x800'2f81    0x84  Code  ??  tasks.o [5]
vTaskRemoveFromUnorderedEventList::__FUNCTION__
                         0x800'c1a0    0x24  Data  Lc  tasks.o [5]
vTaskStartScheduler      0x800'2ad1    0x72  Code  ??  tasks.o [5]
vTaskStartScheduler::__FUNCTION__
                         0x800'cb50    0x14  Data  Lc  tasks.o [5]
vTaskSuspendAll          0x800'2b43     0xc  Code  ??  tasks.o [5]
vTaskSwitchContext       0x800'2d89    0x9e  Code  ??  tasks.o [5]
vTaskSwitchContext::__FUNCTION__
                         0x800'cb78    0x14  Data  Lc  tasks.o [5]
wkyr                     0x800'b533    0x1c  Code  Lc  xgentime.o [12]
xActiveTimerList1       0x2000'0b84    0x14  Data  Lc  timers.o [5]
xActiveTimerList2       0x2000'0b98    0x14  Data  Lc  timers.o [5]
xBlockAllocatedBit      0x2000'0bdc     0x4  Data  Lc  heap_4.o [6]
xDelayedTaskList1       0x2000'0b20    0x14  Data  Lc  tasks.o [5]
xDelayedTaskList2       0x2000'0b34    0x14  Data  Lc  tasks.o [5]
xEventGroupClearBits     0x800'2733    0x3e  Code  ??  event_groups.o [5]
xEventGroupClearBits::__FUNCTION__
                         0x800'c600    0x18  Data  Lc  event_groups.o [5]
xEventGroupCreate        0x800'25e9    0x1c  Code  ??  event_groups.o [5]
xEventGroupSetBits       0x800'2771    0xcc  Code  ??  event_groups.o [5]
xEventGroupSetBits::__FUNCTION__
                         0x800'c8a8    0x14  Data  Lc  event_groups.o [5]
xEventGroupWaitBits      0x800'2605   0x12e  Code  ??  event_groups.o [5]
xEventGroupWaitBits::__FUNCTION__
                         0x800'c894    0x14  Data  Lc  event_groups.o [5]
xFreeBytesRemaining     0x2000'0bd4     0x4  Data  Lc  heap_4.o [6]
xHeapStructSize          0x800'cea8     0x4  Data  Lc  heap_4.o [6]
xIdleTaskHandle         0x2000'0c38     0x4  Data  Lc  tasks.o [5]
xMinimumEverFreeBytesRemaining
                        0x2000'0bd8     0x4  Data  Lc  heap_4.o [6]
xNextTaskUnblockTime    0x2000'0c34     0x4  Data  Lc  tasks.o [5]
xNumOfOverflows         0x2000'0c2c     0x4  Data  Lc  tasks.o [5]
xPendingReadyList       0x2000'0b48    0x14  Data  Lc  tasks.o [5]
xPortStartScheduler      0x800'3677    0xbe  Code  ??  port.o [4]
xPortStartScheduler::__FUNCTION__
                         0x800'c8d0    0x14  Data  Lc  port.o [4]
xPortSysTickHandler      0x800'3793    0x28  Code  ??  port.o [4]
xQueueGenericCreate      0x800'5f69    0x56  Code  ??  queue.o [5]
xQueueGenericCreate::__FUNCTION__
                         0x800'c920    0x14  Data  Lc  queue.o [5]
xQueueGenericReset       0x800'5ed5    0x94  Code  ??  queue.o [5]
xQueueGenericReset::__FUNCTION__
                         0x800'c90c    0x14  Data  Lc  queue.o [5]
xQueueGenericSend        0x800'5fe9   0x182  Code  ??  queue.o [5]
xQueueGenericSend::__FUNCTION__
                         0x800'c934    0x14  Data  Lc  queue.o [5]
xQueueGenericSendFromISR
                         0x800'616b    0xc4  Code  ??  queue.o [5]
xQueueGenericSendFromISR::__FUNCTION__
                         0x800'c460    0x1c  Data  Lc  queue.o [5]
xQueueReceive            0x800'622f   0x152  Code  ??  queue.o [5]
xQueueReceive::__FUNCTION__
                         0x800'cc14    0x10  Data  Lc  queue.o [5]
xQueueRegistry          0x2000'0a58    0x40  Data  ??  queue.o [5]
xSchedulerRunning       0x2000'0c20     0x4  Data  Lc  tasks.o [5]
xStart                  0x2000'0bbc     0x8  Data  Lc  heap_4.o [6]
xSuspendedTaskList      0x2000'0b70    0x14  Data  Lc  tasks.o [5]
xTaskCheckForTimeOut     0x800'3025    0xaa  Code  ??  tasks.o [5]
xTaskCheckForTimeOut::__FUNCTION__
                         0x800'c7e0    0x18  Data  Lc  tasks.o [5]
xTaskCreate              0x800'2885    0x6c  Code  ??  tasks.o [5]
xTaskGetIdleTaskHandle   0x800'2c47    0x1e  Code  ??  tasks.o [5]
xTaskGetIdleTaskHandle::__FUNCTION__
                         0x800'c7b0    0x18  Data  Lc  tasks.o [5]
xTaskGetSchedulerState   0x800'31d5    0x20  Code  ??  tasks.o [5]
xTaskGetTickCount        0x800'2c2f     0x8  Code  ??  tasks.o [5]
xTaskGetTickCountFromISR
                         0x800'2c37    0x10  Code  ??  tasks.o [5]
xTaskIncrementTick       0x800'2c69   0x108  Code  ??  tasks.o [5]
xTaskIncrementTick::__FUNCTION__
                         0x800'cb64    0x14  Data  Lc  tasks.o [5]
xTaskPriorityDisinherit
                         0x800'31f5    0xb2  Code  ??  tasks.o [5]
xTaskPriorityDisinherit::__FUNCTION__
                         0x800'c7f8    0x18  Data  Lc  tasks.o [5]
xTaskRemoveFromEventList
                         0x800'2ef9    0x84  Code  ??  tasks.o [5]
xTaskRemoveFromEventList::__FUNCTION__
                         0x800'c594    0x1c  Data  Lc  tasks.o [5]
xTaskResumeAll           0x800'2b4f    0xe0  Code  ??  tasks.o [5]
xTaskResumeAll::__FUNCTION__
                         0x800'cd24    0x10  Data  Lc  tasks.o [5]
xTasksWaitingTermination
                        0x2000'0b5c    0x14  Data  Lc  tasks.o [5]
xTickCount              0x2000'0c18     0x4  Data  Lc  tasks.o [5]
xTimerCreateTimerTask    0x800'384d    0x48  Code  ??  timers.o [5]
xTimerCreateTimerTask::__FUNCTION__
                         0x800'c810    0x18  Data  Lc  timers.o [5]
xTimerGenericCommand     0x800'3895    0x84  Code  ??  timers.o [5]
xTimerGenericCommand::__FUNCTION__
                         0x800'c828    0x18  Data  Lc  timers.o [5]
xTimerGetTimerDaemonTaskHandle
                         0x800'3919    0x20  Code  ??  timers.o [5]
xTimerGetTimerDaemonTaskHandle::__FUNCTION__
                         0x800'c3f0    0x20  Data  Lc  timers.o [5]
xTimerPendFunctionCallFromISR
                         0x800'3c85    0x2a  Code  ??  timers.o [5]
xTimerQueue             0x2000'0c48     0x4  Data  Lc  timers.o [5]
xTimerTaskHandle        0x2000'0c4c     0x4  Data  Lc  timers.o [5]
xYieldPending           0x2000'0c28     0x4  Data  Lc  tasks.o [5]


[1] = C:\Work\ManchesterNew17.07\Firmware\EWARM_9\LOOCH_601_03\Obj
[2] = C:\Work\ManchesterNew17.07\Firmware\EWARM_9\LOOCH_601_03\Obj\Application_4454359601498626787.dir
[3] = C:\Work\ManchesterNew17.07\Firmware\EWARM_9\LOOCH_601_03\Obj\CMSIS_6603591812247902717.dir
[4] = C:\Work\ManchesterNew17.07\Firmware\EWARM_9\LOOCH_601_03\Obj\CortexM4-F_9125968611666436719.dir
[5] = C:\Work\ManchesterNew17.07\Firmware\EWARM_9\LOOCH_601_03\Obj\FreeRTOS_4809373609813369194.dir
[6] = C:\Work\ManchesterNew17.07\Firmware\EWARM_9\LOOCH_601_03\Obj\Heap_10681622352241717.dir
[7] = C:\Work\ManchesterNew17.07\Firmware\EWARM_9\LOOCH_601_03\Obj\PlatformCommon_15490815145210017466.dir
[8] = C:\Work\ManchesterNew17.07\Firmware\EWARM_9\LOOCH_601_03\Obj\SKLP_14977183932441849263.dir
[9] = C:\Work\ManchesterNew17.07\Firmware\EWARM_9\LOOCH_601_03\Obj\STM32L4xx_5654020855996028257.dir
[10] = C:\Work\ManchesterNew17.07\Firmware\EWARM_9\LOOCH_601_03\Obj\STM32L4xx_HAL_Used_3303305655103772160.dir
[11] = C:\Work\ManchesterNew17.07\Firmware\EWARM_9\LOOCH_601_03\Obj\Utils_12244397825598072145.dir
[12] = dl7M_tlf.a
[13] = m7M_tls.a
[14] = rt7M_tl.a
[15] = shb_l.a

  48'873 bytes of readonly  code memory
   4'451 bytes of readonly  data memory
  29'741 bytes of readwrite data memory (+ 664 absolute)

Errors: none
Warnings: none
