../Core/Src/main.c:71:6:SSPI_Write	24	static
../Core/Src/main.c:85:6:setValuePD_OUT	24	static
../Core/Src/main.c:104:6:push	32	static
../Core/Src/main.c:118:5:main	8	static
../Core/Src/main.c:165:6:SystemClock_Config	96	static
../Core/Src/main.c:211:13:MX_ADC1_Init	32	static
../Core/Src/main.c:266:13:MX_DAC1_Init	48	static
../Core/Src/main.c:313:13:MX_SPI1_Init	8	static
../Core/Src/main.c:353:13:MX_TIM2_Init	40	static
../Core/Src/main.c:399:13:MX_USART2_UART_Init	8	static
../Core/Src/main.c:432:13:MX_GPIO_Init	40	static
../Core/Src/main.c:474:6:Error_Handler	4	static,ignoring_inline_asm
