../Core/Src/main.c:74:6:SSPI_Write	24	static
../Core/Src/main.c:84:9:get_ADSTART_value	4	static
../Core/Src/main.c:88:6:set_ADSTART_bit_1	4	static
../Core/Src/main.c:91:6:set_ADSTART_bit_0	4	static
../Core/Src/main.c:94:10:getValueADC	16	static
../Core/Src/main.c:105:6:setValuePD_OUT	24	static
../Core/Src/main.c:112:6:push	32	static
../Core/Src/main.c:126:5:main	8	static
../Core/Src/main.c:172:6:SystemClock_Config	96	static
../Core/Src/main.c:218:13:MX_ADC1_Init	32	static
../Core/Src/main.c:273:13:MX_DAC1_Init	48	static
../Core/Src/main.c:320:13:MX_SPI1_Init	8	static
../Core/Src/main.c:359:13:MX_TIM2_Init	40	static
../Core/Src/main.c:405:13:MX_USART2_UART_Init	8	static
../Core/Src/main.c:438:13:MX_GPIO_Init	40	static
../Core/Src/main.c:480:6:Error_Handler	4	static,ignoring_inline_asm
