09:18:57 **** Incremental Build of configuration Debug for project StaticIndication ****
make -j16 all 
arm-none-eabi-gcc "../Core/Src/lcd_static.c" -mcpu=cortex-m4 -std=gnu11 -g3 -DDEBUG -DUSE_HAL_DRIVER -DSTM32F407xx -c -I../Core/Inc -I../Drivers/STM32F4xx_HAL_Driver/Inc -I../Drivers/STM32F4xx_HAL_Driver/Inc/Legacy -I../Drivers/CMSIS/Device/ST/STM32F4xx/Include -I../Drivers/CMSIS/Include -O0 -ffunction-sections -fdata-sections -Wall -fstack-usage -fcyclomatic-complexity -MMD -MP -MF"Core/Src/lcd_static.d" -MT"Core/Src/lcd_static.o" --specs=nano.specs -mfpu=fpv4-sp-d16 -mfloat-abi=hard -mthumb -o "Core/Src/lcd_static.o"
arm-none-eabi-gcc -o "StaticIndication.elf" @"objects.list"   -mcpu=cortex-m4 -T"C:\Users\d.kunicin\NewProject\StaticIndication\STM32F407VGTX_FLASH.ld" --specs=nosys.specs -Wl,-Map="StaticIndication.map" -Wl,--gc-sections -static --specs=nano.specs -mfpu=fpv4-sp-d16 -mfloat-abi=hard -mthumb -Wl,--start-group -lc -lm -Wl,--end-group
Finished building target: StaticIndication.elf
 
arm-none-eabi-size   StaticIndication.elf 
arm-none-eabi-objdump -h -S  StaticIndication.elf  > "StaticIndication.list"
   text	   data	    bss	    dec	    hex	filename
   6732	     20	   1572	   8324	   2084	StaticIndication.elf
Finished building: default.size.stdout
 
Finished building: StaticIndication.list
 
09:19:02 **** Incremental Build of configuration Debug for project StaticIndication ****
make -j16 all 
arm-none-eabi-size   StaticIndication.elf 
   text	   data	    bss	    dec	    hex	filename
   6732	     20	   1572	   8324	   2084	StaticIndication.elf
Finished building: default.size.stdout
 
